Component: Arm Compiler for Embedded 6.19 Tool: armlink [5e73cb00]

==============================================================================

Section Cross References

    main.o(.text.main) refers to main.o(.text.LL_APB2_GRP1_EnableClock) for LL_APB2_GRP1_EnableClock
    main.o(.text.main) refers to main.o(.text.LL_APB1_GRP1_EnableClock) for LL_APB1_GRP1_EnableClock
    main.o(.text.main) refers to main.o(.text.__NVIC_SetPriorityGrouping) for __NVIC_SetPriorityGrouping
    main.o(.text.main) refers to main.o(.text.__NVIC_GetPriorityGrouping) for __NVIC_GetPriorityGrouping
    main.o(.text.main) refers to main.o(.text.NVIC_EncodePriority) for NVIC_EncodePriority
    main.o(.text.main) refers to main.o(.text.__NVIC_SetPriority) for __NVIC_SetPriority
    main.o(.text.main) refers to main.o(.text.LL_GPIO_AF_Remap_SWJ_NOJTAG) for LL_GPIO_AF_Remap_SWJ_NOJTAG
    main.o(.text.main) refers to main.o(.text.SystemClock_Config) for SystemClock_Config
    main.o(.text.main) refers to gpio.o(.text.MX_GPIO_Init) for MX_GPIO_Init
    main.o(.text.main) refers to spi.o(.text.MX_SPI1_Init) for MX_SPI1_Init
    main.o(.text.main) refers to tim.o(.text.MX_TIM1_Init) for MX_TIM1_Init
    main.o(.text.main) refers to tim.o(.text.MX_TIM3_Init) for MX_TIM3_Init
    main.o(.text.main) refers to tim.o(.text.MX_TIM2_Init) for MX_TIM2_Init
    main.o(.text.main) refers to ssd1322_api.o(.text.SSD1322_API_init) for SSD1322_API_init
    main.o(.text.main) refers to ssd1322_gfx.o(.text.set_buffer_size) for set_buffer_size
    main.o(.text.main) refers to ssd1322_gfx.o(.text.fill_buffer) for fill_buffer
    main.o(.text.main) refers to stm32f1xx_ll_utils.o(.text.LL_mDelay) for LL_mDelay
    main.o(.text.main) refers to ssd1322_gfx.o(.text.draw_pixel) for draw_pixel
    main.o(.text.main) refers to ssd1322_gfx.o(.text.send_buffer_to_OLED) for send_buffer_to_OLED
    main.o(.text.main) refers to ssd1322_gfx.o(.text.draw_hline) for draw_hline
    main.o(.text.main) refers to ssd1322_gfx.o(.text.draw_vline) for draw_vline
    main.o(.ARM.exidx.text.main) refers to main.o(.text.main) for [Anonymous Symbol]
    main.o(.ARM.exidx.text.LL_APB2_GRP1_EnableClock) refers to main.o(.text.LL_APB2_GRP1_EnableClock) for [Anonymous Symbol]
    main.o(.ARM.exidx.text.LL_APB1_GRP1_EnableClock) refers to main.o(.text.LL_APB1_GRP1_EnableClock) for [Anonymous Symbol]
    main.o(.ARM.exidx.text.__NVIC_SetPriorityGrouping) refers to main.o(.text.__NVIC_SetPriorityGrouping) for [Anonymous Symbol]
    main.o(.ARM.exidx.text.__NVIC_SetPriority) refers to main.o(.text.__NVIC_SetPriority) for [Anonymous Symbol]
    main.o(.ARM.exidx.text.NVIC_EncodePriority) refers to main.o(.text.NVIC_EncodePriority) for [Anonymous Symbol]
    main.o(.ARM.exidx.text.__NVIC_GetPriorityGrouping) refers to main.o(.text.__NVIC_GetPriorityGrouping) for [Anonymous Symbol]
    main.o(.ARM.exidx.text.LL_GPIO_AF_Remap_SWJ_NOJTAG) refers to main.o(.text.LL_GPIO_AF_Remap_SWJ_NOJTAG) for [Anonymous Symbol]
    main.o(.text.SystemClock_Config) refers to main.o(.text.LL_FLASH_SetLatency) for LL_FLASH_SetLatency
    main.o(.text.SystemClock_Config) refers to main.o(.text.LL_FLASH_GetLatency) for LL_FLASH_GetLatency
    main.o(.text.SystemClock_Config) refers to main.o(.text.LL_RCC_HSE_Enable) for LL_RCC_HSE_Enable
    main.o(.text.SystemClock_Config) refers to main.o(.text.LL_RCC_HSE_IsReady) for LL_RCC_HSE_IsReady
    main.o(.text.SystemClock_Config) refers to main.o(.text.LL_RCC_PLL_ConfigDomain_SYS) for LL_RCC_PLL_ConfigDomain_SYS
    main.o(.text.SystemClock_Config) refers to main.o(.text.LL_RCC_PLL_Enable) for LL_RCC_PLL_Enable
    main.o(.text.SystemClock_Config) refers to main.o(.text.LL_RCC_PLL_IsReady) for LL_RCC_PLL_IsReady
    main.o(.text.SystemClock_Config) refers to main.o(.text.LL_RCC_SetAHBPrescaler) for LL_RCC_SetAHBPrescaler
    main.o(.text.SystemClock_Config) refers to main.o(.text.LL_RCC_SetAPB1Prescaler) for LL_RCC_SetAPB1Prescaler
    main.o(.text.SystemClock_Config) refers to main.o(.text.LL_RCC_SetAPB2Prescaler) for LL_RCC_SetAPB2Prescaler
    main.o(.text.SystemClock_Config) refers to main.o(.text.LL_RCC_SetSysClkSource) for LL_RCC_SetSysClkSource
    main.o(.text.SystemClock_Config) refers to main.o(.text.LL_RCC_GetSysClkSource) for LL_RCC_GetSysClkSource
    main.o(.text.SystemClock_Config) refers to stm32f1xx_ll_utils.o(.text.LL_Init1msTick) for LL_Init1msTick
    main.o(.text.SystemClock_Config) refers to stm32f1xx_ll_utils.o(.text.LL_SetSystemCoreClock) for LL_SetSystemCoreClock
    main.o(.ARM.exidx.text.SystemClock_Config) refers to main.o(.text.SystemClock_Config) for [Anonymous Symbol]
    main.o(.ARM.exidx.text.LL_FLASH_SetLatency) refers to main.o(.text.LL_FLASH_SetLatency) for [Anonymous Symbol]
    main.o(.ARM.exidx.text.LL_FLASH_GetLatency) refers to main.o(.text.LL_FLASH_GetLatency) for [Anonymous Symbol]
    main.o(.ARM.exidx.text.LL_RCC_HSE_Enable) refers to main.o(.text.LL_RCC_HSE_Enable) for [Anonymous Symbol]
[...]
    SSD1322_GFX.c                            0x00000000   Number         0  ssd1322_gfx.o ABSOLUTE
    SSD1322_HW_Driver.c                      0x00000000   Number         0  ssd1322_hw_driver.o ABSOLUTE
    ST7565.c                                 0x00000000   Number         0  st7565.o ABSOLUTE
    Spfunc.c                                 0x00000000   Number         0  spfunc.o ABSOLUTE
    bitmap.c                                 0x00000000   Number         0  bitmap.o ABSOLUTE
    coef.c                                   0x00000000   Number         0  coef.o ABSOLUTE
    dc.s                                     0x00000000   Number         0  dc.o ABSOLUTE
    eventController.c                        0x00000000   Number         0  eventcontroller.o ABSOLUTE
    fonts.c                                  0x00000000   Number         0  fonts.o ABSOLUTE
    gpio.c                                   0x00000000   Number         0  gpio.o ABSOLUTE
    items.c                                  0x00000000   Number         0  items.o ABSOLUTE
    layout.c                                 0x00000000   Number         0  layout.o ABSOLUTE
    main.c                                   0x00000000   Number         0  main.o ABSOLUTE
    mainFrame.c                              0x00000000   Number         0  mainframe.o ABSOLUTE
    spi.c                                    0x00000000   Number         0  spi.o ABSOLUTE
    stm32f1xx_it.c                           0x00000000   Number         0  stm32f1xx_it.o ABSOLUTE
    stm32f1xx_ll_dma.c                       0x00000000   Number         0  stm32f1xx_ll_dma.o ABSOLUTE
    stm32f1xx_ll_exti.c                      0x00000000   Number         0  stm32f1xx_ll_exti.o ABSOLUTE
    stm32f1xx_ll_gpio.c                      0x00000000   Number         0  stm32f1xx_ll_gpio.o ABSOLUTE
    stm32f1xx_ll_pwr.c                       0x00000000   Number         0  stm32f1xx_ll_pwr.o ABSOLUTE
    stm32f1xx_ll_rcc.c                       0x00000000   Number         0  stm32f1xx_ll_rcc.o ABSOLUTE
    stm32f1xx_ll_spi.c                       0x00000000   Number         0  stm32f1xx_ll_spi.o ABSOLUTE
    stm32f1xx_ll_tim.c                       0x00000000   Number         0  stm32f1xx_ll_tim.o ABSOLUTE
    stm32f1xx_ll_utils.c                     0x00000000   Number         0  stm32f1xx_ll_utils.o ABSOLUTE
    system_stm32f1xx.c                       0x00000000   Number         0  system_stm32f1xx.o ABSOLUTE
    tim.c                                    0x00000000   Number         0  tim.o ABSOLUTE
    timer.c                                  0x00000000   Number         0  timer.o ABSOLUTE
    widgets.c                                0x00000000   Number         0  widgets.o ABSOLUTE
    RESET                                    0x08000000   Section      304  startup_stm32f10x_hd.o(RESET)
    !!!main                                  0x08000130   Section        8  __main.o(!!!main)
    !!!scatter                               0x08000138   Section       52  __scatter.o(!!!scatter)
    !!handler_copy                           0x0800016c   Section       26  __scatter_copy.o(!!handler_copy)
    !!handler_zi                             0x08000188   Section       28  __scatter_zi.o(!!handler_zi)
    .ARM.Collect$$libinit$$00000000          0x080001a4   Section        2  libinit.o(.ARM.Collect$$libinit$$00000000)
    .ARM.Collect$$libinit$$00000002          0x080001a6   Section        0  libinit2.o(.ARM.Collect$$libinit$$00000002)
    .ARM.Collect$$libinit$$00000004          0x080001a6   Section        0  libinit2.o(.ARM.Collect$$libinit$$00000004)
    .ARM.Collect$$libinit$$00000006          0x080001a6   Section        0  libinit2.o(.ARM.Collect$$libinit$$00000006)
    .ARM.Collect$$libinit$$0000000C          0x080001a6   Section        0  libinit2.o(.ARM.Collect$$libinit$$0000000C)
    .ARM.Collect$$libinit$$0000000E          0x080001a6   Section        0  libinit2.o(.ARM.Collect$$libinit$$0000000E)
    .ARM.Collect$$libinit$$00000010          0x080001a6   Section        0  libinit2.o(.ARM.Collect$$libinit$$00000010)
    .ARM.Collect$$libinit$$00000013          0x080001a6   Section        0  libinit2.o(.ARM.Collect$$libinit$$00000013)
    .ARM.Collect$$libinit$$00000015          0x080001a6   Section        0  libinit2.o(.ARM.Collect$$libinit$$00000015)
    .ARM.Collect$$libinit$$00000017          0x080001a6   Section        0  libinit2.o(.ARM.Collect$$libinit$$00000017)
    .ARM.Collect$$libinit$$00000019          0x080001a6   Section        0  libinit2.o(.ARM.Collect$$libinit$$00000019)
    .ARM.Collect$$libinit$$0000001B          0x080001a6   Section        0  libinit2.o(.ARM.Collect$$libinit$$0000001B)
    .ARM.Collect$$libinit$$0000001D          0x080001a6   Section        0  libinit2.o(.ARM.Collect$$libinit$$0000001D)
    .ARM.Collect$$libinit$$0000001F          0x080001a6   Section        0  libinit2.o(.ARM.Collect$$libinit$$0000001F)
    .ARM.Collect$$libinit$$00000021          0x080001a6   Section        0  libinit2.o(.ARM.Collect$$libinit$$00000021)
    .ARM.Collect$$libinit$$00000023          0x080001a6   Section        0  libinit2.o(.ARM.Collect$$libinit$$00000023)
    .ARM.Collect$$libinit$$00000025          0x080001a6   Section        0  libinit2.o(.ARM.Collect$$libinit$$00000025)
    .ARM.Collect$$libinit$$00000027          0x080001a6   Section        0  libinit2.o(.ARM.Collect$$libinit$$00000027)
    .ARM.Collect$$libinit$$0000002E          0x080001a6   Section        0  libinit2.o(.ARM.Collect$$libinit$$0000002E)
    .ARM.Collect$$libinit$$00000030          0x080001a6   Section        0  libinit2.o(.ARM.Collect$$libinit$$00000030)
    .ARM.Collect$$libinit$$00000032          0x080001a6   Section        0  libinit2.o(.ARM.Collect$$libinit$$00000032)
    .ARM.Collect$$libinit$$00000034          0x080001a6   Section        0  libinit2.o(.ARM.Collect$$libinit$$00000034)
    .ARM.Collect$$libinit$$00000035          0x080001a6   Section        2  libinit2.o(.ARM.Collect$$libinit$$00000035)
    .ARM.Collect$$libshutdown$$00000000      0x080001a8   Section        2  libshutdown.o(.ARM.Collect$$libshutdown$$00000000)
    .ARM.Collect$$libshutdown$$00000002      0x080001aa   Section        0  libshutdown2.o(.ARM.Collect$$libshutdown$$00000002)
    .ARM.Collect$$libshutdown$$00000004      0x080001aa   Section        0  libshutdown2.o(.ARM.Collect$$libshutdown$$00000004)
    .ARM.Collect$$libshutdown$$00000007      0x080001aa   Section        0  libshutdown2.o(.ARM.Collect$$libshutdown$$00000007)
    .ARM.Collect$$libshutdown$$0000000A      0x080001aa   Section        0  libshutdown2.o(.ARM.Collect$$libshutdown$$0000000A)
    .ARM.Collect$$libshutdown$$0000000C      0x080001aa   Section        0  libshutdown2.o(.ARM.Collect$$libshutdown$$0000000C)
    .ARM.Collect$$libshutdown$$0000000F      0x080001aa   Section        0  libshutdown2.o(.ARM.Collect$$libshutdown$$0000000F)
    .ARM.Collect$$libshutdown$$00000010      0x080001aa   Section        2  libshutdown2.o(.ARM.Collect$$libshutdown$$00000010)
    .ARM.Collect$$rtentry$$00000000          0x080001ac   Section        0  __rtentry.o(.ARM.Collect$$rtentry$$00000000)
    .ARM.Collect$$rtentry$$00000002          0x080001ac   Section        0  __rtentry2.o(.ARM.Collect$$rtentry$$00000002)
    .ARM.Collect$$rtentry$$00000004          0x080001ac   Section        6  __rtentry4.o(.ARM.Collect$$rtentry$$00000004)
    .ARM.Collect$$rtentry$$00000009          0x080001b2   Section        0  __rtentry2.o(.ARM.Collect$$rtentry$$00000009)
    .ARM.Collect$$rtentry$$0000000A          0x080001b2   Section        4  __rtentry2.o(.ARM.Collect$$rtentry$$0000000A)
    .ARM.Collect$$rtentry$$0000000C          0x080001b6   Section        0  __rtentry2.o(.ARM.Collect$$rtentry$$0000000C)
    .ARM.Collect$$rtentry$$0000000D          0x080001b6   Section        8  __rtentry2.o(.ARM.Collect$$rtentry$$0000000D)
    .ARM.Collect$$rtexit$$00000000           0x080001be   Section        2  rtexit.o(.ARM.Collect$$rtexit$$00000000)
    .ARM.Collect$$rtexit$$00000002           0x080001c0   Section        0  rtexit2.o(.ARM.Collect$$rtexit$$00000002)
    .ARM.Collect$$rtexit$$00000003           0x080001c0   Section        4  rtexit2.o(.ARM.Collect$$rtexit$$00000003)
    .ARM.Collect$$rtexit$$00000004           0x080001c4   Section        6  rtexit2.o(.ARM.Collect$$rtexit$$00000004)
    .text                                    0x080001cc   Section       64  startup_stm32f10x_hd.o(.text)
    .text                                    0x0800020c   Section       78  rt_memclr_w.o(.text)
    .text                                    0x0800025a   Section        0  heapauxi.o(.text)
    .text                                    0x08000260   Section       74  sys_stackheap_outer.o(.text)
    .text                                    0x080002aa   Section        0  exit.o(.text)
    .text                                    0x080002bc   Section        8  libspace.o(.text)
    .text                                    0x080002c4   Section        0  sys_exit.o(.text)
    .text                                    0x080002d0   Section        2  use_no_semi.o(.text)
    .text                                    0x080002d2   Section        0  indicate_semi.o(.text)
    [Anonymous Symbol]                       0x080002d4   Section        0  stm32f1xx_it.o(.text.BusFault_Handler)
    [Anonymous Symbol]                       0x080002d8   Section        0  stm32f1xx_it.o(.text.DebugMon_Handler)
    [Anonymous Symbol]                       0x080002dc   Section        0  stm32f1xx_it.o(.text.EXTI0_IRQHandler)
    [Anonymous Symbol]                       0x08000334   Section        0  stm32f1xx_it.o(.text.EXTI15_10_IRQHandler)
    [Anonymous Symbol]                       0x08000408   Section        0  stm32f1xx_it.o(.text.EXTI1_IRQHandler)
    [Anonymous Symbol]                       0x08000460   Section        0  stm32f1xx_it.o(.text.EXTI2_IRQHandler)
    [Anonymous Symbol]                       0x080004b4   Section        0  stm32f1xx_it.o(.text.HardFault_Handler)
    LL_APB1_GRP1_EnableClock                 0x080004b9   Thumb Code    34  main.o(.text.LL_APB1_GRP1_EnableClock)
    [Anonymous Symbol]                       0x080004b8   Section        0  main.o(.text.LL_APB1_GRP1_EnableClock)
    LL_APB1_GRP1_EnableClock                 0x080004dd   Thumb Code    34  tim.o(.text.LL_APB1_GRP1_EnableClock)
    [Anonymous Symbol]                       0x080004dc   Section        0  tim.o(.text.LL_APB1_GRP1_EnableClock)
    LL_APB2_GRP1_EnableClock                 0x08000501   Thumb Code    34  main.o(.text.LL_APB2_GRP1_EnableClock)
    [Anonymous Symbol]                       0x08000500   Section        0  main.o(.text.LL_APB2_GRP1_EnableClock)
    LL_APB2_GRP1_EnableClock                 0x08000525   Thumb Code    34  gpio.o(.text.LL_APB2_GRP1_EnableClock)
    [Anonymous Symbol]                       0x08000524   Section        0  gpio.o(.text.LL_APB2_GRP1_EnableClock)
    LL_APB2_GRP1_EnableClock                 0x08000549   Thumb Code    34  spi.o(.text.LL_APB2_GRP1_EnableClock)
    [Anonymous Symbol]                       0x08000548   Section        0  spi.o(.text.LL_APB2_GRP1_EnableClock)
    LL_APB2_GRP1_EnableClock                 0x0800056d   Thumb Code    34  tim.o(.text.LL_APB2_GRP1_EnableClock)
    [Anonymous Symbol]                       0x0800056c   Section        0  tim.o(.text.LL_APB2_GRP1_EnableClock)
    LL_EXTI_ClearFlag_0_31                   0x08000591   Thumb Code    20  stm32f1xx_it.o(.text.LL_EXTI_ClearFlag_0_31)
    [Anonymous Symbol]                       0x08000590   Section        0  stm32f1xx_it.o(.text.LL_EXTI_ClearFlag_0_31)
    LL_EXTI_DisableEvent_0_31                0x080005a5   Thumb Code    24  stm32f1xx_ll_exti.o(.text.LL_EXTI_DisableEvent_0_31)
    [Anonymous Symbol]                       0x080005a4   Section        0  stm32f1xx_ll_exti.o(.text.LL_EXTI_DisableEvent_0_31)
    LL_EXTI_DisableFallingTrig_0_31          0x080005bd   Thumb Code    24  stm32f1xx_ll_exti.o(.text.LL_EXTI_DisableFallingTrig_0_31)
    [Anonymous Symbol]                       0x080005bc   Section        0  stm32f1xx_ll_exti.o(.text.LL_EXTI_DisableFallingTrig_0_31)
    LL_EXTI_DisableIT_0_31                   0x080005d5   Thumb Code    24  stm32f1xx_ll_exti.o(.text.LL_EXTI_DisableIT_0_31)
    [Anonymous Symbol]                       0x080005d4   Section        0  stm32f1xx_ll_exti.o(.text.LL_EXTI_DisableIT_0_31)
    LL_EXTI_DisableRisingTrig_0_31           0x080005ed   Thumb Code    24  stm32f1xx_ll_exti.o(.text.LL_EXTI_DisableRisingTrig_0_31)
    [Anonymous Symbol]                       0x080005ec   Section        0  stm32f1xx_ll_exti.o(.text.LL_EXTI_DisableRisingTrig_0_31)
    LL_EXTI_EnableEvent_0_31                 0x08000605   Thumb Code    24  stm32f1xx_ll_exti.o(.text.LL_EXTI_EnableEvent_0_31)
    [Anonymous Symbol]                       0x08000604   Section        0  stm32f1xx_ll_exti.o(.text.LL_EXTI_EnableEvent_0_31)
    LL_EXTI_EnableFallingTrig_0_31           0x0800061d   Thumb Code    24  stm32f1xx_ll_exti.o(.text.LL_EXTI_EnableFallingTrig_0_31)
    [Anonymous Symbol]                       0x0800061c   Section        0  stm32f1xx_ll_exti.o(.text.LL_EXTI_EnableFallingTrig_0_31)
    LL_EXTI_EnableIT_0_31                    0x08000635   Thumb Code    24  stm32f1xx_ll_exti.o(.text.LL_EXTI_EnableIT_0_31)
    [Anonymous Symbol]                       0x08000634   Section        0  stm32f1xx_ll_exti.o(.text.LL_EXTI_EnableIT_0_31)
    LL_EXTI_EnableRisingTrig_0_31            0x0800064d   Thumb Code    24  stm32f1xx_ll_exti.o(.text.LL_EXTI_EnableRisingTrig_0_31)
    [Anonymous Symbol]                       0x0800064c   Section        0  stm32f1xx_ll_exti.o(.text.LL_EXTI_EnableRisingTrig_0_31)
    [Anonymous Symbol]                       0x08000664   Section        0  stm32f1xx_ll_exti.o(.text.LL_EXTI_Init)
    LL_EXTI_IsActiveFlag_0_31                0x08000765   Thumb Code    30  stm32f1xx_it.o(.text.LL_EXTI_IsActiveFlag_0_31)
    [Anonymous Symbol]                       0x08000764   Section        0  stm32f1xx_it.o(.text.LL_EXTI_IsActiveFlag_0_31)
    LL_FLASH_GetLatency                      0x08000785   Thumb Code    16  main.o(.text.LL_FLASH_GetLatency)
    [Anonymous Symbol]                       0x08000784   Section        0  main.o(.text.LL_FLASH_GetLatency)
    LL_FLASH_SetLatency                      0x08000795   Thumb Code    28  main.o(.text.LL_FLASH_SetLatency)
    [Anonymous Symbol]                       0x08000794   Section        0  main.o(.text.LL_FLASH_SetLatency)
    LL_GPIO_AF_EnableRemap_TIM3              0x080007b1   Thumb Code    22  tim.o(.text.LL_GPIO_AF_EnableRemap_TIM3)
    [Anonymous Symbol]                       0x080007b0   Section        0  tim.o(.text.LL_GPIO_AF_EnableRemap_TIM3)
    LL_GPIO_AF_Remap_SWJ_NOJTAG              0x080007c9   Thumb Code    18  main.o(.text.LL_GPIO_AF_Remap_SWJ_NOJTAG)
    [Anonymous Symbol]                       0x080007c8   Section        0  main.o(.text.LL_GPIO_AF_Remap_SWJ_NOJTAG)
    LL_GPIO_AF_SetEXTISource                 0x080007dd   Thumb Code    56  gpio.o(.text.LL_GPIO_AF_SetEXTISource)
    [Anonymous Symbol]                       0x080007dc   Section        0  gpio.o(.text.LL_GPIO_AF_SetEXTISource)
    [Anonymous Symbol]                       0x08000814   Section        0  stm32f1xx_ll_gpio.o(.text.LL_GPIO_Init)
    LL_GPIO_IsInputPinSet                    0x080008d9   Thumb Code    28  stm32f1xx_it.o(.text.LL_GPIO_IsInputPinSet)
    [Anonymous Symbol]                       0x080008d8   Section        0  stm32f1xx_it.o(.text.LL_GPIO_IsInputPinSet)
    LL_GPIO_ResetOutputPin                   0x080008f5   Thumb Code    18  gpio.o(.text.LL_GPIO_ResetOutputPin)
    [Anonymous Symbol]                       0x080008f4   Section        0  gpio.o(.text.LL_GPIO_ResetOutputPin)
    LL_GPIO_ResetOutputPin                   0x08000909   Thumb Code    18  ssd1322_hw_driver.o(.text.LL_GPIO_ResetOutputPin)
    [Anonymous Symbol]                       0x08000908   Section        0  ssd1322_hw_driver.o(.text.LL_GPIO_ResetOutputPin)
    LL_GPIO_SetOutputPin                     0x0800091d   Thumb Code    18  ssd1322_hw_driver.o(.text.LL_GPIO_SetOutputPin)
    [Anonymous Symbol]                       0x0800091c   Section        0  ssd1322_hw_driver.o(.text.LL_GPIO_SetOutputPin)
    LL_GPIO_SetPinMode                       0x08000931   Thumb Code    52  gpio.o(.text.LL_GPIO_SetPinMode)
    [Anonymous Symbol]                       0x08000930   Section        0  gpio.o(.text.LL_GPIO_SetPinMode)
    LL_GPIO_SetPinMode                       0x08000965   Thumb Code    52  stm32f1xx_ll_gpio.o(.text.LL_GPIO_SetPinMode)
    [Anonymous Symbol]                       0x08000964   Section        0  stm32f1xx_ll_gpio.o(.text.LL_GPIO_SetPinMode)
    LL_GPIO_SetPinOutputType                 0x08000999   Thumb Code    52  stm32f1xx_ll_gpio.o(.text.LL_GPIO_SetPinOutputType)
    [Anonymous Symbol]                       0x08000998   Section        0  stm32f1xx_ll_gpio.o(.text.LL_GPIO_SetPinOutputType)
    LL_GPIO_SetPinPull                       0x080009cd   Thumb Code    42  gpio.o(.text.LL_GPIO_SetPinPull)
    [Anonymous Symbol]                       0x080009cc   Section        0  gpio.o(.text.LL_GPIO_SetPinPull)
    LL_GPIO_SetPinPull                       0x080009f9   Thumb Code    42  stm32f1xx_ll_gpio.o(.text.LL_GPIO_SetPinPull)
    [Anonymous Symbol]                       0x080009f8   Section        0  stm32f1xx_ll_gpio.o(.text.LL_GPIO_SetPinPull)
    LL_GPIO_SetPinSpeed                      0x08000a25   Thumb Code    52  stm32f1xx_ll_gpio.o(.text.LL_GPIO_SetPinSpeed)
    [Anonymous Symbol]                       0x08000a24   Section        0  stm32f1xx_ll_gpio.o(.text.LL_GPIO_SetPinSpeed)
    [Anonymous Symbol]                       0x08000a58   Section        0  stm32f1xx_ll_utils.o(.text.LL_Init1msTick)
    LL_InitTick                              0x08000a6d   Thumb Code    54  stm32f1xx_ll_utils.o(.text.LL_InitTick)
    [Anonymous Symbol]                       0x08000a6c   Section        0  stm32f1xx_ll_utils.o(.text.LL_InitTick)
    LL_RCC_GetSysClkSource                   0x08000aa5   Thumb Code    16  main.o(.text.LL_RCC_GetSysClkSource)
    [Anonymous Symbol]                       0x08000aa4   Section        0  main.o(.text.LL_RCC_GetSysClkSource)
    LL_RCC_HSE_Enable                        0x08000ab5   Thumb Code    18  main.o(.text.LL_RCC_HSE_Enable)
    [Anonymous Symbol]                       0x08000ab4   Section        0  main.o(.text.LL_RCC_HSE_Enable)
    LL_RCC_HSE_IsReady                       0x08000ac9   Thumb Code    16  main.o(.text.LL_RCC_HSE_IsReady)
    [Anonymous Symbol]                       0x08000ac8   Section        0  main.o(.text.LL_RCC_HSE_IsReady)
    LL_RCC_PLL_ConfigDomain_SYS              0x08000ad9   Thumb Code    38  main.o(.text.LL_RCC_PLL_ConfigDomain_SYS)
    [Anonymous Symbol]                       0x08000ad8   Section        0  main.o(.text.LL_RCC_PLL_ConfigDomain_SYS)
    LL_RCC_PLL_Enable                        0x08000b01   Thumb Code    18  main.o(.text.LL_RCC_PLL_Enable)
    [Anonymous Symbol]                       0x08000b00   Section        0  main.o(.text.LL_RCC_PLL_Enable)
    LL_RCC_PLL_IsReady                       0x08000b15   Thumb Code    16  main.o(.text.LL_RCC_PLL_IsReady)
    [Anonymous Symbol]                       0x08000b14   Section        0  main.o(.text.LL_RCC_PLL_IsReady)
    LL_RCC_SetAHBPrescaler                   0x08000b25   Thumb Code    28  main.o(.text.LL_RCC_SetAHBPrescaler)
    [Anonymous Symbol]                       0x08000b24   Section        0  main.o(.text.LL_RCC_SetAHBPrescaler)
    LL_RCC_SetAPB1Prescaler                  0x08000b41   Thumb Code    28  main.o(.text.LL_RCC_SetAPB1Prescaler)
    [Anonymous Symbol]                       0x08000b40   Section        0  main.o(.text.LL_RCC_SetAPB1Prescaler)
    LL_RCC_SetAPB2Prescaler                  0x08000b5d   Thumb Code    28  main.o(.text.LL_RCC_SetAPB2Prescaler)
    [Anonymous Symbol]                       0x08000b5c   Section        0  main.o(.text.LL_RCC_SetAPB2Prescaler)
    LL_RCC_SetSysClkSource                   0x08000b79   Thumb Code    28  main.o(.text.LL_RCC_SetSysClkSource)
    [Anonymous Symbol]                       0x08000b78   Section        0  main.o(.text.LL_RCC_SetSysClkSource)
    LL_SPI_Enable                            0x08000b95   Thumb Code    18  spi.o(.text.LL_SPI_Enable)
    [Anonymous Symbol]                       0x08000b94   Section        0  spi.o(.text.LL_SPI_Enable)
    [Anonymous Symbol]                       0x08000ba8   Section        0  stm32f1xx_ll_spi.o(.text.LL_SPI_Init)
    LL_SPI_IsEnabled                         0x08000c45   Thumb Code    16  stm32f1xx_ll_spi.o(.text.LL_SPI_IsEnabled)
    [Anonymous Symbol]                       0x08000c44   Section        0  stm32f1xx_ll_spi.o(.text.LL_SPI_IsEnabled)
    LL_SPI_SetCRCPolynomial                  0x08000c55   Thumb Code    18  stm32f1xx_ll_spi.o(.text.LL_SPI_SetCRCPolynomial)
    [Anonymous Symbol]                       0x08000c54   Section        0  stm32f1xx_ll_spi.o(.text.LL_SPI_SetCRCPolynomial)
    LL_SPI_TransmitData8                     0x08000c69   Thumb Code    26  ssd1322_hw_driver.o(.text.LL_SPI_TransmitData8)
    [Anonymous Symbol]                       0x08000c68   Section        0  ssd1322_hw_driver.o(.text.LL_SPI_TransmitData8)
    [Anonymous Symbol]                       0x08000c84   Section        0  stm32f1xx_ll_utils.o(.text.LL_SetSystemCoreClock)
    LL_TIM_CC_EnableChannel                  0x08000c99   Thumb Code    20  tim.o(.text.LL_TIM_CC_EnableChannel)
    [Anonymous Symbol]                       0x08000c98   Section        0  tim.o(.text.LL_TIM_CC_EnableChannel)
    LL_TIM_ClearFlag_CC1                     0x08000cad   Thumb Code    16  stm32f1xx_it.o(.text.LL_TIM_ClearFlag_CC1)
    [Anonymous Symbol]                       0x08000cac   Section        0  stm32f1xx_it.o(.text.LL_TIM_ClearFlag_CC1)
    LL_TIM_ClearFlag_UPDATE                  0x08000cbd   Thumb Code    16  tim.o(.text.LL_TIM_ClearFlag_UPDATE)
    [Anonymous Symbol]                       0x08000cbc   Section        0  tim.o(.text.LL_TIM_ClearFlag_UPDATE)
    LL_TIM_ClearFlag_UPDATE                  0x08000ccd   Thumb Code    16  stm32f1xx_it.o(.text.LL_TIM_ClearFlag_UPDATE)
    [Anonymous Symbol]                       0x08000ccc   Section        0  stm32f1xx_it.o(.text.LL_TIM_ClearFlag_UPDATE)
    LL_TIM_DisableARRPreload                 0x08000cdd   Thumb Code    18  tim.o(.text.LL_TIM_DisableARRPreload)
    [Anonymous Symbol]                       0x08000cdc   Section        0  tim.o(.text.LL_TIM_DisableARRPreload)
    LL_TIM_DisableMasterSlaveMode            0x08000cf1   Thumb Code    18  tim.o(.text.LL_TIM_DisableMasterSlaveMode)
    [Anonymous Symbol]                       0x08000cf0   Section        0  tim.o(.text.LL_TIM_DisableMasterSlaveMode)
    LL_TIM_EnableARRPreload                  0x08000d05   Thumb Code    18  tim.o(.text.LL_TIM_EnableARRPreload)
    [Anonymous Symbol]                       0x08000d04   Section        0  tim.o(.text.LL_TIM_EnableARRPreload)
    LL_TIM_EnableAllOutputs                  0x08000d19   Thumb Code    18  tim.o(.text.LL_TIM_EnableAllOutputs)
    [Anonymous Symbol]                       0x08000d18   Section        0  tim.o(.text.LL_TIM_EnableAllOutputs)
    LL_TIM_EnableCounter                     0x08000d2d   Thumb Code    18  tim.o(.text.LL_TIM_EnableCounter)
    [Anonymous Symbol]                       0x08000d2c   Section        0  tim.o(.text.LL_TIM_EnableCounter)
    LL_TIM_EnableIT_CC1                      0x08000d41   Thumb Code    18  tim.o(.text.LL_TIM_EnableIT_CC1)
    [Anonymous Symbol]                       0x08000d40   Section        0  tim.o(.text.LL_TIM_EnableIT_CC1)
    LL_TIM_EnableIT_UPDATE                   0x08000d55   Thumb Code    18  tim.o(.text.LL_TIM_EnableIT_UPDATE)
    [Anonymous Symbol]                       0x08000d54   Section        0  tim.o(.text.LL_TIM_EnableIT_UPDATE)
    LL_TIM_GenerateEvent_UPDATE              0x08000d69   Thumb Code    18  stm32f1xx_ll_tim.o(.text.LL_TIM_GenerateEvent_UPDATE)
    [Anonymous Symbol]                       0x08000d68   Section        0  stm32f1xx_ll_tim.o(.text.LL_TIM_GenerateEvent_UPDATE)
    LL_TIM_IC_GetCaptureCH1                  0x08000d7d   Thumb Code    12  stm32f1xx_it.o(.text.LL_TIM_IC_GetCaptureCH1)
    [Anonymous Symbol]                       0x08000d7c   Section        0  stm32f1xx_it.o(.text.LL_TIM_IC_GetCaptureCH1)
    LL_TIM_IC_SetActiveInput                 0x08000d89   Thumb Code   188  tim.o(.text.LL_TIM_IC_SetActiveInput)
    [Anonymous Symbol]                       0x08000d88   Section        0  tim.o(.text.LL_TIM_IC_SetActiveInput)
    LL_TIM_IC_SetFilter                      0x08000e45   Thumb Code   188  tim.o(.text.LL_TIM_IC_SetFilter)
    [Anonymous Symbol]                       0x08000e44   Section        0  tim.o(.text.LL_TIM_IC_SetFilter)
    LL_TIM_IC_SetPolarity                    0x08000f01   Thumb Code   164  tim.o(.text.LL_TIM_IC_SetPolarity)
    [Anonymous Symbol]                       0x08000f00   Section        0  tim.o(.text.LL_TIM_IC_SetPolarity)
    LL_TIM_IC_SetPrescaler                   0x08000fa5   Thumb Code   188  tim.o(.text.LL_TIM_IC_SetPrescaler)
    [Anonymous Symbol]                       0x08000fa4   Section        0  tim.o(.text.LL_TIM_IC_SetPrescaler)
    [Anonymous Symbol]                       0x08001060   Section        0  stm32f1xx_ll_tim.o(.text.LL_TIM_Init)
    LL_TIM_IsActiveFlag_CC1                  0x08001195   Thumb Code    16  stm32f1xx_it.o(.text.LL_TIM_IsActiveFlag_CC1)
    [Anonymous Symbol]                       0x08001194   Section        0  stm32f1xx_it.o(.text.LL_TIM_IsActiveFlag_CC1)
    LL_TIM_OC_DisableFast                    0x080011a5   Thumb Code   178  tim.o(.text.LL_TIM_OC_DisableFast)
    [Anonymous Symbol]                       0x080011a4   Section        0  tim.o(.text.LL_TIM_OC_DisableFast)
    LL_TIM_OC_EnablePreload                  0x08001259   Thumb Code   178  tim.o(.text.LL_TIM_OC_EnablePreload)
    [Anonymous Symbol]                       0x08001258   Section        0  tim.o(.text.LL_TIM_OC_EnablePreload)
    [Anonymous Symbol]                       0x0800130c   Section        0  stm32f1xx_ll_tim.o(.text.LL_TIM_OC_Init)
    LL_TIM_OC_SetCompareCH1                  0x08001385   Thumb Code    16  stm32f1xx_ll_tim.o(.text.LL_TIM_OC_SetCompareCH1)
    [Anonymous Symbol]                       0x08001384   Section        0  stm32f1xx_ll_tim.o(.text.LL_TIM_OC_SetCompareCH1)
    LL_TIM_OC_SetCompareCH2                  0x08001395   Thumb Code    16  stm32f1xx_ll_tim.o(.text.LL_TIM_OC_SetCompareCH2)
    [Anonymous Symbol]                       0x08001394   Section        0  stm32f1xx_ll_tim.o(.text.LL_TIM_OC_SetCompareCH2)
    LL_TIM_OC_SetCompareCH3                  0x080013a5   Thumb Code    16  stm32f1xx_ll_tim.o(.text.LL_TIM_OC_SetCompareCH3)
    [Anonymous Symbol]                       0x080013a4   Section        0  stm32f1xx_ll_tim.o(.text.LL_TIM_OC_SetCompareCH3)
    LL_TIM_OC_SetCompareCH4                  0x080013b5   Thumb Code    16  stm32f1xx_ll_tim.o(.text.LL_TIM_OC_SetCompareCH4)
    [Anonymous Symbol]                       0x080013b4   Section        0  stm32f1xx_ll_tim.o(.text.LL_TIM_OC_SetCompareCH4)
    LL_TIM_SetAutoReload                     0x080013c5   Thumb Code    16  stm32f1xx_ll_tim.o(.text.LL_TIM_SetAutoReload)
    [Anonymous Symbol]                       0x080013c4   Section        0  stm32f1xx_ll_tim.o(.text.LL_TIM_SetAutoReload)
    LL_TIM_SetClockSource                    0x080013d5   Thumb Code    28  tim.o(.text.LL_TIM_SetClockSource)
    [Anonymous Symbol]                       0x080013d4   Section        0  tim.o(.text.LL_TIM_SetClockSource)
    LL_TIM_SetCounter                        0x080013f1   Thumb Code    16  stm32f1xx_it.o(.text.LL_TIM_SetCounter)
    [Anonymous Symbol]                       0x080013f0   Section        0  stm32f1xx_it.o(.text.LL_TIM_SetCounter)
    LL_TIM_SetPrescaler                      0x08001401   Thumb Code    16  stm32f1xx_ll_tim.o(.text.LL_TIM_SetPrescaler)
    [Anonymous Symbol]                       0x08001400   Section        0  stm32f1xx_ll_tim.o(.text.LL_TIM_SetPrescaler)
    LL_TIM_SetRepetitionCounter              0x08001411   Thumb Code    16  stm32f1xx_ll_tim.o(.text.LL_TIM_SetRepetitionCounter)
    [Anonymous Symbol]                       0x08001410   Section        0  stm32f1xx_ll_tim.o(.text.LL_TIM_SetRepetitionCounter)
    LL_TIM_SetTriggerOutput                  0x08001421   Thumb Code    26  tim.o(.text.LL_TIM_SetTriggerOutput)
    [Anonymous Symbol]                       0x08001420   Section        0  tim.o(.text.LL_TIM_SetTriggerOutput)
    [Anonymous Symbol]                       0x0800143c   Section        0  stm32f1xx_ll_utils.o(.text.LL_mDelay)
    [Anonymous Symbol]                       0x08001488   Section        0  gpio.o(.text.MX_GPIO_Init)
    [Anonymous Symbol]                       0x08001718   Section        0  spi.o(.text.MX_SPI1_Init)
    [Anonymous Symbol]                       0x080017bc   Section        0  tim.o(.text.MX_TIM1_Init)
    [Anonymous Symbol]                       0x0800184c   Section        0  tim.o(.text.MX_TIM2_Init)
    [Anonymous Symbol]                       0x08001928   Section        0  tim.o(.text.MX_TIM3_Init)
    [Anonymous Symbol]                       0x08001a04   Section        0  stm32f1xx_it.o(.text.MemManage_Handler)
    [Anonymous Symbol]                       0x08001a08   Section        0  stm32f1xx_it.o(.text.NMI_Handler)
    NVIC_EncodePriority                      0x08001a0d   Thumb Code   108  main.o(.text.NVIC_EncodePriority)
    [Anonymous Symbol]                       0x08001a0c   Section        0  main.o(.text.NVIC_EncodePriority)
    NVIC_EncodePriority                      0x08001a79   Thumb Code   108  gpio.o(.text.NVIC_EncodePriority)
    [Anonymous Symbol]                       0x08001a78   Section        0  gpio.o(.text.NVIC_EncodePriority)
    NVIC_EncodePriority                      0x08001ae5   Thumb Code   108  tim.o(.text.NVIC_EncodePriority)
    [Anonymous Symbol]                       0x08001ae4   Section        0  tim.o(.text.NVIC_EncodePriority)
    OC1Config                                0x08001b51   Thumb Code   216  stm32f1xx_ll_tim.o(.text.OC1Config)
    [Anonymous Symbol]                       0x08001b50   Section        0  stm32f1xx_ll_tim.o(.text.OC1Config)
    OC2Config                                0x08001c29   Thumb Code   224  stm32f1xx_ll_tim.o(.text.OC2Config)
    [Anonymous Symbol]                       0x08001c28   Section        0  stm32f1xx_ll_tim.o(.text.OC2Config)
    OC3Config                                0x08001d09   Thumb Code   222  stm32f1xx_ll_tim.o(.text.OC3Config)
    [Anonymous Symbol]                       0x08001d08   Section        0  stm32f1xx_ll_tim.o(.text.OC3Config)
    OC4Config                                0x08001de9   Thumb Code   176  stm32f1xx_ll_tim.o(.text.OC4Config)
    [Anonymous Symbol]                       0x08001de8   Section        0  stm32f1xx_ll_tim.o(.text.OC4Config)
    [Anonymous Symbol]                       0x08001e98   Section        0  stm32f1xx_it.o(.text.PendSV_Handler)
    [Anonymous Symbol]                       0x08001e9c   Section        0  ssd1322_api.o(.text.SSD1322_API_command)
    [Anonymous Symbol]                       0x08001ebc   Section        0  ssd1322_api.o(.text.SSD1322_API_data)
    [Anonymous Symbol]                       0x08001edc   Section        0  ssd1322_api.o(.text.SSD1322_API_init)
    [Anonymous Symbol]                       0x08002000   Section        0  ssd1322_api.o(.text.SSD1322_API_send_buffer)
    [Anonymous Symbol]                       0x08002028   Section        0  ssd1322_api.o(.text.SSD1322_API_set_window)
    [Anonymous Symbol]                       0x08002074   Section        0  ssd1322_hw_driver.o(.text.SSD1322_HW_SPI_send_array)
    [Anonymous Symbol]                       0x080020a8   Section        0  ssd1322_hw_driver.o(.text.SSD1322_HW_SPI_send_byte)
    [Anonymous Symbol]                       0x080020c4   Section        0  ssd1322_hw_driver.o(.text.SSD1322_HW_drive_CS_high)
    [Anonymous Symbol]                       0x080020d8   Section        0  ssd1322_hw_driver.o(.text.SSD1322_HW_drive_CS_low)
    [Anonymous Symbol]                       0x080020ec   Section        0  ssd1322_hw_driver.o(.text.SSD1322_HW_drive_DC_high)
    [Anonymous Symbol]                       0x08002100   Section        0  ssd1322_hw_driver.o(.text.SSD1322_HW_drive_DC_low)
    [Anonymous Symbol]                       0x08002114   Section        0  ssd1322_hw_driver.o(.text.SSD1322_HW_drive_RESET_high)
    [Anonymous Symbol]                       0x08002128   Section        0  ssd1322_hw_driver.o(.text.SSD1322_HW_drive_RESET_low)
    [Anonymous Symbol]                       0x0800213c   Section        0  ssd1322_hw_driver.o(.text.SSD1322_HW_msDelay)
    [Anonymous Symbol]                       0x0800214c   Section        0  stm32f1xx_it.o(.text.SVC_Handler)
    [Anonymous Symbol]                       0x08002150   Section        0  stm32f1xx_it.o(.text.SysTick_Handler)
    [Anonymous Symbol]                       0x08002154   Section        0  main.o(.text.SystemClock_Config)
    [Anonymous Symbol]                       0x080021e0   Section        0  system_stm32f1xx.o(.text.SystemInit)
    [Anonymous Symbol]                       0x080021e4   Section        0  stm32f1xx_it.o(.text.TIM1_UP_IRQHandler)
    [Anonymous Symbol]                       0x0800226c   Section        0  stm32f1xx_it.o(.text.TIM2_IRQHandler)
    [Anonymous Symbol]                       0x080022a8   Section        0  stm32f1xx_it.o(.text.UsageFault_Handler)
    __NVIC_EnableIRQ                         0x080022ad   Thumb Code    48  gpio.o(.text.__NVIC_EnableIRQ)
    [Anonymous Symbol]                       0x080022ac   Section        0  gpio.o(.text.__NVIC_EnableIRQ)
    __NVIC_EnableIRQ                         0x080022dd   Thumb Code    48  tim.o(.text.__NVIC_EnableIRQ)
    [Anonymous Symbol]                       0x080022dc   Section        0  tim.o(.text.__NVIC_EnableIRQ)
    __NVIC_GetPriorityGrouping               0x0800230d   Thumb Code    16  main.o(.text.__NVIC_GetPriorityGrouping)
    [Anonymous Symbol]                       0x0800230c   Section        0  main.o(.text.__NVIC_GetPriorityGrouping)
    __NVIC_GetPriorityGrouping               0x0800231d   Thumb Code    16  gpio.o(.text.__NVIC_GetPriorityGrouping)
    [Anonymous Symbol]                       0x0800231c   Section        0  gpio.o(.text.__NVIC_GetPriorityGrouping)
    __NVIC_GetPriorityGrouping               0x0800232d   Thumb Code    16  tim.o(.text.__NVIC_GetPriorityGrouping)
    [Anonymous Symbol]                       0x0800232c   Section        0  tim.o(.text.__NVIC_GetPriorityGrouping)
    __NVIC_SetPriority                       0x0800233d   Thumb Code    66  main.o(.text.__NVIC_SetPriority)
    [Anonymous Symbol]                       0x0800233c   Section        0  main.o(.text.__NVIC_SetPriority)
    __NVIC_SetPriority                       0x08002381   Thumb Code    66  gpio.o(.text.__NVIC_SetPriority)
    [Anonymous Symbol]                       0x08002380   Section        0  gpio.o(.text.__NVIC_SetPriority)
    __NVIC_SetPriority                       0x080023c5   Thumb Code    66  tim.o(.text.__NVIC_SetPriority)
    [Anonymous Symbol]                       0x080023c4   Section        0  tim.o(.text.__NVIC_SetPriority)
    __NVIC_SetPriorityGrouping               0x08002409   Thumb Code    60  main.o(.text.__NVIC_SetPriorityGrouping)
    [Anonymous Symbol]                       0x08002408   Section        0  main.o(.text.__NVIC_SetPriorityGrouping)
    [Anonymous Symbol]                       0x08002444   Section        0  ssd1322_gfx.o(.text.draw_hline)
    [Anonymous Symbol]                       0x080024e8   Section        0  ssd1322_gfx.o(.text.draw_pixel)
    [Anonymous Symbol]                       0x080025b0   Section        0  ssd1322_gfx.o(.text.draw_vline)
    [Anonymous Symbol]                       0x08002654   Section        0  ssd1322_gfx.o(.text.fill_buffer)
    [Anonymous Symbol]                       0x080026a4   Section        0  main.o(.text.main)
    [Anonymous Symbol]                       0x080027ac   Section        0  ssd1322_gfx.o(.text.send_buffer_to_OLED)
    [Anonymous Symbol]                       0x080027e4   Section        0  ssd1322_gfx.o(.text.set_buffer_size)
    OFFSET_TAB_CCMRx                         0x08002800   Data           7  tim.o(.rodata.OFFSET_TAB_CCMRx)
    [Anonymous Symbol]                       0x08002800   Section        0  tim.o(.rodata.OFFSET_TAB_CCMRx)
    SHIFT_TAB_CCxP                           0x08002807   Data           7  tim.o(.rodata.SHIFT_TAB_CCxP)
    [Anonymous Symbol]                       0x08002807   Section        0  tim.o(.rodata.SHIFT_TAB_CCxP)
    SHIFT_TAB_ICxx                           0x0800280e   Data           7  tim.o(.rodata.SHIFT_TAB_ICxx)
    [Anonymous Symbol]                       0x0800280e   Section        0  tim.o(.rodata.SHIFT_TAB_ICxx)
    SHIFT_TAB_OCxx                           0x08002815   Data           7  tim.o(.rodata.SHIFT_TAB_OCxx)
    [Anonymous Symbol]                       0x08002815   Section        0  tim.o(.rodata.SHIFT_TAB_OCxx)
    .bss                                     0x20000008   Section       96  libspace.o(.bss)
    Heap_Mem                                 0x200000a0   Data         512  startup_stm32f10x_hd.o(HEAP)
    HEAP                                     0x200000a0   Section      512  startup_stm32f10x_hd.o(HEAP)
    Stack_Mem                                0x200002a0   Data        1024  startup_stm32f10x_hd.o(STACK)
    STACK                                    0x200002a0   Section     1024  startup_stm32f10x_hd.o(STACK)
    __initial_sp                             0x200006a0   Data           0  startup_stm32f10x_hd.o(STACK)

    Global Symbols

    Symbol Name                              Value     Ov Type        Size  Object(Section)

    BuildAttributes$$THM_ISAv4$P$D$K$B$S$PE$A:L22UL41UL21$X:L11$S22US41US21$IEEE1$IW$~IW$USESV6$~STKCKD$USESV7$~SHL$OTIME$ROPI$IEEEJ$EBA8$UX$STANDARDLIB$REQ8$PRES8$EABIv2 0x00000000   Number         0  anon$$obj.o ABSOLUTE
    __fp_init_empty                          0x00000000   Number         0  fpinit_empty.o ABSOLUTE
    __ARM_exceptions_init                     - Undefined Weak Reference
    __alloca_initialize                       - Undefined Weak Reference
    __arm_preinit_                            - Undefined Weak Reference
    __arm_relocate_pie_                       - Undefined Weak Reference
    __cpp_initialize__aeabi_                  - Undefined Weak Reference
    __cxa_finalize                            - Undefined Weak Reference
    __rt_locale                               - Undefined Weak Reference
    __sigvec_lookup                           - Undefined Weak Reference
    _atexit_init                              - Undefined Weak Reference
    _call_atexit_fns                          - Undefined Weak Reference
    _clock_init                               - Undefined Weak Reference
    _fp_trap_init                             - Undefined Weak Reference
    _fp_trap_shutdown                         - Undefined Weak Reference
    _get_lc_collate                           - Undefined Weak Reference
    _get_lc_ctype                             - Undefined Weak Reference
    _get_lc_monetary                          - Undefined Weak Reference
    _get_lc_numeric                           - Undefined Weak Reference
    _get_lc_time                              - Undefined Weak Reference
    _getenv_init                              - Undefined Weak Reference
    _handle_redirection                       - Undefined Weak Reference
    _init_alloc                               - Undefined Weak Reference
    _init_user_alloc                          - Undefined Weak Reference
    _initio                                   - Undefined Weak Reference
    _rand_init                                - Undefined Weak Reference
    _signal_finish                            - Undefined Weak Reference
    _signal_init                              - Undefined Weak Reference
    _terminate_alloc                          - Undefined Weak Reference
    _terminate_user_alloc                     - Undefined Weak Reference
    _terminateio                              - Undefined Weak Reference
    __Vectors_Size                           0x00000130   Number         0  startup_stm32f10x_hd.o ABSOLUTE
    __Vectors                                0x08000000   Data           4  startup_stm32f10x_hd.o(RESET)
    __Vectors_End                            0x08000130   Data           0  startup_stm32f10x_hd.o(RESET)
    __main                                   0x08000131   Thumb Code     8  __main.o(!!!main)
    __scatterload                            0x08000139   Thumb Code     0  __scatter.o(!!!scatter)
    __scatterload_rt2                        0x08000139   Thumb Code    44  __scatter.o(!!!scatter)
    __scatterload_rt2_thumb_only             0x08000139   Thumb Code     0  __scatter.o(!!!scatter)
    __scatterload_null                       0x08000147   Thumb Code     0  __scatter.o(!!!scatter)
    __scatterload_copy                       0x0800016d   Thumb Code    26  __scatter_copy.o(!!handler_copy)
    __scatterload_zeroinit                   0x08000189   Thumb Code    28  __scatter_zi.o(!!handler_zi)
    __rt_lib_init                            0x080001a5   Thumb Code     0  libinit.o(.ARM.Collect$$libinit$$00000000)
    __rt_lib_init_alloca_1                   0x080001a7   Thumb Code     0  libinit2.o(.ARM.Collect$$libinit$$00000030)
    __rt_lib_init_argv_1                     0x080001a7   Thumb Code     0  libinit2.o(.ARM.Collect$$libinit$$0000002E)
    __rt_lib_init_atexit_1                   0x080001a7   Thumb Code     0  libinit2.o(.ARM.Collect$$libinit$$0000001D)
    __rt_lib_init_clock_1                    0x080001a7   Thumb Code     0  libinit2.o(.ARM.Collect$$libinit$$00000023)
    __rt_lib_init_cpp_1                      0x080001a7   Thumb Code     0  libinit2.o(.ARM.Collect$$libinit$$00000034)
    __rt_lib_init_exceptions_1               0x080001a7   Thumb Code     0  libinit2.o(.ARM.Collect$$libinit$$00000032)
    __rt_lib_init_fp_1                       0x080001a7   Thumb Code     0  libinit2.o(.ARM.Collect$$libinit$$00000002)
    __rt_lib_init_fp_trap_1                  0x080001a7   Thumb Code     0  libinit2.o(.ARM.Collect$$libinit$$00000021)
    __rt_lib_init_getenv_1                   0x080001a7   Thumb Code     0  libinit2.o(.ARM.Collect$$libinit$$00000025)
    __rt_lib_init_heap_1                     0x080001a7   Thumb Code     0  libinit2.o(.ARM.Collect$$libinit$$0000000C)
    __rt_lib_init_lc_collate_1               0x080001a7   Thumb Code     0  libinit2.o(.ARM.Collect$$libinit$$00000013)
    __rt_lib_init_lc_ctype_1                 0x080001a7   Thumb Code     0  libinit2.o(.ARM.Collect$$libinit$$00000015)
    __rt_lib_init_lc_monetary_1              0x080001a7   Thumb Code     0  libinit2.o(.ARM.Collect$$libinit$$00000017)
    __rt_lib_init_lc_numeric_1               0x080001a7   Thumb Code     0  libinit2.o(.ARM.Collect$$libinit$$00000019)
    __rt_lib_init_lc_time_1                  0x080001a7   Thumb Code     0  libinit2.o(.ARM.Collect$$libinit$$0000001B)
    __rt_lib_init_preinit_1                  0x080001a7   Thumb Code     0  libinit2.o(.ARM.Collect$$libinit$$00000006)
    __rt_lib_init_rand_1                     0x080001a7   Thumb Code     0  libinit2.o(.ARM.Collect$$libinit$$00000010)
    __rt_lib_init_relocate_pie_1             0x080001a7   Thumb Code     0  libinit2.o(.ARM.Collect$$libinit$$00000004)
    __rt_lib_init_return                     0x080001a7   Thumb Code     0  libinit2.o(.ARM.Collect$$libinit$$00000035)
    __rt_lib_init_signal_1                   0x080001a7   Thumb Code     0  libinit2.o(.ARM.Collect$$libinit$$0000001F)
    __rt_lib_init_stdio_1                    0x080001a7   Thumb Code     0  libinit2.o(.ARM.Collect$$libinit$$00000027)
    __rt_lib_init_user_alloc_1               0x080001a7   Thumb Code     0  libinit2.o(.ARM.Collect$$libinit$$0000000E)
    __rt_lib_shutdown                        0x080001a9   Thumb Code     0  libshutdown.o(.ARM.Collect$$libshutdown$$00000000)
    __rt_lib_shutdown_cpp_1                  0x080001ab   Thumb Code     0  libshutdown2.o(.ARM.Collect$$libshutdown$$00000002)
    __rt_lib_shutdown_fp_trap_1              0x080001ab   Thumb Code     0  libshutdown2.o(.ARM.Collect$$libshutdown$$00000007)
    __rt_lib_shutdown_heap_1                 0x080001ab   Thumb Code     0  libshutdown2.o(.ARM.Collect$$libshutdown$$0000000F)
    __rt_lib_shutdown_return                 0x080001ab   Thumb Code     0  libshutdown2.o(.ARM.Collect$$libshutdown$$00000010)
    __rt_lib_shutdown_signal_1               0x080001ab   Thumb Code     0  libshutdown2.o(.ARM.Collect$$libshutdown$$0000000A)
    __rt_lib_shutdown_stdio_1                0x080001ab   Thumb Code     0  libshutdown2.o(.ARM.Collect$$libshutdown$$00000004)
    __rt_lib_shutdown_user_alloc_1           0x080001ab   Thumb Code     0  libshutdown2.o(.ARM.Collect$$libshutdown$$0000000C)
    __rt_entry                               0x080001ad   Thumb Code     0  __rtentry.o(.ARM.Collect$$rtentry$$00000000)
    __rt_entry_presh_1                       0x080001ad   Thumb Code     0  __rtentry2.o(.ARM.Collect$$rtentry$$00000002)
    __rt_entry_sh                            0x080001ad   Thumb Code     0  __rtentry4.o(.ARM.Collect$$rtentry$$00000004)
    __rt_entry_li                            0x080001b3   Thumb Code     0  __rtentry2.o(.ARM.Collect$$rtentry$$0000000A)
    __rt_entry_postsh_1                      0x080001b3   Thumb Code     0  __rtentry2.o(.ARM.Collect$$rtentry$$00000009)
    __rt_entry_main                          0x080001b7   Thumb Code     0  __rtentry2.o(.ARM.Collect$$rtentry$$0000000D)
    __rt_entry_postli_1                      0x080001b7   Thumb Code     0  __rtentry2.o(.ARM.Collect$$rtentry$$0000000C)
    __rt_exit                                0x080001bf   Thumb Code     0  rtexit.o(.ARM.Collect$$rtexit$$00000000)
    __rt_exit_ls                             0x080001c1   Thumb Code     0  rtexit2.o(.ARM.Collect$$rtexit$$00000003)
    __rt_exit_prels_1                        0x080001c1   Thumb Code     0  rtexit2.o(.ARM.Collect$$rtexit$$00000002)
    __rt_exit_exit                           0x080001c5   Thumb Code     0  rtexit2.o(.ARM.Collect$$rtexit$$00000004)
    Reset_Handler                            0x080001cd   Thumb Code     8  startup_stm32f10x_hd.o(.text)
    ADC1_2_IRQHandler                        0x080001e7   Thumb Code     0  startup_stm32f10x_hd.o(.text)
    ADC3_IRQHandler                          0x080001e7   Thumb Code     0  startup_stm32f10x_hd.o(.text)
    CAN1_RX1_IRQHandler                      0x080001e7   Thumb Code     0  startup_stm32f10x_hd.o(.text)
    CAN1_SCE_IRQHandler                      0x080001e7   Thumb Code     0  startup_stm32f10x_hd.o(.text)
    DMA1_Channel1_IRQHandler                 0x080001e7   Thumb Code     0  startup_stm32f10x_hd.o(.text)
    DMA1_Channel2_IRQHandler                 0x080001e7   Thumb Code     0  startup_stm32f10x_hd.o(.text)
    DMA1_Channel3_IRQHandler                 0x080001e7   Thumb Code     0  startup_stm32f10x_hd.o(.text)
    DMA1_Channel4_IRQHandler                 0x080001e7   Thumb Code     0  startup_stm32f10x_hd.o(.text)
    DMA1_Channel5_IRQHandler                 0x080001e7   Thumb Code     0  startup_stm32f10x_hd.o(.text)
    DMA1_Channel6_IRQHandler                 0x080001e7   Thumb Code     0  startup_stm32f10x_hd.o(.text)
    DMA1_Channel7_IRQHandler                 0x080001e7   Thumb Code     0  startup_stm32f10x_hd.o(.text)
    DMA2_Channel1_IRQHandler                 0x080001e7   Thumb Code     0  startup_stm32f10x_hd.o(.text)
    DMA2_Channel2_IRQHandler                 0x080001e7   Thumb Code     0  startup_stm32f10x_hd.o(.text)
    DMA2_Channel3_IRQHandler                 0x080001e7   Thumb Code     0  startup_stm32f10x_hd.o(.text)
    DMA2_Channel4_5_IRQHandler               0x080001e7   Thumb Code     0  startup_stm32f10x_hd.o(.text)
    EXTI3_IRQHandler                         0x080001e7   Thumb Code     0  startup_stm32f10x_hd.o(.text)
    EXTI4_IRQHandler                         0x080001e7   Thumb Code     0  startup_stm32f10x_hd.o(.text)
    EXTI9_5_IRQHandler                       0x080001e7   Thumb Code     0  startup_stm32f10x_hd.o(.text)
    FLASH_IRQHandler                         0x080001e7   Thumb Code     0  startup_stm32f10x_hd.o(.text)
    FSMC_IRQHandler                          0x080001e7   Thumb Code     0  startup_stm32f10x_hd.o(.text)
    I2C1_ER_IRQHandler                       0x080001e7   Thumb Code     0  startup_stm32f10x_hd.o(.text)
    I2C1_EV_IRQHandler                       0x080001e7   Thumb Code     0  startup_stm32f10x_hd.o(.text)
    I2C2_ER_IRQHandler                       0x080001e7   Thumb Code     0  startup_stm32f10x_hd.o(.text)
    I2C2_EV_IRQHandler                       0x080001e7   Thumb Code     0  startup_stm32f10x_hd.o(.text)
    PVD_IRQHandler                           0x080001e7   Thumb Code     0  startup_stm32f10x_hd.o(.text)
    RCC_IRQHandler                           0x080001e7   Thumb Code     0  startup_stm32f10x_hd.o(.text)
    RTCAlarm_IRQHandler                      0x080001e7   Thumb Code     0  startup_stm32f10x_hd.o(.text)
    RTC_IRQHandler                           0x080001e7   Thumb Code     0  startup_stm32f10x_hd.o(.text)
    SDIO_IRQHandler                          0x080001e7   Thumb Code     0  startup_stm32f10x_hd.o(.text)
    SPI1_IRQHandler                          0x080001e7   Thumb Code     0  startup_stm32f10x_hd.o(.text)
    SPI2_IRQHandler                          0x080001e7   Thumb Code     0  startup_stm32f10x_hd.o(.text)
    SPI3_IRQHandler                          0x080001e7   Thumb Code     0  startup_stm32f10x_hd.o(.text)
    TAMPER_IRQHandler                        0x080001e7   Thumb Code     0  startup_stm32f10x_hd.o(.text)
    TIM1_BRK_IRQHandler                      0x080001e7   Thumb Code     0  startup_stm32f10x_hd.o(.text)
    TIM1_CC_IRQHandler                       0x080001e7   Thumb Code     0  startup_stm32f10x_hd.o(.text)
    TIM1_TRG_COM_IRQHandler                  0x080001e7   Thumb Code     0  startup_stm32f10x_hd.o(.text)
    TIM3_IRQHandler                          0x080001e7   Thumb Code     0  startup_stm32f10x_hd.o(.text)
    TIM4_IRQHandler                          0x080001e7   Thumb Code     0  startup_stm32f10x_hd.o(.text)
    TIM5_IRQHandler                          0x080001e7   Thumb Code     0  startup_stm32f10x_hd.o(.text)
    TIM6_IRQHandler                          0x080001e7   Thumb Code     0  startup_stm32f10x_hd.o(.text)
    TIM7_IRQHandler                          0x080001e7   Thumb Code     0  startup_stm32f10x_hd.o(.text)
    TIM8_BRK_IRQHandler                      0x080001e7   Thumb Code     0  startup_stm32f10x_hd.o(.text)
    TIM8_CC_IRQHandler                       0x080001e7   Thumb Code     0  startup_stm32f10x_hd.o(.text)
    TIM8_TRG_COM_IRQHandler                  0x080001e7   Thumb Code     0  startup_stm32f10x_hd.o(.text)
    TIM8_UP_IRQHandler                       0x080001e7   Thumb Code     0  startup_stm32f10x_hd.o(.text)
    UART4_IRQHandler                         0x080001e7   Thumb Code     0  startup_stm32f10x_hd.o(.text)
    UART5_IRQHandler                         0x080001e7   Thumb Code     0  startup_stm32f10x_hd.o(.text)
    USART1_IRQHandler                        0x080001e7   Thumb Code     0  startup_stm32f10x_hd.o(.text)
    USART2_IRQHandler                        0x080001e7   Thumb Code     0  startup_stm32f10x_hd.o(.text)
    USART3_IRQHandler                        0x080001e7   Thumb Code     0  startup_stm32f10x_hd.o(.text)
    USBWakeUp_IRQHandler                     0x080001e7   Thumb Code     0  startup_stm32f10x_hd.o(.text)
    USB_HP_CAN1_TX_IRQHandler                0x080001e7   Thumb Code     0  startup_stm32f10x_hd.o(.text)
    USB_LP_CAN1_RX0_IRQHandler               0x080001e7   Thumb Code     0  startup_stm32f10x_hd.o(.text)
    WWDG_IRQHandler                          0x080001e7   Thumb Code     0  startup_stm32f10x_hd.o(.text)
    __user_initial_stackheap                 0x080001e9   Thumb Code     0  startup_stm32f10x_hd.o(.text)
    __aeabi_memclr4                          0x0800020d   Thumb Code     0  rt_memclr_w.o(.text)
    __aeabi_memclr8                          0x0800020d   Thumb Code     0  rt_memclr_w.o(.text)
    __rt_memclr_w                            0x0800020d   Thumb Code     0  rt_memclr_w.o(.text)
    _memset_w                                0x08000211   Thumb Code    74  rt_memclr_w.o(.text)
    __use_two_region_memory                  0x0800025b   Thumb Code     2  heapauxi.o(.text)
    __rt_heap_escrow$2region                 0x0800025d   Thumb Code     2  heapauxi.o(.text)
    __rt_heap_expand$2region                 0x0800025f   Thumb Code     2  heapauxi.o(.text)
    __user_setup_stackheap                   0x08000261   Thumb Code    74  sys_stackheap_outer.o(.text)
    exit                                     0x080002ab   Thumb Code    18  exit.o(.text)
    __user_libspace                          0x080002bd   Thumb Code     8  libspace.o(.text)
    __user_perproc_libspace                  0x080002bd   Thumb Code     0  libspace.o(.text)
    __user_perthread_libspace                0x080002bd   Thumb Code     0  libspace.o(.text)
    _sys_exit                                0x080002c5   Thumb Code     8  sys_exit.o(.text)
    __I$use$semihosting                      0x080002d1   Thumb Code     0  use_no_semi.o(.text)
    __use_no_semihosting_swi                 0x080002d1   Thumb Code     2  use_no_semi.o(.text)
    __semihosting_library_function           0x080002d3   Thumb Code     0  indicate_semi.o(.text)
    BusFault_Handler                         0x080002d5   Thumb Code     4  stm32f1xx_it.o(.text.BusFault_Handler)
    DebugMon_Handler                         0x080002d9   Thumb Code     2  stm32f1xx_it.o(.text.DebugMon_Handler)
    EXTI0_IRQHandler                         0x080002dd   Thumb Code    88  stm32f1xx_it.o(.text.EXTI0_IRQHandler)
    EXTI15_10_IRQHandler                     0x08000335   Thumb Code   212  stm32f1xx_it.o(.text.EXTI15_10_IRQHandler)
    EXTI1_IRQHandler                         0x08000409   Thumb Code    88  stm32f1xx_it.o(.text.EXTI1_IRQHandler)
    EXTI2_IRQHandler                         0x08000461   Thumb Code    82  stm32f1xx_it.o(.text.EXTI2_IRQHandler)
    HardFault_Handler                        0x080004b5   Thumb Code     4  stm32f1xx_it.o(.text.HardFault_Handler)
    LL_EXTI_Init                             0x08000665   Thumb Code   254  stm32f1xx_ll_exti.o(.text.LL_EXTI_Init)
    LL_GPIO_Init                             0x08000815   Thumb Code   194  stm32f1xx_ll_gpio.o(.text.LL_GPIO_Init)
    LL_Init1msTick                           0x08000a59   Thumb Code    20  stm32f1xx_ll_utils.o(.text.LL_Init1msTick)
    LL_SPI_Init                              0x08000ba9   Thumb Code   154  stm32f1xx_ll_spi.o(.text.LL_SPI_Init)
    LL_SetSystemCoreClock                    0x08000c85   Thumb Code    20  stm32f1xx_ll_utils.o(.text.LL_SetSystemCoreClock)
    LL_TIM_Init                              0x08001061   Thumb Code   308  stm32f1xx_ll_tim.o(.text.LL_TIM_Init)
    LL_TIM_OC_Init                           0x0800130d   Thumb Code   120  stm32f1xx_ll_tim.o(.text.LL_TIM_OC_Init)
    LL_mDelay                                0x0800143d   Thumb Code    74  stm32f1xx_ll_utils.o(.text.LL_mDelay)
    MX_GPIO_Init                             0x08001489   Thumb Code   654  gpio.o(.text.MX_GPIO_Init)
    MX_SPI1_Init                             0x08001719   Thumb Code   164  spi.o(.text.MX_SPI1_Init)
    MX_TIM1_Init                             0x080017bd   Thumb Code   142  tim.o(.text.MX_TIM1_Init)
    MX_TIM2_Init                             0x0800184d   Thumb Code   220  tim.o(.text.MX_TIM2_Init)
    MX_TIM3_Init                             0x08001929   Thumb Code   220  tim.o(.text.MX_TIM3_Init)
    MemManage_Handler                        0x08001a05   Thumb Code     4  stm32f1xx_it.o(.text.MemManage_Handler)
    NMI_Handler                              0x08001a09   Thumb Code     4  stm32f1xx_it.o(.text.NMI_Handler)
    PendSV_Handler                           0x08001e99   Thumb Code     2  stm32f1xx_it.o(.text.PendSV_Handler)
    SSD1322_API_command                      0x08001e9d   Thumb Code    32  ssd1322_api.o(.text.SSD1322_API_command)
    SSD1322_API_data                         0x08001ebd   Thumb Code    32  ssd1322_api.o(.text.SSD1322_API_data)
    SSD1322_API_init                         0x08001edd   Thumb Code   290  ssd1322_api.o(.text.SSD1322_API_init)
    SSD1322_API_send_buffer                  0x08002001   Thumb Code    38  ssd1322_api.o(.text.SSD1322_API_send_buffer)
    SSD1322_API_set_window                   0x08002029   Thumb Code    76  ssd1322_api.o(.text.SSD1322_API_set_window)
    SSD1322_HW_SPI_send_array                0x08002075   Thumb Code    52  ssd1322_hw_driver.o(.text.SSD1322_HW_SPI_send_array)
    SSD1322_HW_SPI_send_byte                 0x080020a9   Thumb Code    28  ssd1322_hw_driver.o(.text.SSD1322_HW_SPI_send_byte)
    SSD1322_HW_drive_CS_high                 0x080020c5   Thumb Code    20  ssd1322_hw_driver.o(.text.SSD1322_HW_drive_CS_high)
    SSD1322_HW_drive_CS_low                  0x080020d9   Thumb Code    20  ssd1322_hw_driver.o(.text.SSD1322_HW_drive_CS_low)
    SSD1322_HW_drive_DC_high                 0x080020ed   Thumb Code    20  ssd1322_hw_driver.o(.text.SSD1322_HW_drive_DC_high)
    SSD1322_HW_drive_DC_low                  0x08002101   Thumb Code    20  ssd1322_hw_driver.o(.text.SSD1322_HW_drive_DC_low)
    SSD1322_HW_drive_RESET_high              0x08002115   Thumb Code    20  ssd1322_hw_driver.o(.text.SSD1322_HW_drive_RESET_high)
    SSD1322_HW_drive_RESET_low               0x08002129   Thumb Code    20  ssd1322_hw_driver.o(.text.SSD1322_HW_drive_RESET_low)
    SSD1322_HW_msDelay                       0x0800213d   Thumb Code    16  ssd1322_hw_driver.o(.text.SSD1322_HW_msDelay)
    SVC_Handler                              0x0800214d   Thumb Code     2  stm32f1xx_it.o(.text.SVC_Handler)
    SysTick_Handler                          0x08002151   Thumb Code     2  stm32f1xx_it.o(.text.SysTick_Handler)
    SystemClock_Config                       0x08002155   Thumb Code   138  main.o(.text.SystemClock_Config)
    SystemInit                               0x080021e1   Thumb Code     2  system_stm32f1xx.o(.text.SystemInit)
    TIM1_UP_IRQHandler                       0x080021e5   Thumb Code   136  stm32f1xx_it.o(.text.TIM1_UP_IRQHandler)
    TIM2_IRQHandler                          0x0800226d   Thumb Code    58  stm32f1xx_it.o(.text.TIM2_IRQHandler)
    UsageFault_Handler                       0x080022a9   Thumb Code     4  stm32f1xx_it.o(.text.UsageFault_Handler)
    draw_hline                               0x08002445   Thumb Code   162  ssd1322_gfx.o(.text.draw_hline)
    draw_pixel                               0x080024e9   Thumb Code   198  ssd1322_gfx.o(.text.draw_pixel)
    draw_vline                               0x080025b1   Thumb Code   162  ssd1322_gfx.o(.text.draw_vline)
    fill_buffer                              0x08002655   Thumb Code    80  ssd1322_gfx.o(.text.fill_buffer)
    main                                     0x080026a5   Thumb Code   262  main.o(.text.main)
    send_buffer_to_OLED                      0x080027ad   Thumb Code    54  ssd1322_gfx.o(.text.send_buffer_to_OLED)
    set_buffer_size                          0x080027e5   Thumb Code    28  ssd1322_gfx.o(.text.set_buffer_size)
    Region$$Table$$Base                      0x0800281c   Number         0  anon$$obj.o(Region$$Table)
    Region$$Table$$Limit                     0x0800283c   Number         0  anon$$obj.o(Region$$Table)
    SystemCoreClock                          0x20000000   Data           4  system_stm32f1xx.o(.data.SystemCoreClock)
    _buffer_height                           0x20000004   Data           2  ssd1322_gfx.o(.data._buffer_height)
    _buffer_width                            0x20000006   Data           2  ssd1322_gfx.o(.data._buffer_width)
    __libspace_start                         0x20000008   Data          96  libspace.o(.bss)
    __temporary_stack_top$libspace           0x20000068   Data           0  libspace.o(.bss)
    downArrowBut                             0x20000068   Data           8  eventcontroller.o(.bss.downArrowBut)
    enterBut                                 0x20000070   Data           8  eventcontroller.o(.bss.enterBut)
    motorSpin                                0x20000078   Data           1  main.o(.bss.motorSpin)
    openDoor                                 0x20000079   Data           1  main.o(.bss.openDoor)
    openDoorBut                              0x2000007c   Data           8  eventcontroller.o(.bss.openDoorBut)
    ris                                      0x20000084   Data           4  main.o(.bss.ris)
    runStopBut                               0x20000088   Data           8  eventcontroller.o(.bss.runStopBut)
    upArrowBut                               0x20000090   Data           8  eventcontroller.o(.bss.upArrowBut)
    updateFlg                                0x20000098   Data           1  eventcontroller.o(.bss.updateFlg)



==============================================================================

Memory Map of the image

  Image Entry point : 0x08000131

  Load Region LR_IROM1 (Base: 0x08000000, Size: 0x00002848, Max: 0x00040000, ABSOLUTE)

    Execution Region ER_IROM1 (Exec base: 0x08000000, Load base: 0x08000000, Size: 0x0000283c, Max: 0x00040000, ABSOLUTE)

    Exec Addr    Load Addr    Size         Type   Attr      Idx    E Section Name        Object

    0x08000000   0x08000000   0x00000130   Data   RO          551    RESET               startup_stm32f10x_hd.o
    0x08000130   0x08000130   0x00000008   Code   RO          870  * !!!main             c_w.l(__main.o)
    0x08000138   0x08000138   0x00000034   Code   RO         1112    !!!scatter          c_w.l(__scatter.o)
    0x0800016c   0x0800016c   0x0000001a   Code   RO         1114    !!handler_copy      c_w.l(__scatter_copy.o)
    0x08000186   0x08000186   0x00000002   PAD
    0x08000188   0x08000188   0x0000001c   Code   RO         1116    !!handler_zi        c_w.l(__scatter_zi.o)
    0x080001a4   0x080001a4   0x00000002   Code   RO          974    .ARM.Collect$$libinit$$00000000  c_w.l(libinit.o)
    0x080001a6   0x080001a6   0x00000000   Code   RO          981    .ARM.Collect$$libinit$$00000002  c_w.l(libinit2.o)
    0x080001a6   0x080001a6   0x00000000   Code   RO          983    .ARM.Collect$$libinit$$00000004  c_w.l(libinit2.o)
    0x080001a6   0x080001a6   0x00000000   Code   RO          985    .ARM.Collect$$libinit$$00000006  c_w.l(libinit2.o)
    0x080001a6   0x080001a6   0x00000000   Code   RO          988    .ARM.Collect$$libinit$$0000000C  c_w.l(libinit2.o)
    0x080001a6   0x080001a6   0x00000000   Code   RO          990    .ARM.Collect$$libinit$$0000000E  c_w.l(libinit2.o)
    0x080001a6   0x080001a6   0x00000000   Code   RO          992    .ARM.Collect$$libinit$$00000010  c_w.l(libinit2.o)
    0x080001a6   0x080001a6   0x00000000   Code   RO          995    .ARM.Collect$$libinit$$00000013  c_w.l(libinit2.o)
    0x080001a6   0x080001a6   0x00000000   Code   RO          997    .ARM.Collect$$libinit$$00000015  c_w.l(libinit2.o)
    0x080001a6   0x080001a6   0x00000000   Code   RO          999    .ARM.Collect$$libinit$$00000017  c_w.l(libinit2.o)
    0x080001a6   0x080001a6   0x00000000   Code   RO         1001    .ARM.Collect$$libinit$$00000019  c_w.l(libinit2.o)
    0x080001a6   0x080001a6   0x00000000   Code   RO         1003    .ARM.Collect$$libinit$$0000001B  c_w.l(libinit2.o)
    0x080001a6   0x080001a6   0x00000000   Code   RO         1005    .ARM.Collect$$libinit$$0000001D  c_w.l(libinit2.o)
    0x080001a6   0x080001a6   0x00000000   Code   RO         1007    .ARM.Collect$$libinit$$0000001F  c_w.l(libinit2.o)
    0x080001a6   0x080001a6   0x00000000   Code   RO         1009    .ARM.Collect$$libinit$$00000021  c_w.l(libinit2.o)
    0x080001a6   0x080001a6   0x00000000   Code   RO         1011    .ARM.Collect$$libinit$$00000023  c_w.l(libinit2.o)
    0x080001a6   0x080001a6   0x00000000   Code   RO         1013    .ARM.Collect$$libinit$$00000025  c_w.l(libinit2.o)
    0x080001a6   0x080001a6   0x00000000   Code   RO         1015    .ARM.Collect$$libinit$$00000027  c_w.l(libinit2.o)
    0x080001a6   0x080001a6   0x00000000   Code   RO         1019    .ARM.Collect$$libinit$$0000002E  c_w.l(libinit2.o)
    0x080001a6   0x080001a6   0x00000000   Code   RO         1021    .ARM.Collect$$libinit$$00000030  c_w.l(libinit2.o)
    0x080001a6   0x080001a6   0x00000000   Code   RO         1023    .ARM.Collect$$libinit$$00000032  c_w.l(libinit2.o)
    0x080001a6   0x080001a6   0x00000000   Code   RO         1025    .ARM.Collect$$libinit$$00000034  c_w.l(libinit2.o)
    0x080001a6   0x080001a6   0x00000002   Code   RO         1026    .ARM.Collect$$libinit$$00000035  c_w.l(libinit2.o)
    0x080001a8   0x080001a8   0x00000002   Code   RO         1048    .ARM.Collect$$libshutdown$$00000000  c_w.l(libshutdown.o)
    0x080001aa   0x080001aa   0x00000000   Code   RO         1063    .ARM.Collect$$libshutdown$$00000002  c_w.l(libshutdown2.o)
    0x080001aa   0x080001aa   0x00000000   Code   RO         1065    .ARM.Collect$$libshutdown$$00000004  c_w.l(libshutdown2.o)
    0x080001aa   0x080001aa   0x00000000   Code   RO         1068    .ARM.Collect$$libshutdown$$00000007  c_w.l(libshutdown2.o)
    0x080001aa   0x080001aa   0x00000000   Code   RO         1071    .ARM.Collect$$libshutdown$$0000000A  c_w.l(libshutdown2.o)
    0x080001aa   0x080001aa   0x00000000   Code   RO         1073    .ARM.Collect$$libshutdown$$0000000C  c_w.l(libshutdown2.o)
    0x080001aa   0x080001aa   0x00000000   Code   RO         1076    .ARM.Collect$$libshutdown$$0000000F  c_w.l(libshutdown2.o)
    0x080001aa   0x080001aa   0x00000002   Code   RO         1077    .ARM.Collect$$libshutdown$$00000010  c_w.l(libshutdown2.o)
    0x080001ac   0x080001ac   0x00000000   Code   RO          924    .ARM.Collect$$rtentry$$00000000  c_w.l(__rtentry.o)
    0x080001ac   0x080001ac   0x00000000   Code   RO          947    .ARM.Collect$$rtentry$$00000002  c_w.l(__rtentry2.o)
    0x080001ac   0x080001ac   0x00000006   Code   RO          959    .ARM.Collect$$rtentry$$00000004  c_w.l(__rtentry4.o)
    0x080001b2   0x080001b2   0x00000000   Code   RO          949    .ARM.Collect$$rtentry$$00000009  c_w.l(__rtentry2.o)
    0x080001b2   0x080001b2   0x00000004   Code   RO          950    .ARM.Collect$$rtentry$$0000000A  c_w.l(__rtentry2.o)
    0x080001b6   0x080001b6   0x00000000   Code   RO          952    .ARM.Collect$$rtentry$$0000000C  c_w.l(__rtentry2.o)
    0x080001b6   0x080001b6   0x00000008   Code   RO          953    .ARM.Collect$$rtentry$$0000000D  c_w.l(__rtentry2.o)
    0x080001be   0x080001be   0x00000002   Code   RO          978    .ARM.Collect$$rtexit$$00000000  c_w.l(rtexit.o)
    0x080001c0   0x080001c0   0x00000000   Code   RO         1028    .ARM.Collect$$rtexit$$00000002  c_w.l(rtexit2.o)
    0x080001c0   0x080001c0   0x00000004   Code   RO         1029    .ARM.Collect$$rtexit$$00000003  c_w.l(rtexit2.o)
    0x080001c4   0x080001c4   0x00000006   Code   RO         1030    .ARM.Collect$$rtexit$$00000004  c_w.l(rtexit2.o)
    0x080001ca   0x080001ca   0x00000002   PAD
    0x080001cc   0x080001cc   0x00000040   Code   RO          552    .text               startup_stm32f10x_hd.o
    0x0800020c   0x0800020c   0x0000004e   Code   RO          866    .text               c_w.l(rt_memclr_w.o)
    0x0800025a   0x0800025a   0x00000006   Code   RO          868    .text               c_w.l(heapauxi.o)
    0x08000260   0x08000260   0x0000004a   Code   RO          965    .text               c_w.l(sys_stackheap_outer.o)
    0x080002aa   0x080002aa   0x00000012   Code   RO          967    .text               c_w.l(exit.o)
    0x080002bc   0x080002bc   0x00000008   Code   RO          975    .text               c_w.l(libspace.o)
    0x080002c4   0x080002c4   0x0000000c   Code   RO         1038    .text               c_w.l(sys_exit.o)
    0x080002d0   0x080002d0   0x00000002   Code   RO         1053    .text               c_w.l(use_no_semi.o)
    0x080002d2   0x080002d2   0x00000000   Code   RO         1055    .text               c_w.l(indicate_semi.o)
    0x080002d2   0x080002d2   0x00000002   PAD
    0x080002d4   0x080002d4   0x00000004   Code   RO          172    .text.BusFault_Handler  stm32f1xx_it.o
    0x080002d8   0x080002d8   0x00000002   Code   RO          178    .text.DebugMon_Handler  stm32f1xx_it.o
    0x080002da   0x080002da   0x00000002   PAD
    0x080002dc   0x080002dc   0x00000058   Code   RO          184    .text.EXTI0_IRQHandler  stm32f1xx_it.o
    0x08000334   0x08000334   0x000000d4   Code   RO          210    .text.EXTI15_10_IRQHandler  stm32f1xx_it.o
    0x08000408   0x08000408   0x00000058   Code   RO          192    .text.EXTI1_IRQHandler  stm32f1xx_it.o
    0x08000460   0x08000460   0x00000052   Code   RO          194    .text.EXTI2_IRQHandler  stm32f1xx_it.o
    0x080004b2   0x080004b2   0x00000002   PAD
    0x080004b4   0x080004b4   0x00000004   Code   RO          168    .text.HardFault_Handler  stm32f1xx_it.o
    0x080004b8   0x080004b8   0x00000022   Code   RO            6    .text.LL_APB1_GRP1_EnableClock  main.o
    0x080004da   0x080004da   0x00000002   PAD
    0x080004dc   0x080004dc   0x00000022   Code   RO          129    .text.LL_APB1_GRP1_EnableClock  tim.o
    0x080004fe   0x080004fe   0x00000002   PAD
    0x08000500   0x08000500   0x00000022   Code   RO            4    .text.LL_APB2_GRP1_EnableClock  main.o
    0x08000522   0x08000522   0x00000002   PAD
    0x08000524   0x08000524   0x00000022   Code   RO           63    .text.LL_APB2_GRP1_EnableClock  gpio.o
    0x08000546   0x08000546   0x00000002   PAD
    0x08000548   0x08000548   0x00000022   Code   RO           90    .text.LL_APB2_GRP1_EnableClock  spi.o
    0x0800056a   0x0800056a   0x00000002   PAD
    0x0800056c   0x0800056c   0x00000022   Code   RO          103    .text.LL_APB2_GRP1_EnableClock  tim.o
    0x0800058e   0x0800058e   0x00000002   PAD
    0x08000590   0x08000590   0x00000014   Code   RO          188    .text.LL_EXTI_ClearFlag_0_31  stm32f1xx_it.o
    0x080005a4   0x080005a4   0x00000018   Code   RO          437    .text.LL_EXTI_DisableEvent_0_31  stm32f1xx_ll_exti.o
    0x080005bc   0x080005bc   0x00000018   Code   RO          445    .text.LL_EXTI_DisableFallingTrig_0_31  stm32f1xx_ll_exti.o
    0x080005d4   0x080005d4   0x00000018   Code   RO          441    .text.LL_EXTI_DisableIT_0_31  stm32f1xx_ll_exti.o
    0x080005ec   0x080005ec   0x00000018   Code   RO          449    .text.LL_EXTI_DisableRisingTrig_0_31  stm32f1xx_ll_exti.o
    0x08000604   0x08000604   0x00000018   Code   RO          443    .text.LL_EXTI_EnableEvent_0_31  stm32f1xx_ll_exti.o
    0x0800061c   0x0800061c   0x00000018   Code   RO          451    .text.LL_EXTI_EnableFallingTrig_0_31  stm32f1xx_ll_exti.o
    0x08000634   0x08000634   0x00000018   Code   RO          439    .text.LL_EXTI_EnableIT_0_31  stm32f1xx_ll_exti.o
    0x0800064c   0x0800064c   0x00000018   Code   RO          447    .text.LL_EXTI_EnableRisingTrig_0_31  stm32f1xx_ll_exti.o
    0x08000664   0x08000664   0x000000fe   Code   RO          435    .text.LL_EXTI_Init  stm32f1xx_ll_exti.o
    0x08000762   0x08000762   0x00000002   PAD
    0x08000764   0x08000764   0x0000001e   Code   RO          186    .text.LL_EXTI_IsActiveFlag_0_31  stm32f1xx_it.o
    0x08000782   0x08000782   0x00000002   PAD
    0x08000784   0x08000784   0x00000010   Code   RO           22    .text.LL_FLASH_GetLatency  main.o
    0x08000794   0x08000794   0x0000001c   Code   RO           20    .text.LL_FLASH_SetLatency  main.o
    0x080007b0   0x080007b0   0x00000016   Code   RO          153    .text.LL_GPIO_AF_EnableRemap_TIM3  tim.o
    0x080007c6   0x080007c6   0x00000002   PAD
    0x080007c8   0x080007c8   0x00000012   Code   RO           16    .text.LL_GPIO_AF_Remap_SWJ_NOJTAG  main.o
    0x080007da   0x080007da   0x00000002   PAD
    0x080007dc   0x080007dc   0x00000038   Code   RO           67    .text.LL_GPIO_AF_SetEXTISource  gpio.o
    0x08000814   0x08000814   0x000000c2   Code   RO          225    .text.LL_GPIO_Init  stm32f1xx_ll_gpio.o
    0x080008d6   0x080008d6   0x00000002   PAD
    0x080008d8   0x080008d8   0x0000001c   Code   RO          190    .text.LL_GPIO_IsInputPinSet  stm32f1xx_it.o
    0x080008f4   0x080008f4   0x00000012   Code   RO           65    .text.LL_GPIO_ResetOutputPin  gpio.o
    0x08000906   0x08000906   0x00000002   PAD
    0x08000908   0x08000908   0x00000012   Code   RO          736    .text.LL_GPIO_ResetOutputPin  ssd1322_hw_driver.o
    0x0800091a   0x0800091a   0x00000002   PAD
    0x0800091c   0x0800091c   0x00000012   Code   RO          740    .text.LL_GPIO_SetOutputPin  ssd1322_hw_driver.o
    0x0800092e   0x0800092e   0x00000002   PAD
    0x08000930   0x08000930   0x00000034   Code   RO           71    .text.LL_GPIO_SetPinMode  gpio.o
    0x08000964   0x08000964   0x00000034   Code   RO          229    .text.LL_GPIO_SetPinMode  stm32f1xx_ll_gpio.o
    0x08000998   0x08000998   0x00000034   Code   RO          233    .text.LL_GPIO_SetPinOutputType  stm32f1xx_ll_gpio.o
    0x080009cc   0x080009cc   0x0000002a   Code   RO           69    .text.LL_GPIO_SetPinPull  gpio.o
    0x080009f6   0x080009f6   0x00000002   PAD
    0x080009f8   0x080009f8   0x0000002a   Code   RO          227    .text.LL_GPIO_SetPinPull  stm32f1xx_ll_gpio.o
    0x08000a22   0x08000a22   0x00000002   PAD
    0x08000a24   0x08000a24   0x00000034   Code   RO          231    .text.LL_GPIO_SetPinSpeed  stm32f1xx_ll_gpio.o
    0x08000a58   0x08000a58   0x00000014   Code   RO          370    .text.LL_Init1msTick  stm32f1xx_ll_utils.o
    0x08000a6c   0x08000a6c   0x00000036   Code   RO          372    .text.LL_InitTick   stm32f1xx_ll_utils.o
    0x08000aa2   0x08000aa2   0x00000002   PAD
    0x08000aa4   0x08000aa4   0x00000010   Code   RO           42    .text.LL_RCC_GetSysClkSource  main.o
    0x08000ab4   0x08000ab4   0x00000012   Code   RO           24    .text.LL_RCC_HSE_Enable  main.o
    0x08000ac6   0x08000ac6   0x00000002   PAD
    0x08000ac8   0x08000ac8   0x00000010   Code   RO           26    .text.LL_RCC_HSE_IsReady  main.o
    0x08000ad8   0x08000ad8   0x00000026   Code   RO           28    .text.LL_RCC_PLL_ConfigDomain_SYS  main.o
    0x08000afe   0x08000afe   0x00000002   PAD
    0x08000b00   0x08000b00   0x00000012   Code   RO           30    .text.LL_RCC_PLL_Enable  main.o
    0x08000b12   0x08000b12   0x00000002   PAD
    0x08000b14   0x08000b14   0x00000010   Code   RO           32    .text.LL_RCC_PLL_IsReady  main.o
    0x08000b24   0x08000b24   0x0000001c   Code   RO           34    .text.LL_RCC_SetAHBPrescaler  main.o
    0x08000b40   0x08000b40   0x0000001c   Code   RO           36    .text.LL_RCC_SetAPB1Prescaler  main.o
    0x08000b5c   0x08000b5c   0x0000001c   Code   RO           38    .text.LL_RCC_SetAPB2Prescaler  main.o
    0x08000b78   0x08000b78   0x0000001c   Code   RO           40    .text.LL_RCC_SetSysClkSource  main.o
    0x08000b94   0x08000b94   0x00000012   Code   RO           92    .text.LL_SPI_Enable  spi.o
    0x08000ba6   0x08000ba6   0x00000002   PAD
    0x08000ba8   0x08000ba8   0x0000009a   Code   RO          254    .text.LL_SPI_Init   stm32f1xx_ll_spi.o
    0x08000c42   0x08000c42   0x00000002   PAD
    0x08000c44   0x08000c44   0x00000010   Code   RO          256    .text.LL_SPI_IsEnabled  stm32f1xx_ll_spi.o
    0x08000c54   0x08000c54   0x00000012   Code   RO          258    .text.LL_SPI_SetCRCPolynomial  stm32f1xx_ll_spi.o
    0x08000c66   0x08000c66   0x00000002   PAD
    0x08000c68   0x08000c68   0x0000001a   Code   RO          752    .text.LL_SPI_TransmitData8  ssd1322_hw_driver.o
    0x08000c82   0x08000c82   0x00000002   PAD
    0x08000c84   0x08000c84   0x00000014   Code   RO          376    .text.LL_SetSystemCoreClock  stm32f1xx_ll_utils.o
    0x08000c98   0x08000c98   0x00000014   Code   RO          141    .text.LL_TIM_CC_EnableChannel  tim.o
    0x08000cac   0x08000cac   0x00000010   Code   RO          206    .text.LL_TIM_ClearFlag_CC1  stm32f1xx_it.o
    0x08000cbc   0x08000cbc   0x00000010   Code   RO          121    .text.LL_TIM_ClearFlag_UPDATE  tim.o
    0x08000ccc   0x08000ccc   0x00000010   Code   RO          198    .text.LL_TIM_ClearFlag_UPDATE  stm32f1xx_it.o
    0x08000cdc   0x08000cdc   0x00000012   Code   RO          131    .text.LL_TIM_DisableARRPreload  tim.o
    0x08000cee   0x08000cee   0x00000002   PAD
    0x08000cf0   0x08000cf0   0x00000012   Code   RO          119    .text.LL_TIM_DisableMasterSlaveMode  tim.o
    0x08000d02   0x08000d02   0x00000002   PAD
    0x08000d04   0x08000d04   0x00000012   Code   RO          113    .text.LL_TIM_EnableARRPreload  tim.o
    0x08000d16   0x08000d16   0x00000002   PAD
    0x08000d18   0x08000d18   0x00000012   Code   RO          151    .text.LL_TIM_EnableAllOutputs  tim.o
    0x08000d2a   0x08000d2a   0x00000002   PAD
    0x08000d2c   0x08000d2c   0x00000012   Code   RO          125    .text.LL_TIM_EnableCounter  tim.o
    0x08000d3e   0x08000d3e   0x00000002   PAD
    0x08000d40   0x08000d40   0x00000012   Code   RO          143    .text.LL_TIM_EnableIT_CC1  tim.o
    0x08000d52   0x08000d52   0x00000002   PAD
    0x08000d54   0x08000d54   0x00000012   Code   RO          123    .text.LL_TIM_EnableIT_UPDATE  tim.o
    0x08000d66   0x08000d66   0x00000002   PAD
    0x08000d68   0x08000d68   0x00000012   Code   RO          495    .text.LL_TIM_GenerateEvent_UPDATE  stm32f1xx_ll_tim.o
    0x08000d7a   0x08000d7a   0x00000002   PAD
    0x08000d7c   0x08000d7c   0x0000000c   Code   RO          204    .text.LL_TIM_IC_GetCaptureCH1  stm32f1xx_it.o
    0x08000d88   0x08000d88   0x000000bc   Code   RO          133    .text.LL_TIM_IC_SetActiveInput  tim.o
    0x08000e44   0x08000e44   0x000000bc   Code   RO          137    .text.LL_TIM_IC_SetFilter  tim.o
    0x08000f00   0x08000f00   0x000000a4   Code   RO          139    .text.LL_TIM_IC_SetPolarity  tim.o
    0x08000fa4   0x08000fa4   0x000000bc   Code   RO          135    .text.LL_TIM_IC_SetPrescaler  tim.o
    0x08001060   0x08001060   0x00000134   Code   RO          487    .text.LL_TIM_Init   stm32f1xx_ll_tim.o
    0x08001194   0x08001194   0x00000010   Code   RO          202    .text.LL_TIM_IsActiveFlag_CC1  stm32f1xx_it.o
    0x080011a4   0x080011a4   0x000000b2   Code   RO          149    .text.LL_TIM_OC_DisableFast  tim.o
    0x08001256   0x08001256   0x00000002   PAD
    0x08001258   0x08001258   0x000000b2   Code   RO          147    .text.LL_TIM_OC_EnablePreload  tim.o
    0x0800130a   0x0800130a   0x00000002   PAD
    0x0800130c   0x0800130c   0x00000078   Code   RO          499    .text.LL_TIM_OC_Init  stm32f1xx_ll_tim.o
    0x08001384   0x08001384   0x00000010   Code   RO          537    .text.LL_TIM_OC_SetCompareCH1  stm32f1xx_ll_tim.o
    0x08001394   0x08001394   0x00000010   Code   RO          531    .text.LL_TIM_OC_SetCompareCH2  stm32f1xx_ll_tim.o
    0x080013a4   0x080013a4   0x00000010   Code   RO          539    .text.LL_TIM_OC_SetCompareCH3  stm32f1xx_ll_tim.o
    0x080013b4   0x080013b4   0x00000010   Code   RO          541    .text.LL_TIM_OC_SetCompareCH4  stm32f1xx_ll_tim.o
    0x080013c4   0x080013c4   0x00000010   Code   RO          489    .text.LL_TIM_SetAutoReload  stm32f1xx_ll_tim.o
    0x080013d4   0x080013d4   0x0000001c   Code   RO          115    .text.LL_TIM_SetClockSource  tim.o
    0x080013f0   0x080013f0   0x00000010   Code   RO          208    .text.LL_TIM_SetCounter  stm32f1xx_it.o
    0x08001400   0x08001400   0x00000010   Code   RO          491    .text.LL_TIM_SetPrescaler  stm32f1xx_ll_tim.o
    0x08001410   0x08001410   0x00000010   Code   RO          493    .text.LL_TIM_SetRepetitionCounter  stm32f1xx_ll_tim.o
    0x08001420   0x08001420   0x0000001a   Code   RO          117    .text.LL_TIM_SetTriggerOutput  tim.o
    0x0800143a   0x0800143a   0x00000002   PAD
    0x0800143c   0x0800143c   0x0000004a   Code   RO          374    .text.LL_mDelay     stm32f1xx_ll_utils.o
    0x08001486   0x08001486   0x00000002   PAD
    0x08001488   0x08001488   0x0000028e   Code   RO           61    .text.MX_GPIO_Init  gpio.o
    0x08001716   0x08001716   0x00000002   PAD
    0x08001718   0x08001718   0x000000a4   Code   RO           88    .text.MX_SPI1_Init  spi.o
    0x080017bc   0x080017bc   0x0000008e   Code   RO          101    .text.MX_TIM1_Init  tim.o
    0x0800184a   0x0800184a   0x00000002   PAD
    0x0800184c   0x0800184c   0x000000dc   Code   RO          127    .text.MX_TIM2_Init  tim.o
    0x08001928   0x08001928   0x000000dc   Code   RO          145    .text.MX_TIM3_Init  tim.o
    0x08001a04   0x08001a04   0x00000004   Code   RO          170    .text.MemManage_Handler  stm32f1xx_it.o
    0x08001a08   0x08001a08   0x00000004   Code   RO          166    .text.NMI_Handler   stm32f1xx_it.o
    0x08001a0c   0x08001a0c   0x0000006c   Code   RO           12    .text.NVIC_EncodePriority  main.o
    0x08001a78   0x08001a78   0x0000006c   Code   RO           75    .text.NVIC_EncodePriority  gpio.o
    0x08001ae4   0x08001ae4   0x0000006c   Code   RO          107    .text.NVIC_EncodePriority  tim.o
    0x08001b50   0x08001b50   0x000000d8   Code   RO          501    .text.OC1Config     stm32f1xx_ll_tim.o
    0x08001c28   0x08001c28   0x000000e0   Code   RO          503    .text.OC2Config     stm32f1xx_ll_tim.o
    0x08001d08   0x08001d08   0x000000de   Code   RO          505    .text.OC3Config     stm32f1xx_ll_tim.o
    0x08001de6   0x08001de6   0x00000002   PAD
    0x08001de8   0x08001de8   0x000000b0   Code   RO          507    .text.OC4Config     stm32f1xx_ll_tim.o
    0x08001e98   0x08001e98   0x00000002   Code   RO          180    .text.PendSV_Handler  stm32f1xx_it.o
    0x08001e9a   0x08001e9a   0x00000002   PAD
    0x08001e9c   0x08001e9c   0x00000020   Code   RO          661    .text.SSD1322_API_command  ssd1322_api.o
    0x08001ebc   0x08001ebc   0x00000020   Code   RO          663    .text.SSD1322_API_data  ssd1322_api.o
    0x08001edc   0x08001edc   0x00000122   Code   RO          665    .text.SSD1322_API_init  ssd1322_api.o
    0x08001ffe   0x08001ffe   0x00000002   PAD
    0x08002000   0x08002000   0x00000026   Code   RO          683    .text.SSD1322_API_send_buffer  ssd1322_api.o
    0x08002026   0x08002026   0x00000002   PAD
    0x08002028   0x08002028   0x0000004c   Code   RO          681    .text.SSD1322_API_set_window  ssd1322_api.o
    0x08002074   0x08002074   0x00000034   Code   RO          754    .text.SSD1322_HW_SPI_send_array  ssd1322_hw_driver.o
    0x080020a8   0x080020a8   0x0000001c   Code   RO          750    .text.SSD1322_HW_SPI_send_byte  ssd1322_hw_driver.o
    0x080020c4   0x080020c4   0x00000014   Code   RO          738    .text.SSD1322_HW_drive_CS_high  ssd1322_hw_driver.o
    0x080020d8   0x080020d8   0x00000014   Code   RO          734    .text.SSD1322_HW_drive_CS_low  ssd1322_hw_driver.o
    0x080020ec   0x080020ec   0x00000014   Code   RO          744    .text.SSD1322_HW_drive_DC_high  ssd1322_hw_driver.o
    0x08002100   0x08002100   0x00000014   Code   RO          742    .text.SSD1322_HW_drive_DC_low  ssd1322_hw_driver.o
    0x08002114   0x08002114   0x00000014   Code   RO          748    .text.SSD1322_HW_drive_RESET_high  ssd1322_hw_driver.o
    0x08002128   0x08002128   0x00000014   Code   RO          746    .text.SSD1322_HW_drive_RESET_low  ssd1322_hw_driver.o
    0x0800213c   0x0800213c   0x00000010   Code   RO          756    .text.SSD1322_HW_msDelay  ssd1322_hw_driver.o
    0x0800214c   0x0800214c   0x00000002   Code   RO          176    .text.SVC_Handler   stm32f1xx_it.o
    0x0800214e   0x0800214e   0x00000002   PAD
    0x08002150   0x08002150   0x00000002   Code   RO          182    .text.SysTick_Handler  stm32f1xx_it.o
    0x08002152   0x08002152   0x00000002   PAD
    0x08002154   0x08002154   0x0000008a   Code   RO           18    .text.SystemClock_Config  main.o
    0x080021de   0x080021de   0x00000002   PAD
    0x080021e0   0x080021e0   0x00000002   Code   RO          559    .text.SystemInit    system_stm32f1xx.o
    0x080021e2   0x080021e2   0x00000002   PAD
    0x080021e4   0x080021e4   0x00000088   Code   RO          196    .text.TIM1_UP_IRQHandler  stm32f1xx_it.o
    0x0800226c   0x0800226c   0x0000003a   Code   RO          200    .text.TIM2_IRQHandler  stm32f1xx_it.o
    0x080022a6   0x080022a6   0x00000002   PAD
    0x080022a8   0x080022a8   0x00000004   Code   RO          174    .text.UsageFault_Handler  stm32f1xx_it.o
    0x080022ac   0x080022ac   0x00000030   Code   RO           79    .text.__NVIC_EnableIRQ  gpio.o
    0x080022dc   0x080022dc   0x00000030   Code   RO          111    .text.__NVIC_EnableIRQ  tim.o
    0x0800230c   0x0800230c   0x00000010   Code   RO           14    .text.__NVIC_GetPriorityGrouping  main.o
    0x0800231c   0x0800231c   0x00000010   Code   RO           77    .text.__NVIC_GetPriorityGrouping  gpio.o
    0x0800232c   0x0800232c   0x00000010   Code   RO          109    .text.__NVIC_GetPriorityGrouping  tim.o
    0x0800233c   0x0800233c   0x00000042   Code   RO           10    .text.__NVIC_SetPriority  main.o
    0x0800237e   0x0800237e   0x00000002   PAD
    0x08002380   0x08002380   0x00000042   Code   RO           73    .text.__NVIC_SetPriority  gpio.o
    0x080023c2   0x080023c2   0x00000002   PAD
    0x080023c4   0x080023c4   0x00000042   Code   RO          105    .text.__NVIC_SetPriority  tim.o
    0x08002406   0x08002406   0x00000002   PAD
    0x08002408   0x08002408   0x0000003c   Code   RO            8    .text.__NVIC_SetPriorityGrouping  main.o
    0x08002444   0x08002444   0x000000a2   Code   RO          700    .text.draw_hline    ssd1322_gfx.o
    0x080024e6   0x080024e6   0x00000002   PAD
    0x080024e8   0x080024e8   0x000000c6   Code   RO          696    .text.draw_pixel    ssd1322_gfx.o
    0x080025ae   0x080025ae   0x00000002   PAD
    0x080025b0   0x080025b0   0x000000a2   Code   RO          698    .text.draw_vline    ssd1322_gfx.o
    0x08002652   0x08002652   0x00000002   PAD
    0x08002654   0x08002654   0x00000050   Code   RO          694    .text.fill_buffer   ssd1322_gfx.o
    0x080026a4   0x080026a4   0x00000106   Code   RO            2    .text.main          main.o
    0x080027aa   0x080027aa   0x00000002   PAD
    0x080027ac   0x080027ac   0x00000036   Code   RO          722    .text.send_buffer_to_OLED  ssd1322_gfx.o
    0x080027e2   0x080027e2   0x00000002   PAD
    0x080027e4   0x080027e4   0x0000001c   Code   RO          692    .text.set_buffer_size  ssd1322_gfx.o
    0x08002800   0x08002800   0x00000007   Data   RO          155    .rodata.OFFSET_TAB_CCMRx  tim.o
    0x08002807   0x08002807   0x00000007   Data   RO          157    .rodata.SHIFT_TAB_CCxP  tim.o
    0x0800280e   0x0800280e   0x00000007   Data   RO          156    .rodata.SHIFT_TAB_ICxx  tim.o
    0x08002815   0x08002815   0x00000007   Data   RO          158    .rodata.SHIFT_TAB_OCxx  tim.o
    0x0800281c   0x0800281c   0x00000020   Data   RO         1111    Region$$Table       anon$$obj.o


    Execution Region RW_IRAM1 (Exec base: 0x20000000, Load base: 0x08002840, Size: 0x000006a0, Max: 0x0000c000, ABSOLUTE)

    Exec Addr    Load Addr    Size         Type   Attr      Idx    E Section Name        Object

    0x20000000   0x08002840   0x00000004   Data   RW          563    .data.SystemCoreClock  system_stm32f1xx.o
    0x20000004   0x08002844   0x00000002   Data   RW          725    .data._buffer_height  ssd1322_gfx.o
    0x20000006   0x08002846   0x00000002   Data   RW          726    .data._buffer_width  ssd1322_gfx.o
    0x20000008        -       0x00000060   Zero   RW          976    .bss                c_w.l(libspace.o)
    0x20000068        -       0x00000008   Zero   RW          813    .bss.downArrowBut   eventcontroller.o
    0x20000070        -       0x00000008   Zero   RW          816    .bss.enterBut       eventcontroller.o
    0x20000078        -       0x00000001   Zero   RW           46    .bss.motorSpin      main.o
    0x20000079        -       0x00000001   Zero   RW           47    .bss.openDoor       main.o
    0x2000007a   0x08002848   0x00000002   PAD
    0x2000007c        -       0x00000008   Zero   RW          815    .bss.openDoorBut    eventcontroller.o
    0x20000084        -       0x00000004   Zero   RW           51    .bss.ris            main.o
    0x20000088        -       0x00000008   Zero   RW          814    .bss.runStopBut     eventcontroller.o
    0x20000090        -       0x00000008   Zero   RW          812    .bss.upArrowBut     eventcontroller.o
    0x20000098        -       0x00000001   Zero   RW          818    .bss.updateFlg      eventcontroller.o
    0x20000099   0x08002848   0x00000007   PAD
    0x200000a0        -       0x00000200   Zero   RW          550    HEAP                startup_stm32f10x_hd.o
    0x200002a0        -       0x00000400   Zero   RW          549    STACK               startup_stm32f10x_hd.o


==============================================================================

Image component sizes


      Code (inc. data)   RO Data    RW Data    ZI Data      Debug   Object Name

         0          0          0          0         41       1683   eventcontroller.o
      1094          0          0          0          0       6008   gpio.o
      1014          0          0          0          6       7012   main.o
       216          0          0          0          0       2168   spi.o
       468          0          0          0          0       2560   ssd1322_api.o
       684          0          0          4          0       8095   ssd1322_gfx.o
       278          0          0          0          0       2724   ssd1322_hw_driver.o
        64         26        304          0       1536        848   startup_stm32f10x_hd.o
       846          0          0          0          0       4158   stm32f1xx_it.o
       446          0          0          0          0       2825   stm32f1xx_ll_exti.o
       392          0          0          0          0       3218   stm32f1xx_ll_gpio.o
       188          0          0          0          0       4465   stm32f1xx_ll_spi.o
      1396          0          0          0          0       8862   stm32f1xx_ll_tim.o
       168          0          0          0          0       6121   stm32f1xx_ll_utils.o
         2          0          0          4          0       1570   system_stm32f1xx.o
      2210          0         28          0          0       9434   tim.o

    ----------------------------------------------------------------------
      9580         26        364          8       1592      71751   Object Totals
         0          0         32          0          0          0   (incl. Generated)
       114          0          0          0          9          0   (incl. Padding)

    ----------------------------------------------------------------------

      Code (inc. data)   RO Data    RW Data    ZI Data      Debug   Library Member Name

         8          0          0          0          0         68   __main.o
         0          0          0          0          0          0   __rtentry.o
        12          0          0          0          0          0   __rtentry2.o
         6          0          0          0          0          0   __rtentry4.o
        52          8          0          0          0          0   __scatter.o
        26          0          0          0          0          0   __scatter_copy.o
        28          0          0          0          0          0   __scatter_zi.o
        18          0          0          0          0         80   exit.o
         6          0          0          0          0        152   heapauxi.o
         0          0          0          0          0          0   indicate_semi.o
         2          0          0          0          0          0   libinit.o
         2          0          0          0          0          0   libinit2.o
         2          0          0          0          0          0   libshutdown.o
         2          0          0          0          0          0   libshutdown2.o
         8          4          0          0         96         68   libspace.o
        78          0          0          0          0         80   rt_memclr_w.o
         2          0          0          0          0          0   rtexit.o
        10          0          0          0          0          0   rtexit2.o
        12          4          0          0          0         68   sys_exit.o
        74          0          0          0          0         80   sys_stackheap_outer.o
         2          0          0          0          0         68   use_no_semi.o

    ----------------------------------------------------------------------
       356         16          0          0         96        664   Library Totals
         6          0          0          0          0          0   (incl. Padding)

    ----------------------------------------------------------------------

      Code (inc. data)   RO Data    RW Data    ZI Data      Debug   Library Name

       350         16          0          0         96        664   c_w.l

    ----------------------------------------------------------------------
       356         16          0          0         96        664   Library Totals

    ----------------------------------------------------------------------

==============================================================================


      Code (inc. data)   RO Data    RW Data    ZI Data      Debug   

      9936         42        364          8       1688      71995   Grand Totals
      9936         42        364          8       1688      71995   ELF Image Totals
      9936         42        364          8          0          0   ROM Totals

==============================================================================

    Total RO  Size (Code + RO Data)                10300 (  10.06kB)
    Total RW  Size (RW Data + ZI Data)              1696 (   1.66kB)
    Total ROM Size (Code + RO Data + RW Data)      10308 (  10.07kB)

==============================================================================

