<html>
<body>
<pre>
<h1>µVision Build Log</h1>
<h2>Tool Versions:</h2>
IDE-Version: µVision V5.38.0.0
Copyright (C) 2022 ARM Ltd and ARM Germany GmbH. All rights reserved.
License Information: Alex Alex, 1, LIC=76F5U-SWXVE-74TS0-BEHHZ-VEYBB-DRHEY
 
Tool Versions:
Toolchain:       MDK-ARM Plus  Version: 5.38.0.0
Toolchain Path:  C:\Keil_v5\ARM\ARMCLANG\Bin
C Compiler:      ArmClang.exe V6.19
Assembler:       Armasm.exe V6.19
Linker/Locator:  ArmLink.exe V6.19
Library Manager: ArmAr.exe V6.19
Hex Converter:   FromElf.exe V6.19
CPU DLL:         SARMCM3.DLL V5.38.0.0
Dialog DLL:      DCM.DLL V1.17.5.0
Target DLL:      STLink\ST-LINKIII-KEIL_SWO.dll V3.1.0.0
Dialog DLL:      TCM.DLL V1.56.4.0
 
<h2>Project:</h2>
C:\Projects\drill_controller_ksp\CM15&KSP\SPO\CM15\MDK-ARM\CM15.uvprojx
Project File Date:  10/08/2023

<h2>Output:</h2>
*** Using Compiler 'V6.19', folder: 'C:\Keil_v5\ARM\ARMCLANG\Bin'
Build target 'CM15'
compiling spi.c...
compiling gpio.c...
compiling stm32f1xx_it.c...
compiling tim.c...
compiling main.c...
compiling stm32f1xx_ll_dma.c...
compiling stm32f1xx_ll_rcc.c...
compiling stm32f1xx_ll_spi.c...
compiling stm32f1xx_ll_gpio.c...
compiling stm32f1xx_ll_utils.c...
compiling stm32f1xx_ll_exti.c...
compiling system_stm32f1xx.c...
compiling stm32f1xx_ll_pwr.c...
compiling stm32f1xx_ll_tim.c...
compiling ST7565.c...
compiling fonts.c...
compiling SSD1322_API.c...
compiling SSD1322_GFX.c...
compiling SSD1322_HW_Driver.c...
compiling layout.c...
compiling items.c...
compiling mainFrame.c...
compiling eventController.c...
compiling widgets.c...
compiling Spfunc.c...
compiling coef.c...
compiling timer.c...
linking...
Program Size: Code=9936 RO-data=364 RW-data=8 ZI-data=1688  
FromELF: creating hex file...
"CM15\CM15.axf" - 0 Error(s), 0 Warning(s).

<h2>Software Packages used:</h2>

Package Vendor: ARM
                http://www.keil.com/pack/ARM.CMSIS.5.9.0.pack
                ARM.CMSIS.5.9.0
                CMSIS (Common Microcontroller Software Interface Standard)
   * Component: CORE Version: 5.6.0

Package Vendor: Keil
                http://www.keil.com/pack/Keil.STM32F1xx_DFP.2.4.0.pack
                Keil.STM32F1xx_DFP.2.4.0
                STMicroelectronics STM32F1 Series Device Support, Drivers and Examples

<h2>Collection of Component include folders:</h2>
  ./RTE/_CM15
  C:/Users/Alexandr/AppData/Local/Arm/Packs/ARM/CMSIS/5.9.0/CMSIS/Core/Include
  C:/Users/Alexandr/AppData/Local/Arm/Packs/Keil/STM32F1xx_DFP/2.4.0/Device/Include

<h2>Collection of Component Files used:</h2>

   * Component: ARM::CMSIS:CORE:5.6.0
      Include file:  CMSIS/Core/Include/tz_context.h
Build Time Elapsed:  00:00:03
</pre>
</body>
</html>
