<html>
<body>
<pre>
<h1>µVision Build Log</h1>
<h2>Tool Versions:</h2>
IDE-Version: µVision V5.38.0.0
Copyright (C) 2022 ARM Ltd and ARM Germany GmbH. All rights reserved.
License Information: Alex DEVEL_Sasha, 1, LIC=03C6R-KQHTW-PCJJ8-3LFD7-DFA8J-1AI6W
 
Tool Versions:
Toolchain:       MDK-ARM Plus  Version: 5.38.0.0
Toolchain Path:  C:\Keil_v5\ARM\ARMCLANG\Bin
C Compiler:      ArmClang.exe V6.19
Assembler:       Armasm.exe V6.19
Linker/Locator:  ArmLink.exe V6.19
Library Manager: ArmAr.exe V6.19
Hex Converter:   FromElf.exe V6.19
CPU DLL:         SARMCM3.DLL V5.38.0.0
Dialog DLL:      DCM.DLL V1.17.5.0
Target DLL:      STLink\ST-LINKIII-KEIL_SWO.dll V3.1.0.0
Dialog DLL:      TCM.DLL V1.56.4.0
 
<h2>Project:</h2>
D:\projects (TEMP)\drill_controller_ksp\KSP_SPO_030326\KSP_SPO\MDK-ARM\KSP_SPO.uvprojx
Project File Date:  04/09/2026

<h2>Output:</h2>
*** Using Compiler 'V6.19', folder: 'C:\Keil_v5\ARM\ARMCLANG\Bin'
Build target 'KSP_SPO'
compiling stm32f1xx_hal_gpio_ex.c...
compiling stm32f1xx_ll_gpio.c...
compiling adc.c...
compiling stm32f1xx_hal_msp.c...
compiling dma.c...
compiling spi.c...
compiling gpio.c...
compiling usart.c...
compiling tim.c...
compiling main.c...
compiling stm32f1xx_it.c...
compiling stm32f1xx_ll_dma.c...
compiling stm32f1xx_ll_adc.c...
compiling stm32f1xx_hal.c...
compiling stm32f1xx_hal_rcc_ex.c...
compiling stm32f1xx_hal_rcc.c...
compiling stm32f1xx_hal_gpio.c...
compiling stm32f1xx_hal_dma.c...
compiling stm32f1xx_hal_cortex.c...
compiling stm32f1xx_hal_pwr.c...
compiling stm32f1xx_hal_flash.c...
compiling stm32f1xx_hal_flash_ex.c...
compiling stm32f1xx_hal_exti.c...
compiling stm32f1xx_ll_rcc.c...
compiling stm32f1xx_ll_utils.c...
compiling stm32f1xx_ll_exti.c...
compiling stm32f1xx_ll_spi.c...
compiling system_stm32f1xx.c...
compiling stm32f1xx_ll_tim.c...
compiling stm32f1xx_hal_uart.c...
compiling SSD1322_API.c...
compiling bitmaps.c...
compiling SSD1322_HW_Driver.c...
compiling Motor.c...
compiling eventController.c...
compiling DrillWidgets.c...
compiling DrillingMachine.c...
compiling Ruller.c...
../Upper/FlashParam.c(29): warning: initializing 'flash_params_t *' with an expression of type 'volatile flash_params_t *' discards qualifiers [-Wincompatible-pointer-types-discards-qualifiers]
flash_params_t* fp = &flashParams;
                ^    ~~~~~~~~~~~~
../Upper/FlashParam.c(41): warning: returning 'volatile flash_params_t *' from a function with result type 'flash_params_t *' discards qualifiers [-Wincompatible-pointer-types-discards-qualifiers]
        return &flashParams;
               ^~~~~~~~~~~~
../Upper/FlashParam.c(48): warning: initializing 'uint32_t *' (aka 'unsigned int *') with an expression of type 'volatile uint32_t *' (aka 'volatile unsigned int *') discards qualifiers [-Wincompatible-pointer-types-discards-qualifiers]
        uint32_t *ptr = &flashParams.params.FIRST_ELEMENT;
                  ^     ~~~~~~~~~~~~~~~~~~~~~~~~~~~~~~~~~
3 warnings generated.
compiling FlashParam.c...
compiling mmodbus.c...
compiling SSD1322_GFX.c...
linking...
Program Size: Code=30030 RO-data=32058 RW-data=40 ZI-data=10496  
FromELF: creating hex file...
"KSP_SPO\KSP_SPO.axf" - 0 Error(s), 3 Warning(s).

<h2>Software Packages used:</h2>

Package Vendor: ARM
                https://www.keil.com/pack/ARM.CMSIS.6.3.0.pack
                ARM.CMSIS.6.3.0
                CMSIS (Common Microcontroller Software Interface Standard)
   * Component: CORE Version: 6.2.0

Package Vendor: Keil
                http://www.keil.com/pack/Keil.STM32F1xx_DFP.2.4.0.pack
                Keil.STM32F1xx_DFP.2.4.0
                STMicroelectronics STM32F1 Series Device Support, Drivers and Examples

<h2>Collection of Component include folders:</h2>
  ./RTE/_KSP_SPO
  C:/Users/DEVEL_Sasha/AppData/Local/Arm/Packs/ARM/CMSIS/6.3.0/CMSIS/Core/Include
  C:/Users/DEVEL_Sasha/AppData/Local/Arm/Packs/Keil/STM32F1xx_DFP/2.4.0/Device/Include

<h2>Collection of Component Files used:</h2>

   * Component: ARM::CMSIS:CORE:6.2.0
Build Time Elapsed:  00:00:03
</pre>
</body>
</html>
