Component: Arm Compiler for Embedded 6.19 Tool: armlink [5e73cb00]

==============================================================================

Section Cross References

    startup_stm32f103xe.o(STACK) refers (Special) to heapauxi.o(.text) for __use_two_region_memory
    startup_stm32f103xe.o(HEAP) refers (Special) to heapauxi.o(.text) for __use_two_region_memory
    startup_stm32f103xe.o(RESET) refers (Special) to heapauxi.o(.text) for __use_two_region_memory
    startup_stm32f103xe.o(RESET) refers to startup_stm32f103xe.o(STACK) for __initial_sp
    startup_stm32f103xe.o(RESET) refers to startup_stm32f103xe.o(.text) for Reset_Handler
    startup_stm32f103xe.o(RESET) refers to stm32f1xx_it.o(.text.NMI_Handler) for NMI_Handler
    startup_stm32f103xe.o(RESET) refers to stm32f1xx_it.o(.text.HardFault_Handler) for HardFault_Handler
    startup_stm32f103xe.o(RESET) refers to stm32f1xx_it.o(.text.MemManage_Handler) for MemManage_Handler
    startup_stm32f103xe.o(RESET) refers to stm32f1xx_it.o(.text.BusFault_Handler) for BusFault_Handler
    startup_stm32f103xe.o(RESET) refers to stm32f1xx_it.o(.text.UsageFault_Handler) for UsageFault_Handler
    startup_stm32f103xe.o(RESET) refers to stm32f1xx_it.o(.text.SVC_Handler) for SVC_Handler
    startup_stm32f103xe.o(RESET) refers to stm32f1xx_it.o(.text.DebugMon_Handler) for DebugMon_Handler
    startup_stm32f103xe.o(RESET) refers to stm32f1xx_it.o(.text.PendSV_Handler) for PendSV_Handler
    startup_stm32f103xe.o(RESET) refers to stm32f1xx_it.o(.text.SysTick_Handler) for SysTick_Handler
    startup_stm32f103xe.o(RESET) refers to stm32f1xx_it.o(.text.EXTI0_IRQHandler) for EXTI0_IRQHandler
    startup_stm32f103xe.o(RESET) refers to stm32f1xx_it.o(.text.EXTI1_IRQHandler) for EXTI1_IRQHandler
    startup_stm32f103xe.o(RESET) refers to stm32f1xx_it.o(.text.EXTI2_IRQHandler) for EXTI2_IRQHandler
    startup_stm32f103xe.o(RESET) refers to stm32f1xx_it.o(.text.EXTI4_IRQHandler) for EXTI4_IRQHandler
    startup_stm32f103xe.o(RESET) refers to stm32f1xx_it.o(.text.DMA1_Channel3_IRQHandler) for DMA1_Channel3_IRQHandler
    startup_stm32f103xe.o(RESET) refers to stm32f1xx_it.o(.text.ADC1_2_IRQHandler) for ADC1_2_IRQHandler
    startup_stm32f103xe.o(RESET) refers to stm32f1xx_it.o(.text.EXTI9_5_IRQHandler) for EXTI9_5_IRQHandler
    startup_stm32f103xe.o(RESET) refers to stm32f1xx_it.o(.text.TIM2_IRQHandler) for TIM2_IRQHandler
    startup_stm32f103xe.o(RESET) refers to stm32f1xx_it.o(.text.TIM3_IRQHandler) for TIM3_IRQHandler
    startup_stm32f103xe.o(RESET) refers to stm32f1xx_it.o(.text.SPI1_IRQHandler) for SPI1_IRQHandler
    startup_stm32f103xe.o(RESET) refers to stm32f1xx_it.o(.text.USART1_IRQHandler) for USART1_IRQHandler
    startup_stm32f103xe.o(RESET) refers to stm32f1xx_it.o(.text.USART3_IRQHandler) for USART3_IRQHandler
    startup_stm32f103xe.o(RESET) refers to stm32f1xx_it.o(.text.TIM8_UP_IRQHandler) for TIM8_UP_IRQHandler
    startup_stm32f103xe.o(RESET) refers to stm32f1xx_it.o(.text.ADC3_IRQHandler) for ADC3_IRQHandler
    startup_stm32f103xe.o(RESET) refers to stm32f1xx_it.o(.text.TIM6_IRQHandler) for TIM6_IRQHandler
    startup_stm32f103xe.o(RESET) refers to stm32f1xx_it.o(.text.TIM7_IRQHandler) for TIM7_IRQHandler
    startup_stm32f103xe.o(.text) refers (Special) to heapauxi.o(.text) for __use_two_region_memory
    startup_stm32f103xe.o(.text) refers to system_stm32f1xx.o(.text.SystemInit) for SystemInit
    startup_stm32f103xe.o(.text) refers to __main.o(!!!main) for __main
    startup_stm32f103xe.o(.text) refers to startup_stm32f103xe.o(HEAP) for Heap_Mem
    startup_stm32f103xe.o(.text) refers to startup_stm32f103xe.o(STACK) for Stack_Mem
    main.o(.text.main) refers to main.o(.text.LL_APB2_GRP1_EnableClock) for LL_APB2_GRP1_EnableClock
    main.o(.text.main) refers to main.o(.text.LL_APB1_GRP1_EnableClock) for LL_APB1_GRP1_EnableClock
    main.o(.text.main) refers to main.o(.text.__NVIC_SetPriorityGrouping) for __NVIC_SetPriorityGrouping
    main.o(.text.main) refers to main.o(.text.__NVIC_GetPriorityGrouping) for __NVIC_GetPriorityGrouping
    main.o(.text.main) refers to main.o(.text.NVIC_EncodePriority) for NVIC_EncodePriority
    main.o(.text.main) refers to main.o(.text.__NVIC_SetPriority) for __NVIC_SetPriority
    main.o(.text.main) refers to main.o(.text.LL_GPIO_AF_Remap_SWJ_NOJTAG) for LL_GPIO_AF_Remap_SWJ_NOJTAG
    main.o(.text.main) refers to main.o(.text.SystemClock_Config) for SystemClock_Config
    main.o(.text.main) refers to gpio.o(.text.MX_GPIO_Init) for MX_GPIO_Init
    main.o(.text.main) refers to dma.o(.text.MX_DMA_Init) for MX_DMA_Init
    main.o(.text.main) refers to adc.o(.text.MX_ADC1_Init) for MX_ADC1_Init
    main.o(.text.main) refers to adc.o(.text.MX_ADC2_Init) for MX_ADC2_Init
    main.o(.text.main) refers to adc.o(.text.MX_ADC3_Init) for MX_ADC3_Init
    main.o(.text.main) refers to dac.o(.text.MX_DAC_Init) for MX_DAC_Init
    main.o(.text.main) refers to spi.o(.text.MX_SPI1_Init) for MX_SPI1_Init
[...]
    _call_atexit_fns                          - Undefined Weak Reference
    _clock_init                               - Undefined Weak Reference
    _fp_trap_init                             - Undefined Weak Reference
    _fp_trap_shutdown                         - Undefined Weak Reference
    _get_lc_collate                           - Undefined Weak Reference
    _get_lc_ctype                             - Undefined Weak Reference
    _get_lc_monetary                          - Undefined Weak Reference
    _get_lc_numeric                           - Undefined Weak Reference
    _get_lc_time                              - Undefined Weak Reference
    _getenv_init                              - Undefined Weak Reference
    _handle_redirection                       - Undefined Weak Reference
    _init_alloc                               - Undefined Weak Reference
    _init_user_alloc                          - Undefined Weak Reference
    _initio                                   - Undefined Weak Reference
    _rand_init                                - Undefined Weak Reference
    _signal_finish                            - Undefined Weak Reference
    _signal_init                              - Undefined Weak Reference
    _terminate_alloc                          - Undefined Weak Reference
    _terminate_user_alloc                     - Undefined Weak Reference
    _terminateio                              - Undefined Weak Reference
    __Vectors_Size                           0x00000130   Number         0  startup_stm32f103xe.o ABSOLUTE
    __Vectors                                0x08000000   Data           4  startup_stm32f103xe.o(RESET)
    __Vectors_End                            0x08000130   Data           0  startup_stm32f103xe.o(RESET)
    __main                                   0x08000131   Thumb Code     8  __main.o(!!!main)
    __scatterload                            0x08000139   Thumb Code     0  __scatter.o(!!!scatter)
    __scatterload_rt2                        0x08000139   Thumb Code    44  __scatter.o(!!!scatter)
    __scatterload_rt2_thumb_only             0x08000139   Thumb Code     0  __scatter.o(!!!scatter)
    __scatterload_null                       0x08000147   Thumb Code     0  __scatter.o(!!!scatter)
    __scatterload_copy                       0x0800016d   Thumb Code    26  __scatter_copy.o(!!handler_copy)
    __scatterload_zeroinit                   0x08000189   Thumb Code    28  __scatter_zi.o(!!handler_zi)
    __rt_lib_init                            0x080001a5   Thumb Code     0  libinit.o(.ARM.Collect$$libinit$$00000000)
    __rt_lib_init_alloca_1                   0x080001a7   Thumb Code     0  libinit2.o(.ARM.Collect$$libinit$$00000030)
    __rt_lib_init_argv_1                     0x080001a7   Thumb Code     0  libinit2.o(.ARM.Collect$$libinit$$0000002E)
    __rt_lib_init_atexit_1                   0x080001a7   Thumb Code     0  libinit2.o(.ARM.Collect$$libinit$$0000001D)
    __rt_lib_init_clock_1                    0x080001a7   Thumb Code     0  libinit2.o(.ARM.Collect$$libinit$$00000023)
    __rt_lib_init_cpp_1                      0x080001a7   Thumb Code     0  libinit2.o(.ARM.Collect$$libinit$$00000034)
    __rt_lib_init_exceptions_1               0x080001a7   Thumb Code     0  libinit2.o(.ARM.Collect$$libinit$$00000032)
    __rt_lib_init_fp_1                       0x080001a7   Thumb Code     0  libinit2.o(.ARM.Collect$$libinit$$00000002)
    __rt_lib_init_fp_trap_1                  0x080001a7   Thumb Code     0  libinit2.o(.ARM.Collect$$libinit$$00000021)
    __rt_lib_init_getenv_1                   0x080001a7   Thumb Code     0  libinit2.o(.ARM.Collect$$libinit$$00000025)
    __rt_lib_init_heap_1                     0x080001a7   Thumb Code     0  libinit2.o(.ARM.Collect$$libinit$$0000000C)
    __rt_lib_init_lc_collate_1               0x080001a7   Thumb Code     0  libinit2.o(.ARM.Collect$$libinit$$00000013)
    __rt_lib_init_lc_ctype_1                 0x080001a7   Thumb Code     0  libinit2.o(.ARM.Collect$$libinit$$00000015)
    __rt_lib_init_lc_monetary_1              0x080001a7   Thumb Code     0  libinit2.o(.ARM.Collect$$libinit$$00000017)
    __rt_lib_init_lc_numeric_1               0x080001a7   Thumb Code     0  libinit2.o(.ARM.Collect$$libinit$$00000019)
    __rt_lib_init_lc_time_1                  0x080001a7   Thumb Code     0  libinit2.o(.ARM.Collect$$libinit$$0000001B)
    __rt_lib_init_preinit_1                  0x080001a7   Thumb Code     0  libinit2.o(.ARM.Collect$$libinit$$00000006)
    __rt_lib_init_rand_1                     0x080001a7   Thumb Code     0  libinit2.o(.ARM.Collect$$libinit$$00000010)
    __rt_lib_init_relocate_pie_1             0x080001a7   Thumb Code     0  libinit2.o(.ARM.Collect$$libinit$$00000004)
    __rt_lib_init_return                     0x080001a7   Thumb Code     0  libinit2.o(.ARM.Collect$$libinit$$00000035)
    __rt_lib_init_signal_1                   0x080001a7   Thumb Code     0  libinit2.o(.ARM.Collect$$libinit$$0000001F)
    __rt_lib_init_stdio_1                    0x080001a7   Thumb Code     0  libinit2.o(.ARM.Collect$$libinit$$00000027)
    __rt_lib_init_user_alloc_1               0x080001a7   Thumb Code     0  libinit2.o(.ARM.Collect$$libinit$$0000000E)
    __rt_lib_shutdown                        0x080001a9   Thumb Code     0  libshutdown.o(.ARM.Collect$$libshutdown$$00000000)
    __rt_lib_shutdown_cpp_1                  0x080001ab   Thumb Code     0  libshutdown2.o(.ARM.Collect$$libshutdown$$00000002)
    __rt_lib_shutdown_fp_trap_1              0x080001ab   Thumb Code     0  libshutdown2.o(.ARM.Collect$$libshutdown$$00000007)
    __rt_lib_shutdown_heap_1                 0x080001ab   Thumb Code     0  libshutdown2.o(.ARM.Collect$$libshutdown$$0000000F)
    __rt_lib_shutdown_return                 0x080001ab   Thumb Code     0  libshutdown2.o(.ARM.Collect$$libshutdown$$00000010)
    __rt_lib_shutdown_signal_1               0x080001ab   Thumb Code     0  libshutdown2.o(.ARM.Collect$$libshutdown$$0000000A)
    __rt_lib_shutdown_stdio_1                0x080001ab   Thumb Code     0  libshutdown2.o(.ARM.Collect$$libshutdown$$00000004)
    __rt_lib_shutdown_user_alloc_1           0x080001ab   Thumb Code     0  libshutdown2.o(.ARM.Collect$$libshutdown$$0000000C)
    __rt_entry                               0x080001ad   Thumb Code     0  __rtentry.o(.ARM.Collect$$rtentry$$00000000)
    __rt_entry_presh_1                       0x080001ad   Thumb Code     0  __rtentry2.o(.ARM.Collect$$rtentry$$00000002)
    __rt_entry_sh                            0x080001ad   Thumb Code     0  __rtentry4.o(.ARM.Collect$$rtentry$$00000004)
    __rt_entry_li                            0x080001b3   Thumb Code     0  __rtentry2.o(.ARM.Collect$$rtentry$$0000000A)
    __rt_entry_postsh_1                      0x080001b3   Thumb Code     0  __rtentry2.o(.ARM.Collect$$rtentry$$00000009)
    __rt_entry_main                          0x080001b7   Thumb Code     0  __rtentry2.o(.ARM.Collect$$rtentry$$0000000D)
    __rt_entry_postli_1                      0x080001b7   Thumb Code     0  __rtentry2.o(.ARM.Collect$$rtentry$$0000000C)
    __rt_exit                                0x080001bf   Thumb Code     0  rtexit.o(.ARM.Collect$$rtexit$$00000000)
    __rt_exit_ls                             0x080001c1   Thumb Code     0  rtexit2.o(.ARM.Collect$$rtexit$$00000003)
    __rt_exit_prels_1                        0x080001c1   Thumb Code     0  rtexit2.o(.ARM.Collect$$rtexit$$00000002)
    __rt_exit_exit                           0x080001c5   Thumb Code     0  rtexit2.o(.ARM.Collect$$rtexit$$00000004)
    Reset_Handler                            0x080001cd   Thumb Code     8  startup_stm32f103xe.o(.text)
    CAN1_RX1_IRQHandler                      0x080001e7   Thumb Code     0  startup_stm32f103xe.o(.text)
    CAN1_SCE_IRQHandler                      0x080001e7   Thumb Code     0  startup_stm32f103xe.o(.text)
    DMA1_Channel1_IRQHandler                 0x080001e7   Thumb Code     0  startup_stm32f103xe.o(.text)
    DMA1_Channel2_IRQHandler                 0x080001e7   Thumb Code     0  startup_stm32f103xe.o(.text)
    DMA1_Channel4_IRQHandler                 0x080001e7   Thumb Code     0  startup_stm32f103xe.o(.text)
    DMA1_Channel5_IRQHandler                 0x080001e7   Thumb Code     0  startup_stm32f103xe.o(.text)
    DMA1_Channel6_IRQHandler                 0x080001e7   Thumb Code     0  startup_stm32f103xe.o(.text)
    DMA1_Channel7_IRQHandler                 0x080001e7   Thumb Code     0  startup_stm32f103xe.o(.text)
    DMA2_Channel1_IRQHandler                 0x080001e7   Thumb Code     0  startup_stm32f103xe.o(.text)
    DMA2_Channel2_IRQHandler                 0x080001e7   Thumb Code     0  startup_stm32f103xe.o(.text)
    DMA2_Channel3_IRQHandler                 0x080001e7   Thumb Code     0  startup_stm32f103xe.o(.text)
    DMA2_Channel4_5_IRQHandler               0x080001e7   Thumb Code     0  startup_stm32f103xe.o(.text)
    EXTI15_10_IRQHandler                     0x080001e7   Thumb Code     0  startup_stm32f103xe.o(.text)
    EXTI3_IRQHandler                         0x080001e7   Thumb Code     0  startup_stm32f103xe.o(.text)
    FLASH_IRQHandler                         0x080001e7   Thumb Code     0  startup_stm32f103xe.o(.text)
    FSMC_IRQHandler                          0x080001e7   Thumb Code     0  startup_stm32f103xe.o(.text)
    I2C1_ER_IRQHandler                       0x080001e7   Thumb Code     0  startup_stm32f103xe.o(.text)
    I2C1_EV_IRQHandler                       0x080001e7   Thumb Code     0  startup_stm32f103xe.o(.text)
    I2C2_ER_IRQHandler                       0x080001e7   Thumb Code     0  startup_stm32f103xe.o(.text)
    I2C2_EV_IRQHandler                       0x080001e7   Thumb Code     0  startup_stm32f103xe.o(.text)
    PVD_IRQHandler                           0x080001e7   Thumb Code     0  startup_stm32f103xe.o(.text)
    RCC_IRQHandler                           0x080001e7   Thumb Code     0  startup_stm32f103xe.o(.text)
    RTC_Alarm_IRQHandler                     0x080001e7   Thumb Code     0  startup_stm32f103xe.o(.text)
    RTC_IRQHandler                           0x080001e7   Thumb Code     0  startup_stm32f103xe.o(.text)
    SDIO_IRQHandler                          0x080001e7   Thumb Code     0  startup_stm32f103xe.o(.text)
    SPI2_IRQHandler                          0x080001e7   Thumb Code     0  startup_stm32f103xe.o(.text)
    SPI3_IRQHandler                          0x080001e7   Thumb Code     0  startup_stm32f103xe.o(.text)
    TAMPER_IRQHandler                        0x080001e7   Thumb Code     0  startup_stm32f103xe.o(.text)
    TIM1_BRK_IRQHandler                      0x080001e7   Thumb Code     0  startup_stm32f103xe.o(.text)
    TIM1_CC_IRQHandler                       0x080001e7   Thumb Code     0  startup_stm32f103xe.o(.text)
    TIM1_TRG_COM_IRQHandler                  0x080001e7   Thumb Code     0  startup_stm32f103xe.o(.text)
    TIM1_UP_IRQHandler                       0x080001e7   Thumb Code     0  startup_stm32f103xe.o(.text)
    TIM4_IRQHandler                          0x080001e7   Thumb Code     0  startup_stm32f103xe.o(.text)
    TIM5_IRQHandler                          0x080001e7   Thumb Code     0  startup_stm32f103xe.o(.text)
    TIM8_BRK_IRQHandler                      0x080001e7   Thumb Code     0  startup_stm32f103xe.o(.text)
    TIM8_CC_IRQHandler                       0x080001e7   Thumb Code     0  startup_stm32f103xe.o(.text)
    TIM8_TRG_COM_IRQHandler                  0x080001e7   Thumb Code     0  startup_stm32f103xe.o(.text)
    UART4_IRQHandler                         0x080001e7   Thumb Code     0  startup_stm32f103xe.o(.text)
    UART5_IRQHandler                         0x080001e7   Thumb Code     0  startup_stm32f103xe.o(.text)
    USART2_IRQHandler                        0x080001e7   Thumb Code     0  startup_stm32f103xe.o(.text)
    USBWakeUp_IRQHandler                     0x080001e7   Thumb Code     0  startup_stm32f103xe.o(.text)
    USB_HP_CAN1_TX_IRQHandler                0x080001e7   Thumb Code     0  startup_stm32f103xe.o(.text)
    USB_LP_CAN1_RX0_IRQHandler               0x080001e7   Thumb Code     0  startup_stm32f103xe.o(.text)
    WWDG_IRQHandler                          0x080001e7   Thumb Code     0  startup_stm32f103xe.o(.text)
    __user_initial_stackheap                 0x080001e9   Thumb Code     0  startup_stm32f103xe.o(.text)
    __aeabi_memclr4                          0x0800020d   Thumb Code     0  rt_memclr_w.o(.text)
    __aeabi_memclr8                          0x0800020d   Thumb Code     0  rt_memclr_w.o(.text)
    __rt_memclr_w                            0x0800020d   Thumb Code     0  rt_memclr_w.o(.text)
    _memset_w                                0x08000211   Thumb Code    74  rt_memclr_w.o(.text)
    __use_two_region_memory                  0x0800025b   Thumb Code     2  heapauxi.o(.text)
    __rt_heap_escrow$2region                 0x0800025d   Thumb Code     2  heapauxi.o(.text)
    __rt_heap_expand$2region                 0x0800025f   Thumb Code     2  heapauxi.o(.text)
    __user_setup_stackheap                   0x08000261   Thumb Code    74  sys_stackheap_outer.o(.text)
    exit                                     0x080002ab   Thumb Code    18  exit.o(.text)
    __user_libspace                          0x080002bd   Thumb Code     8  libspace.o(.text)
    __user_perproc_libspace                  0x080002bd   Thumb Code     0  libspace.o(.text)
    __user_perthread_libspace                0x080002bd   Thumb Code     0  libspace.o(.text)
    _sys_exit                                0x080002c5   Thumb Code     8  sys_exit.o(.text)
    __I$use$semihosting                      0x080002d1   Thumb Code     0  use_no_semi.o(.text)
    __use_no_semihosting_swi                 0x080002d1   Thumb Code     2  use_no_semi.o(.text)
    __semihosting_library_function           0x080002d3   Thumb Code     0  indicate_semi.o(.text)
    ADC1_2_IRQHandler                        0x080002d5   Thumb Code     2  stm32f1xx_it.o(.text.ADC1_2_IRQHandler)
    ADC3_IRQHandler                          0x080002d9   Thumb Code     2  stm32f1xx_it.o(.text.ADC3_IRQHandler)
    BusFault_Handler                         0x080002dd   Thumb Code     4  stm32f1xx_it.o(.text.BusFault_Handler)
    DMA1_Channel3_IRQHandler                 0x080002e1   Thumb Code     2  stm32f1xx_it.o(.text.DMA1_Channel3_IRQHandler)
    DebugMon_Handler                         0x080002e5   Thumb Code     2  stm32f1xx_it.o(.text.DebugMon_Handler)
    DrawAbsIncWidget                         0x080002e9   Thumb Code   776  drillwidgets.o(.text.DrawAbsIncWidget)
    DrawCntWidget                            0x080005f1   Thumb Code   178  drillwidgets.o(.text.DrawCntWidget)
    DrawDrillWidget                          0x080006a5   Thumb Code   296  drillwidgets.o(.text.DrawDrillWidget)
    EC_CheckButtons                          0x080007cd   Thumb Code   220  eventcontroller.o(.text.EC_CheckButtons)
    EC_Init                                  0x080008a9   Thumb Code   290  eventcontroller.o(.text.EC_Init)
    EC_ResetEncCnt                           0x080009cd   Thumb Code    14  eventcontroller.o(.text.EC_ResetEncCnt)
    EC_UpdateEncCnt                          0x080009dd   Thumb Code    42  eventcontroller.o(.text.EC_UpdateEncCnt)
    EXTI0_IRQHandler                         0x08000a09   Thumb Code    22  stm32f1xx_it.o(.text.EXTI0_IRQHandler)
    EXTI1_IRQHandler                         0x08000a21   Thumb Code    22  stm32f1xx_it.o(.text.EXTI1_IRQHandler)
    EXTI2_IRQHandler                         0x08000a39   Thumb Code    22  stm32f1xx_it.o(.text.EXTI2_IRQHandler)
    EXTI4_IRQHandler                         0x08000a51   Thumb Code    22  stm32f1xx_it.o(.text.EXTI4_IRQHandler)
    EXTI9_5_IRQHandler                       0x08000a69   Thumb Code    22  stm32f1xx_it.o(.text.EXTI9_5_IRQHandler)
    FP_DeleteParam                           0x08000a81   Thumb Code   176  flashparam.o(.text.FP_DeleteParam)
    FP_GetParam                              0x08000b31   Thumb Code    34  flashparam.o(.text.FP_GetParam)
    FP_SaveParam                             0x08000b55   Thumb Code   386  flashparam.o(.text.FP_SaveParam)
    HardFault_Handler                        0x08000cd9   Thumb Code     4  stm32f1xx_it.o(.text.HardFault_Handler)
    LL_ADC_CommonInit                        0x08000cdd   Thumb Code   148  stm32f1xx_ll_adc.o(.text.LL_ADC_CommonInit)
    LL_ADC_Init                              0x08000d71   Thumb Code    78  stm32f1xx_ll_adc.o(.text.LL_ADC_Init)
    LL_ADC_REG_Init                          0x08000dd1   Thumb Code   146  stm32f1xx_ll_adc.o(.text.LL_ADC_REG_Init)
    LL_DAC_Init                              0x08001115   Thumb Code   150  stm32f1xx_ll_dac.o(.text.LL_DAC_Init)
    LL_EXTI_Init                             0x0800140d   Thumb Code   254  stm32f1xx_ll_exti.o(.text.LL_EXTI_Init)
    LL_GPIO_Init                             0x080015b9   Thumb Code   194  stm32f1xx_ll_gpio.o(.text.LL_GPIO_Init)
    LL_Init1msTick                           0x08001875   Thumb Code    20  stm32f1xx_ll_utils.o(.text.LL_Init1msTick)
    LL_RCC_GetSystemClocksFreq               0x08001911   Thumb Code    54  stm32f1xx_ll_rcc.o(.text.LL_RCC_GetSystemClocksFreq)
    LL_SPI_Init                              0x08001a89   Thumb Code   154  stm32f1xx_ll_spi.o(.text.LL_SPI_Init)
    LL_SetSystemCoreClock                    0x08001b89   Thumb Code    20  stm32f1xx_ll_utils.o(.text.LL_SetSystemCoreClock)
    LL_TIM_Init                              0x08001f0d   Thumb Code   308  stm32f1xx_ll_tim.o(.text.LL_TIM_Init)
    LL_USART_Init                            0x08002115   Thumb Code   248  stm32f1xx_ll_usart.o(.text.LL_USART_Init)
    LL_mDelay                                0x080022a5   Thumb Code    74  stm32f1xx_ll_utils.o(.text.LL_mDelay)
    MOT_Control                              0x080022f1   Thumb Code    72  motor.o(.text.MOT_Control)
    MOT_Init                                 0x08002339   Thumb Code   270  motor.o(.text.MOT_Init)
    MOT_SetDir                               0x08002449   Thumb Code   126  motor.o(.text.MOT_SetDir)
    MOT_SetSpeed                             0x080024c9   Thumb Code   110  motor.o(.text.MOT_SetSpeed)
    MOT_Start                                0x08002539   Thumb Code    50  motor.o(.text.MOT_Start)
    MOT_Stop                                 0x0800256d   Thumb Code    52  motor.o(.text.MOT_Stop)
    MX_ADC1_Init                             0x080025a1   Thumb Code   190  adc.o(.text.MX_ADC1_Init)
    MX_ADC2_Init                             0x08002661   Thumb Code   176  adc.o(.text.MX_ADC2_Init)
    MX_ADC3_Init                             0x08002711   Thumb Code   176  adc.o(.text.MX_ADC3_Init)
    MX_DAC_Init                              0x080027c1   Thumb Code   110  dac.o(.text.MX_DAC_Init)
    MX_DMA_Init                              0x08002831   Thumb Code    42  dma.o(.text.MX_DMA_Init)
    MX_GPIO_Init                             0x0800285d   Thumb Code   690  gpio.o(.text.MX_GPIO_Init)
    MX_SPI1_Init                             0x08002b11   Thumb Code   242  spi.o(.text.MX_SPI1_Init)
    MX_TIM2_Init                             0x08002c05   Thumb Code   242  tim.o(.text.MX_TIM2_Init)
    MX_TIM3_Init                             0x08002cf9   Thumb Code   246  tim.o(.text.MX_TIM3_Init)
    MX_TIM6_Init                             0x08002df1   Thumb Code   108  tim.o(.text.MX_TIM6_Init)
    MX_TIM7_Init                             0x08002e5d   Thumb Code   108  tim.o(.text.MX_TIM7_Init)
    MX_TIM8_Init                             0x08002ec9   Thumb Code   122  tim.o(.text.MX_TIM8_Init)
    MX_USART1_UART_Init                      0x08002f45   Thumb Code   188  usart.o(.text.MX_USART1_UART_Init)
    MX_USART3_UART_Init                      0x08003001   Thumb Code   186  usart.o(.text.MX_USART3_UART_Init)
    MemManage_Handler                        0x080030bd   Thumb Code     4  stm32f1xx_it.o(.text.MemManage_Handler)
    ModeParam_Init                           0x080030c1   Thumb Code    98  drillingmachine.o(.text.ModeParam_Init)
    NMI_Handler                              0x08003125   Thumb Code     4  stm32f1xx_it.o(.text.NMI_Handler)
    PendSV_Handler                           0x0800341d   Thumb Code     2  stm32f1xx_it.o(.text.PendSV_Handler)
    RCC_GetHCLKClockFreq                     0x08003421   Thumb Code    38  stm32f1xx_ll_rcc.o(.text.RCC_GetHCLKClockFreq)
    RCC_GetPCLK1ClockFreq                    0x08003449   Thumb Code    36  stm32f1xx_ll_rcc.o(.text.RCC_GetPCLK1ClockFreq)
    RCC_GetPCLK2ClockFreq                    0x0800346d   Thumb Code    36  stm32f1xx_ll_rcc.o(.text.RCC_GetPCLK2ClockFreq)
    RCC_GetSystemClockFreq                   0x08003491   Thumb Code    86  stm32f1xx_ll_rcc.o(.text.RCC_GetSystemClockFreq)
    RCC_PLL_GetFreqDomain_SYS                0x080034e9   Thumb Code   104  stm32f1xx_ll_rcc.o(.text.RCC_PLL_GetFreqDomain_SYS)
    RUL_modifRelativePosition                0x08003551   Thumb Code    52  ruller.o(.text.RUL_modifRelativePosition)
    SPI1_IRQHandler                          0x08003585   Thumb Code     2  stm32f1xx_it.o(.text.SPI1_IRQHandler)
    SSD1322_API_command                      0x08003589   Thumb Code    32  ssd1322_api.o(.text.SSD1322_API_command)
    SSD1322_API_data                         0x080035a9   Thumb Code    32  ssd1322_api.o(.text.SSD1322_API_data)
    SSD1322_API_init                         0x080035c9   Thumb Code   294  ssd1322_api.o(.text.SSD1322_API_init)
    SSD1322_API_send_buffer                  0x080036f1   Thumb Code    38  ssd1322_api.o(.text.SSD1322_API_send_buffer)
    SSD1322_API_set_window                   0x08003719   Thumb Code    76  ssd1322_api.o(.text.SSD1322_API_set_window)
    SSD1322_HW_SPI_send_array                0x08003765   Thumb Code    48  ssd1322_hw_driver.o(.text.SSD1322_HW_SPI_send_array)
    SSD1322_HW_SPI_send_byte                 0x08003795   Thumb Code    48  ssd1322_hw_driver.o(.text.SSD1322_HW_SPI_send_byte)
    SSD1322_HW_drive_CS_high                 0x080037c5   Thumb Code    20  ssd1322_hw_driver.o(.text.SSD1322_HW_drive_CS_high)
    SSD1322_HW_drive_CS_low                  0x080037d9   Thumb Code    20  ssd1322_hw_driver.o(.text.SSD1322_HW_drive_CS_low)
    SSD1322_HW_drive_DC_high                 0x080037ed   Thumb Code    20  ssd1322_hw_driver.o(.text.SSD1322_HW_drive_DC_high)
    SSD1322_HW_drive_DC_low                  0x08003801   Thumb Code    20  ssd1322_hw_driver.o(.text.SSD1322_HW_drive_DC_low)
    SSD1322_HW_drive_Init                    0x08003815   Thumb Code   240  ssd1322_hw_driver.o(.text.SSD1322_HW_drive_Init)
    SSD1322_HW_drive_RESET_high              0x08003905   Thumb Code    20  ssd1322_hw_driver.o(.text.SSD1322_HW_drive_RESET_high)
    SSD1322_HW_drive_RESET_low               0x08003919   Thumb Code    20  ssd1322_hw_driver.o(.text.SSD1322_HW_drive_RESET_low)
    SSD1322_HW_msDelay                       0x0800392d   Thumb Code    16  ssd1322_hw_driver.o(.text.SSD1322_HW_msDelay)
    SVC_Handler                              0x0800393d   Thumb Code     2  stm32f1xx_it.o(.text.SVC_Handler)
    SysTick_Handler                          0x08003941   Thumb Code   250  stm32f1xx_it.o(.text.SysTick_Handler)
    SystemClock_Config                       0x08003a3d   Thumb Code   146  main.o(.text.SystemClock_Config)
    SystemInit                               0x08003ad1   Thumb Code     2  system_stm32f1xx.o(.text.SystemInit)
    TIM2_IRQHandler                          0x08003ad5   Thumb Code     2  stm32f1xx_it.o(.text.TIM2_IRQHandler)
    TIM3_IRQHandler                          0x08003ad9   Thumb Code     2  stm32f1xx_it.o(.text.TIM3_IRQHandler)
    TIM6_IRQHandler                          0x08003add   Thumb Code    38  stm32f1xx_it.o(.text.TIM6_IRQHandler)
    TIM7_IRQHandler                          0x08003b05   Thumb Code    38  stm32f1xx_it.o(.text.TIM7_IRQHandler)
    TIM8_UP_IRQHandler                       0x08003b2d   Thumb Code   430  stm32f1xx_it.o(.text.TIM8_UP_IRQHandler)
    USART1_IRQHandler                        0x08003cdd   Thumb Code     2  stm32f1xx_it.o(.text.USART1_IRQHandler)
    USART3_IRQHandler                        0x08003ce1   Thumb Code     2  stm32f1xx_it.o(.text.USART3_IRQHandler)
    UsageFault_Handler                       0x08003ce5   Thumb Code     4  stm32f1xx_it.o(.text.UsageFault_Handler)
    draw_bitmap_8bpp                         0x08004091   Thumb Code   172  ssd1322_gfx.o(.text.draw_bitmap_8bpp)
    draw_char                                0x0800413d   Thumb Code   326  ssd1322_gfx.o(.text.draw_char)
    draw_pixel                               0x08004285   Thumb Code   198  ssd1322_gfx.o(.text.draw_pixel)
    draw_rect_filled                         0x0800434d   Thumb Code   134  ssd1322_gfx.o(.text.draw_rect_filled)
    draw_text                                0x080043d5   Thumb Code   112  ssd1322_gfx.o(.text.draw_text)
    intToStr                                 0x08004445   Thumb Code   268  drillwidgets.o(.text.intToStr)
    loadParams                               0x08004551   Thumb Code   194  flashparam.o(.text.loadParams)
    lockFlash                                0x08004615   Thumb Code    14  flashparam.o(.text.lockFlash)
    main                                     0x08004625   Thumb Code  2230  main.o(.text.main)
    select_font                              0x08004edd   Thumb Code    20  ssd1322_gfx.o(.text.select_font)
    send_buffer_to_OLED                      0x08004ef1   Thumb Code    54  ssd1322_gfx.o(.text.send_buffer_to_OLED)
    strlenUTF8                               0x08004f29   Thumb Code    64  drillwidgets.o(.text.strlenUTF8)
    unlockFlash                              0x08004f69   Thumb Code    70  flashparam.o(.text.unlockFlash)
    __aeabi_d2f                              0x08004fb1   Thumb Code     0  d2f.o(x$fpl$d2f)
    _d2f                                     0x08004fb1   Thumb Code    98  d2f.o(x$fpl$d2f)
    __aeabi_i2d                              0x08005013   Thumb Code     0  dflt_clz.o(x$fpl$dflt)
    _dflt                                    0x08005013   Thumb Code    46  dflt_clz.o(x$fpl$dflt)
    __aeabi_dmul                             0x08005041   Thumb Code     0  dmul.o(x$fpl$dmul)
    _dmul                                    0x08005041   Thumb Code   332  dmul.o(x$fpl$dmul)
    __fpl_dnaninf                            0x08005195   Thumb Code   156  dnaninf.o(x$fpl$dnaninf)
    __fpl_dretinf                            0x08005231   Thumb Code    12  dretinf.o(x$fpl$dretinf)
    __aeabi_fadd                             0x0800523d   Thumb Code     0  faddsub_clz.o(x$fpl$fadd)
    _fadd                                    0x0800523d   Thumb Code   196  faddsub_clz.o(x$fpl$fadd)
    __aeabi_fcmpeq                           0x08005301   Thumb Code     0  fcmp.o(x$fpl$fcmp)
    _feq                                     0x08005301   Thumb Code    14  fcmp.o(x$fpl$fcmp)
    _fneq                                    0x0800530f   Thumb Code    14  fcmp.o(x$fpl$fcmp)
    __aeabi_fcmpgt                           0x0800531d   Thumb Code     0  fcmp.o(x$fpl$fcmp)
    _fgr                                     0x0800531d   Thumb Code    14  fcmp.o(x$fpl$fcmp)
    __aeabi_fcmpge                           0x0800532b   Thumb Code     0  fcmp.o(x$fpl$fcmp)
    _fgeq                                    0x0800532b   Thumb Code    14  fcmp.o(x$fpl$fcmp)
    __aeabi_fcmple                           0x08005339   Thumb Code     0  fcmp.o(x$fpl$fcmp)
    _fleq                                    0x08005339   Thumb Code    14  fcmp.o(x$fpl$fcmp)
    __aeabi_fcmplt                           0x08005347   Thumb Code     0  fcmp.o(x$fpl$fcmp)
    _fls                                     0x08005347   Thumb Code    14  fcmp.o(x$fpl$fcmp)
    __fpl_fcmp_Inf                           0x08005355   Thumb Code    24  fcmpi.o(x$fpl$fcmpinf)
    __aeabi_cfcmpeq                          0x0800536d   Thumb Code     0  feqf.o(x$fpl$feqf)
    _fcmpeq                                  0x0800536d   Thumb Code   104  feqf.o(x$fpl$feqf)
    __aeabi_f2iz                             0x080053d5   Thumb Code     0  ffix.o(x$fpl$ffix)
    _ffix                                    0x080053d5   Thumb Code    54  ffix.o(x$fpl$ffix)
    __aeabi_f2uiz                            0x0800540d   Thumb Code     0  ffixu.o(x$fpl$ffixu)
    _ffixu                                   0x0800540d   Thumb Code    62  ffixu.o(x$fpl$ffixu)
    __aeabi_i2f                              0x0800544d   Thumb Code     0  fflt_clz.o(x$fpl$fflt)
    _fflt                                    0x0800544d   Thumb Code    48  fflt_clz.o(x$fpl$fflt)
    __aeabi_ui2f                             0x0800547d   Thumb Code     0  fflt_clz.o(x$fpl$ffltu)
    _ffltu                                   0x0800547d   Thumb Code    38  fflt_clz.o(x$fpl$ffltu)
    _fcmpge                                  0x080054a5   Thumb Code   104  fgeqf.o(x$fpl$fgeqf)
    __aeabi_cfcmple                          0x0800550d   Thumb Code     0  fleqf.o(x$fpl$fleqf)
    _fcmple                                  0x0800550d   Thumb Code   104  fleqf.o(x$fpl$fleqf)
    __fpl_fcmple_InfNaN                      0x0800555f   Thumb Code     0  fleqf.o(x$fpl$fleqf)
    __aeabi_fmul                             0x08005575   Thumb Code     0  fmul.o(x$fpl$fmul)
    _fmul                                    0x08005575   Thumb Code   258  fmul.o(x$fpl$fmul)
    __fpl_fnaninf                            0x08005677   Thumb Code   140  fnaninf.o(x$fpl$fnaninf)
    __fpl_fretinf                            0x08005703   Thumb Code    10  fretinf.o(x$fpl$fretinf)
    __aeabi_fsub                             0x0800570d   Thumb Code     0  faddsub_clz.o(x$fpl$fsub)
    _fsub                                    0x0800570d   Thumb Code   234  faddsub_clz.o(x$fpl$fsub)
    ABS                                      0x080057f6   Data        1914  bitmaps.o(.rodata.ABS)
    __I$use$fp                               0x080057f6   Number         0  usenofp.o(x$fpl$usenofp)
    AHBPrescTable                            0x08005f70   Data          16  system_stm32f1xx.o(.rodata.AHBPrescTable)
    APBPrescTable                            0x08005f80   Data           8  system_stm32f1xx.o(.rodata.APBPrescTable)
    CNT                                      0x08005f90   Data        1914  bitmaps.o(.rodata.CNT)
    CourierCyr6pt8b                          0x0800670c   Data          16  ssd1322_gfx.o(.rodata.CourierCyr6pt8b)
    CourierCyr6pt8bBitmaps                   0x0800671c   Data         825  ssd1322_gfx.o(.rodata.CourierCyr6pt8bBitmaps)
    CourierCyr6pt8bGlyphs                    0x08006a56   Data        1296  ssd1322_gfx.o(.rodata.CourierCyr6pt8bGlyphs)
    DRILL                                    0x08006f66   Data        1044  bitmaps.o(.rodata.DRILL)
    FreeMonoBold9pt7b                        0x0800737c   Data          16  ssd1322_gfx.o(.rodata.FreeMonoBold9pt7b)
    FreeMonoBold9pt7bBitmaps                 0x0800738c   Data        1000  ssd1322_gfx.o(.rodata.FreeMonoBold9pt7bBitmaps)
    FreeMonoBold9pt7bGlyphs                  0x08007774   Data         760  ssd1322_gfx.o(.rodata.FreeMonoBold9pt7bGlyphs)
    FreeSansBold9pt7b                        0x08007a6c   Data          16  ssd1322_gfx.o(.rodata.FreeSansBold9pt7b)
    FreeSansBold9pt7bBitmaps                 0x08007a7c   Data        1230  ssd1322_gfx.o(.rodata.FreeSansBold9pt7bBitmaps)
    FreeSansBold9pt7bGlyphs                  0x08007f4a   Data         760  ssd1322_gfx.o(.rodata.FreeSansBold9pt7bGlyphs)
    INC                                      0x08008242   Data        1914  bitmaps.o(.rodata.INC)
    INC_EDIT                                 0x080089bc   Data        1914  bitmaps.o(.rodata.INC_EDIT)
    INC_WAIT                                 0x08009136   Data        1914  bitmaps.o(.rodata.INC_WAIT)
    TAP                                      0x080098c6   Data        2030  bitmaps.o(.rodata.TAP)
    Region$$Table$$Base                      0x0800a0d0   Number         0  anon$$obj.o(Region$$Table)
    Region$$Table$$Limit                     0x0800a0f0   Number         0  anon$$obj.o(Region$$Table)
    SystemCoreClock                          0x20000000   Data           4  system_stm32f1xx.o(.data.SystemCoreClock)
    _buffer_height                           0x20000004   Data           2  ssd1322_gfx.o(.data._buffer_height)
    _buffer_width                            0x20000006   Data           2  ssd1322_gfx.o(.data._buffer_width)
    buttons                                  0x20000008   Data          20  eventcontroller.o(.data.buttons)
    fp                                       0x2000001c   Data           4  flashparam.o(.data.fp)
    rpmChange                                0x20000020   Data           1  main.o(.data.rpmChange)
    __libspace_start                         0x20000028   Data          96  libspace.o(.bss)
    __temporary_stack_top$libspace           0x20000088   Data           0  libspace.o(.bss)
    absChange                                0x20000088   Data           1  main.o(.bss.absChange)
    absEdit                                  0x20000089   Data           1  main.o(.bss.absEdit)
    cntLine                                  0x2000008c   Data           4  main.o(.bss.cntLine)
    currentMode                              0x20000090   Data           1  drillingmachine.o(.bss.currentMode)
    currentTool                              0x20000091   Data           1  drillingmachine.o(.bss.currentTool)
    encCnt                                   0x20000094   Data           8  eventcontroller.o(.bss.encCnt)
    encKey                                   0x2000009c   Data          16  eventcontroller.o(.bss.encKey)
    forwardRK                                0x200000c4   Data           4  motor.o(.bss.forwardRK)
    gfx_font                                 0x200000c8   Data           4  ssd1322_gfx.o(.bss.gfx_font)
    incChange                                0x200000cc   Data           1  main.o(.bss.incChange)
    incEdit                                  0x200000cd   Data           1  main.o(.bss.incEdit)
    isOrigin                                 0x200000ce   Data           1  main.o(.bss.isOrigin)
    keyAbsoluteOriginSet                     0x200000d0   Data          16  eventcontroller.o(.bss.keyAbsoluteOriginSet)
    keySpindleStart                          0x200000e0   Data          16  eventcontroller.o(.bss.keySpindleStart)
    keySpindleStop                           0x200000f0   Data          16  eventcontroller.o(.bss.keySpindleStop)
    keyToolChange                            0x20000100   Data          16  eventcontroller.o(.bss.keyToolChange)
    ledActiveDrillMode                       0x20000110   Data          12  eventcontroller.o(.bss.ledActiveDrillMode)
    ledActiveTapMode                         0x2000011c   Data          12  eventcontroller.o(.bss.ledActiveTapMode)
    ledKeyAbsoluteOriginSet                  0x20000128   Data          12  eventcontroller.o(.bss.ledKeyAbsoluteOriginSet)
    ledKeySpindleStart                       0x20000134   Data          12  eventcontroller.o(.bss.ledKeySpindleStart)
    ledKeySpindleStop                        0x20000140   Data          12  eventcontroller.o(.bss.ledKeySpindleStop)
    modeParam                                0x2000014c   Data          20  drillingmachine.o(.bss.modeParam)
    motor                                    0x20000160   Data          12  motor.o(.bss.motor)
    numBuf                                   0x2000016c   Data          11  drillwidgets.o(.bss.numBuf)
    oldEncVal                                0x20000178   Data           2  motor.o(.bss.oldEncVal)
    oldPoz                                   0x2000017a   Data           2  ruller.o(.bss.oldPoz)
    position                                 0x2000017c   Data           8  drillingmachine.o(.bss.position)
    relativePosition                         0x20000184   Data           4  ruller.o(.bss.relativePosition)
    reverseRK                                0x20000188   Data           4  motor.o(.bss.reverseRK)
    rk1hg                                    0x2000018c   Data           8  motor.o(.bss.rk1hg)
    rk1low                                   0x20000194   Data           8  motor.o(.bss.rk1low)
    rk2hg                                    0x2000019c   Data           8  motor.o(.bss.rk2hg)
    rk2low                                   0x200001a4   Data           8  motor.o(.bss.rk2low)
    rk3hg                                    0x200001ac   Data           8  motor.o(.bss.rk3hg)
    rk3low                                   0x200001b4   Data           8  motor.o(.bss.rk3low)
    rk4hg                                    0x200001bc   Data           8  motor.o(.bss.rk4hg)
    rk4low                                   0x200001c4   Data           8  motor.o(.bss.rk4low)
    rpmEdit                                  0x200001cc   Data           1  main.o(.bss.rpmEdit)
    tick                                     0x200001d0   Data           4  stm32f1xx_it.o(.bss.tick)
    tx_buf                                   0x200001d4   Data        8192  main.o(.bss.tx_buf)



==============================================================================

Memory Map of the image

  Image Entry point : 0x08000131

  Load Region LR_IROM1 (Base: 0x08000000, Size: 0x0000a118, Max: 0x0003f800, ABSOLUTE)

    Execution Region ER_IROM1 (Exec base: 0x08000000, Load base: 0x08000000, Size: 0x0000a0f0, Max: 0x0003f800, ABSOLUTE)

    Exec Addr    Load Addr    Size         Type   Attr      Idx    E Section Name        Object

    0x08000000   0x08000000   0x00000130   Data   RO            3    RESET               startup_stm32f103xe.o
    0x08000130   0x08000130   0x00000008   Code   RO         1118  * !!!main             c_w.l(__main.o)
    0x08000138   0x08000138   0x00000034   Code   RO         1364    !!!scatter          c_w.l(__scatter.o)
    0x0800016c   0x0800016c   0x0000001a   Code   RO         1366    !!handler_copy      c_w.l(__scatter_copy.o)
    0x08000186   0x08000186   0x00000002   PAD
    0x08000188   0x08000188   0x0000001c   Code   RO         1368    !!handler_zi        c_w.l(__scatter_zi.o)
    0x080001a4   0x080001a4   0x00000002   Code   RO         1226    .ARM.Collect$$libinit$$00000000  c_w.l(libinit.o)
    0x080001a6   0x080001a6   0x00000000   Code   RO         1233    .ARM.Collect$$libinit$$00000002  c_w.l(libinit2.o)
    0x080001a6   0x080001a6   0x00000000   Code   RO         1235    .ARM.Collect$$libinit$$00000004  c_w.l(libinit2.o)
    0x080001a6   0x080001a6   0x00000000   Code   RO         1237    .ARM.Collect$$libinit$$00000006  c_w.l(libinit2.o)
    0x080001a6   0x080001a6   0x00000000   Code   RO         1240    .ARM.Collect$$libinit$$0000000C  c_w.l(libinit2.o)
    0x080001a6   0x080001a6   0x00000000   Code   RO         1242    .ARM.Collect$$libinit$$0000000E  c_w.l(libinit2.o)
    0x080001a6   0x080001a6   0x00000000   Code   RO         1244    .ARM.Collect$$libinit$$00000010  c_w.l(libinit2.o)
    0x080001a6   0x080001a6   0x00000000   Code   RO         1247    .ARM.Collect$$libinit$$00000013  c_w.l(libinit2.o)
    0x080001a6   0x080001a6   0x00000000   Code   RO         1249    .ARM.Collect$$libinit$$00000015  c_w.l(libinit2.o)
    0x080001a6   0x080001a6   0x00000000   Code   RO         1251    .ARM.Collect$$libinit$$00000017  c_w.l(libinit2.o)
    0x080001a6   0x080001a6   0x00000000   Code   RO         1253    .ARM.Collect$$libinit$$00000019  c_w.l(libinit2.o)
    0x080001a6   0x080001a6   0x00000000   Code   RO         1255    .ARM.Collect$$libinit$$0000001B  c_w.l(libinit2.o)
    0x080001a6   0x080001a6   0x00000000   Code   RO         1257    .ARM.Collect$$libinit$$0000001D  c_w.l(libinit2.o)
    0x080001a6   0x080001a6   0x00000000   Code   RO         1259    .ARM.Collect$$libinit$$0000001F  c_w.l(libinit2.o)
    0x080001a6   0x080001a6   0x00000000   Code   RO         1261    .ARM.Collect$$libinit$$00000021  c_w.l(libinit2.o)
    0x080001a6   0x080001a6   0x00000000   Code   RO         1263    .ARM.Collect$$libinit$$00000023  c_w.l(libinit2.o)
    0x080001a6   0x080001a6   0x00000000   Code   RO         1265    .ARM.Collect$$libinit$$00000025  c_w.l(libinit2.o)
    0x080001a6   0x080001a6   0x00000000   Code   RO         1267    .ARM.Collect$$libinit$$00000027  c_w.l(libinit2.o)
    0x080001a6   0x080001a6   0x00000000   Code   RO         1271    .ARM.Collect$$libinit$$0000002E  c_w.l(libinit2.o)
    0x080001a6   0x080001a6   0x00000000   Code   RO         1273    .ARM.Collect$$libinit$$00000030  c_w.l(libinit2.o)
    0x080001a6   0x080001a6   0x00000000   Code   RO         1275    .ARM.Collect$$libinit$$00000032  c_w.l(libinit2.o)
    0x080001a6   0x080001a6   0x00000000   Code   RO         1277    .ARM.Collect$$libinit$$00000034  c_w.l(libinit2.o)
    0x080001a6   0x080001a6   0x00000002   Code   RO         1278    .ARM.Collect$$libinit$$00000035  c_w.l(libinit2.o)
    0x080001a8   0x080001a8   0x00000002   Code   RO         1300    .ARM.Collect$$libshutdown$$00000000  c_w.l(libshutdown.o)
    0x080001aa   0x080001aa   0x00000000   Code   RO         1315    .ARM.Collect$$libshutdown$$00000002  c_w.l(libshutdown2.o)
    0x080001aa   0x080001aa   0x00000000   Code   RO         1317    .ARM.Collect$$libshutdown$$00000004  c_w.l(libshutdown2.o)
    0x080001aa   0x080001aa   0x00000000   Code   RO         1320    .ARM.Collect$$libshutdown$$00000007  c_w.l(libshutdown2.o)
    0x080001aa   0x080001aa   0x00000000   Code   RO         1323    .ARM.Collect$$libshutdown$$0000000A  c_w.l(libshutdown2.o)
    0x080001aa   0x080001aa   0x00000000   Code   RO         1325    .ARM.Collect$$libshutdown$$0000000C  c_w.l(libshutdown2.o)
    0x080001aa   0x080001aa   0x00000000   Code   RO         1328    .ARM.Collect$$libshutdown$$0000000F  c_w.l(libshutdown2.o)
    0x080001aa   0x080001aa   0x00000002   Code   RO         1329    .ARM.Collect$$libshutdown$$00000010  c_w.l(libshutdown2.o)
    0x080001ac   0x080001ac   0x00000000   Code   RO         1176    .ARM.Collect$$rtentry$$00000000  c_w.l(__rtentry.o)
    0x080001ac   0x080001ac   0x00000000   Code   RO         1199    .ARM.Collect$$rtentry$$00000002  c_w.l(__rtentry2.o)
    0x080001ac   0x080001ac   0x00000006   Code   RO         1211    .ARM.Collect$$rtentry$$00000004  c_w.l(__rtentry4.o)
    0x080001b2   0x080001b2   0x00000000   Code   RO         1201    .ARM.Collect$$rtentry$$00000009  c_w.l(__rtentry2.o)
    0x080001b2   0x080001b2   0x00000004   Code   RO         1202    .ARM.Collect$$rtentry$$0000000A  c_w.l(__rtentry2.o)
    0x080001b6   0x080001b6   0x00000000   Code   RO         1204    .ARM.Collect$$rtentry$$0000000C  c_w.l(__rtentry2.o)
    0x080001b6   0x080001b6   0x00000008   Code   RO         1205    .ARM.Collect$$rtentry$$0000000D  c_w.l(__rtentry2.o)
    0x080001be   0x080001be   0x00000002   Code   RO         1230    .ARM.Collect$$rtexit$$00000000  c_w.l(rtexit.o)
    0x080001c0   0x080001c0   0x00000000   Code   RO         1280    .ARM.Collect$$rtexit$$00000002  c_w.l(rtexit2.o)
    0x080001c0   0x080001c0   0x00000004   Code   RO         1281    .ARM.Collect$$rtexit$$00000003  c_w.l(rtexit2.o)
    0x080001c4   0x080001c4   0x00000006   Code   RO         1282    .ARM.Collect$$rtexit$$00000004  c_w.l(rtexit2.o)
    0x080001ca   0x080001ca   0x00000002   PAD
    0x080001cc   0x080001cc   0x00000040   Code   RO            4    .text               startup_stm32f103xe.o
    0x0800020c   0x0800020c   0x0000004e   Code   RO         1114    .text               c_w.l(rt_memclr_w.o)
    0x0800025a   0x0800025a   0x00000006   Code   RO         1116    .text               c_w.l(heapauxi.o)
    0x08000260   0x08000260   0x0000004a   Code   RO         1217    .text               c_w.l(sys_stackheap_outer.o)
    0x080002aa   0x080002aa   0x00000012   Code   RO         1219    .text               c_w.l(exit.o)
    0x080002bc   0x080002bc   0x00000008   Code   RO         1227    .text               c_w.l(libspace.o)
    0x080002c4   0x080002c4   0x0000000c   Code   RO         1290    .text               c_w.l(sys_exit.o)
    0x080002d0   0x080002d0   0x00000002   Code   RO         1305    .text               c_w.l(use_no_semi.o)
    0x080002d2   0x080002d2   0x00000000   Code   RO         1307    .text               c_w.l(indicate_semi.o)
    0x080002d2   0x080002d2   0x00000002   PAD
    0x080002d4   0x080002d4   0x00000002   Code   RO          323    .text.ADC1_2_IRQHandler  stm32f1xx_it.o
    0x080002d6   0x080002d6   0x00000002   PAD
    0x080002d8   0x080002d8   0x00000002   Code   RO          345    .text.ADC3_IRQHandler  stm32f1xx_it.o
    0x080002da   0x080002da   0x00000002   PAD
    0x080002dc   0x080002dc   0x00000004   Code   RO          295    .text.BusFault_Handler  stm32f1xx_it.o
    0x080002e0   0x080002e0   0x00000002   Code   RO          321    .text.DMA1_Channel3_IRQHandler  stm32f1xx_it.o
    0x080002e2   0x080002e2   0x00000002   PAD
    0x080002e4   0x080002e4   0x00000002   Code   RO          301    .text.DebugMon_Handler  stm32f1xx_it.o
    0x080002e6   0x080002e6   0x00000002   PAD
    0x080002e8   0x080002e8   0x00000308   Code   RO         1037    .text.DrawAbsIncWidget  drillwidgets.o
    0x080005f0   0x080005f0   0x000000b2   Code   RO         1039    .text.DrawCntWidget  drillwidgets.o
    0x080006a2   0x080006a2   0x00000002   PAD
    0x080006a4   0x080006a4   0x00000128   Code   RO         1033    .text.DrawDrillWidget  drillwidgets.o
    0x080007cc   0x080007cc   0x000000dc   Code   RO          946    .text.EC_CheckButtons  eventcontroller.o
    0x080008a8   0x080008a8   0x00000122   Code   RO          950    .text.EC_Init       eventcontroller.o
    0x080009ca   0x080009ca   0x00000002   PAD
    0x080009cc   0x080009cc   0x0000000e   Code   RO          962    .text.EC_ResetEncCnt  eventcontroller.o
    0x080009da   0x080009da   0x00000002   PAD
    0x080009dc   0x080009dc   0x0000002a   Code   RO          958    .text.EC_UpdateEncCnt  eventcontroller.o
    0x08000a06   0x08000a06   0x00000002   PAD
    0x08000a08   0x08000a08   0x00000016   Code   RO          309    .text.EXTI0_IRQHandler  stm32f1xx_it.o
    0x08000a1e   0x08000a1e   0x00000002   PAD
    0x08000a20   0x08000a20   0x00000016   Code   RO          315    .text.EXTI1_IRQHandler  stm32f1xx_it.o
    0x08000a36   0x08000a36   0x00000002   PAD
    0x08000a38   0x08000a38   0x00000016   Code   RO          317    .text.EXTI2_IRQHandler  stm32f1xx_it.o
    0x08000a4e   0x08000a4e   0x00000002   PAD
    0x08000a50   0x08000a50   0x00000016   Code   RO          319    .text.EXTI4_IRQHandler  stm32f1xx_it.o
    0x08000a66   0x08000a66   0x00000002   PAD
    0x08000a68   0x08000a68   0x00000016   Code   RO          325    .text.EXTI9_5_IRQHandler  stm32f1xx_it.o
    0x08000a7e   0x08000a7e   0x00000002   PAD
    0x08000a80   0x08000a80   0x000000b0   Code   RO         1069    .text.FP_DeleteParam  flashparam.o
    0x08000b30   0x08000b30   0x00000022   Code   RO         1063    .text.FP_GetParam   flashparam.o
    0x08000b52   0x08000b52   0x00000002   PAD
    0x08000b54   0x08000b54   0x00000182   Code   RO         1067    .text.FP_SaveParam  flashparam.o
    0x08000cd6   0x08000cd6   0x00000002   PAD
    0x08000cd8   0x08000cd8   0x00000004   Code   RO          291    .text.HardFault_Handler  stm32f1xx_it.o
    0x08000cdc   0x08000cdc   0x00000094   Code   RO          390    .text.LL_ADC_CommonInit  stm32f1xx_ll_adc.o
    0x08000d70   0x08000d70   0x0000004e   Code   RO          404    .text.LL_ADC_Init   stm32f1xx_ll_adc.o
    0x08000dbe   0x08000dbe   0x00000002   PAD
    0x08000dc0   0x08000dc0   0x00000010   Code   RO          392    .text.LL_ADC_IsEnabled  stm32f1xx_ll_adc.o
    0x08000dd0   0x08000dd0   0x00000092   Code   RO          408    .text.LL_ADC_REG_Init  stm32f1xx_ll_adc.o
    0x08000e62   0x08000e62   0x00000002   PAD
    0x08000e64   0x08000e64   0x0000001a   Code   RO          410    .text.LL_ADC_REG_SetSequencerLength  stm32f1xx_ll_adc.o
    0x08000e7e   0x08000e7e   0x00000002   PAD
    0x08000e80   0x08000e80   0x0000003a   Code   RO          127    .text.LL_ADC_REG_SetSequencerRanks  adc.o
    0x08000eba   0x08000eba   0x00000002   PAD
    0x08000ebc   0x08000ebc   0x00000036   Code   RO          129    .text.LL_ADC_SetChannelSamplingTime  adc.o
    0x08000ef2   0x08000ef2   0x00000002   PAD
    0x08000ef4   0x08000ef4   0x00000022   Code   RO          159    .text.LL_AHB1_GRP1_EnableClock  dma.o
    0x08000f16   0x08000f16   0x00000002   PAD
    0x08000f18   0x08000f18   0x00000022   Code   RO           15    .text.LL_APB1_GRP1_EnableClock  main.o
    0x08000f3a   0x08000f3a   0x00000002   PAD
    0x08000f3c   0x08000f3c   0x00000022   Code   RO          144    .text.LL_APB1_GRP1_EnableClock  dac.o
    0x08000f5e   0x08000f5e   0x00000002   PAD
    0x08000f60   0x08000f60   0x00000022   Code   RO          214    .text.LL_APB1_GRP1_EnableClock  tim.o
    0x08000f82   0x08000f82   0x00000002   PAD
    0x08000f84   0x08000f84   0x00000022   Code   RO          280    .text.LL_APB1_GRP1_EnableClock  usart.o
    0x08000fa6   0x08000fa6   0x00000002   PAD
    0x08000fa8   0x08000fa8   0x00000022   Code   RO           13    .text.LL_APB2_GRP1_EnableClock  main.o
    0x08000fca   0x08000fca   0x00000002   PAD
    0x08000fcc   0x08000fcc   0x00000022   Code   RO           90    .text.LL_APB2_GRP1_EnableClock  gpio.o
    0x08000fee   0x08000fee   0x00000002   PAD
    0x08000ff0   0x08000ff0   0x00000022   Code   RO          117    .text.LL_APB2_GRP1_EnableClock  adc.o
    0x08001012   0x08001012   0x00000002   PAD
    0x08001014   0x08001014   0x00000022   Code   RO          146    .text.LL_APB2_GRP1_EnableClock  dac.o
    0x08001036   0x08001036   0x00000002   PAD
    0x08001038   0x08001038   0x00000022   Code   RO          178    .text.LL_APB2_GRP1_EnableClock  spi.o
    0x0800105a   0x0800105a   0x00000002   PAD
    0x0800105c   0x0800105c   0x00000022   Code   RO          216    .text.LL_APB2_GRP1_EnableClock  tim.o
    0x0800107e   0x0800107e   0x00000002   PAD
    0x08001080   0x08001080   0x00000022   Code   RO          264    .text.LL_APB2_GRP1_EnableClock  usart.o
    0x080010a2   0x080010a2   0x00000002   PAD
    0x080010a4   0x080010a4   0x0000002e   Code   RO         1001    .text.LL_DAC_ConvertData12RightAligned  motor.o
    0x080010d2   0x080010d2   0x00000002   PAD
    0x080010d4   0x080010d4   0x0000001e   Code   RO          148    .text.LL_DAC_DisableTrigger  dac.o
    0x080010f2   0x080010f2   0x00000002   PAD
    0x080010f4   0x080010f4   0x0000001e   Code   RO          993    .text.LL_DAC_Enable  motor.o
    0x08001112   0x08001112   0x00000002   PAD
    0x08001114   0x08001114   0x00000096   Code   RO          616    .text.LL_DAC_Init   stm32f1xx_ll_dac.o
    0x080011aa   0x080011aa   0x00000002   PAD
    0x080011ac   0x080011ac   0x0000001a   Code   RO          618    .text.LL_DAC_IsEnabled  stm32f1xx_ll_dac.o
    0x080011c6   0x080011c6   0x00000002   PAD
    0x080011c8   0x080011c8   0x00000034   Code   RO          184    .text.LL_DMA_SetChannelPriorityLevel  spi.o
    0x080011fc   0x080011fc   0x00000036   Code   RO          182    .text.LL_DMA_SetDataTransferDirection  spi.o
    0x08001232   0x08001232   0x00000002   PAD
    0x08001234   0x08001234   0x00000034   Code   RO          190    .text.LL_DMA_SetMemoryIncMode  spi.o
    0x08001268   0x08001268   0x00000034   Code   RO          194    .text.LL_DMA_SetMemorySize  spi.o
    0x0800129c   0x0800129c   0x00000034   Code   RO          186    .text.LL_DMA_SetMode  spi.o
    0x080012d0   0x080012d0   0x00000034   Code   RO          188    .text.LL_DMA_SetPeriphIncMode  spi.o
    0x08001304   0x08001304   0x00000034   Code   RO          192    .text.LL_DMA_SetPeriphSize  spi.o
    0x08001338   0x08001338   0x00000014   Code   RO          313    .text.LL_EXTI_ClearFlag_0_31  stm32f1xx_it.o
    0x0800134c   0x0800134c   0x00000018   Code   RO          585    .text.LL_EXTI_DisableEvent_0_31  stm32f1xx_ll_exti.o
    0x08001364   0x08001364   0x00000018   Code   RO          593    .text.LL_EXTI_DisableFallingTrig_0_31  stm32f1xx_ll_exti.o
    0x0800137c   0x0800137c   0x00000018   Code   RO          589    .text.LL_EXTI_DisableIT_0_31  stm32f1xx_ll_exti.o
    0x08001394   0x08001394   0x00000018   Code   RO          597    .text.LL_EXTI_DisableRisingTrig_0_31  stm32f1xx_ll_exti.o
    0x080013ac   0x080013ac   0x00000018   Code   RO          591    .text.LL_EXTI_EnableEvent_0_31  stm32f1xx_ll_exti.o
    0x080013c4   0x080013c4   0x00000018   Code   RO          599    .text.LL_EXTI_EnableFallingTrig_0_31  stm32f1xx_ll_exti.o
    0x080013dc   0x080013dc   0x00000018   Code   RO          587    .text.LL_EXTI_EnableIT_0_31  stm32f1xx_ll_exti.o
    0x080013f4   0x080013f4   0x00000018   Code   RO          595    .text.LL_EXTI_EnableRisingTrig_0_31  stm32f1xx_ll_exti.o
    0x0800140c   0x0800140c   0x000000fe   Code   RO          583    .text.LL_EXTI_Init  stm32f1xx_ll_exti.o
    0x0800150a   0x0800150a   0x00000002   PAD
    0x0800150c   0x0800150c   0x0000001e   Code   RO          311    .text.LL_EXTI_IsActiveFlag_0_31  stm32f1xx_it.o
    0x0800152a   0x0800152a   0x00000002   PAD
    0x0800152c   0x0800152c   0x00000010   Code   RO           43    .text.LL_FLASH_GetLatency  main.o
    0x0800153c   0x0800153c   0x0000001c   Code   RO           41    .text.LL_FLASH_SetLatency  main.o
    0x08001558   0x08001558   0x00000014   Code   RO          180    .text.LL_GPIO_AF_EnableRemap_SPI1  spi.o
    0x0800156c   0x0800156c   0x00000012   Code   RO           25    .text.LL_GPIO_AF_Remap_SWJ_NOJTAG  main.o
    0x0800157e   0x0800157e   0x00000002   PAD
    0x08001580   0x08001580   0x00000038   Code   RO           94    .text.LL_GPIO_AF_SetEXTISource  gpio.o
    0x080015b8   0x080015b8   0x000000c2   Code   RO          365    .text.LL_GPIO_Init  stm32f1xx_ll_gpio.o
    0x0800167a   0x0800167a   0x00000002   PAD
    0x0800167c   0x0800167c   0x0000001c   Code   RO          948    .text.LL_GPIO_IsInputPinSet  eventcontroller.o
    0x08001698   0x08001698   0x00000012   Code   RO           37    .text.LL_GPIO_ResetOutputPin  main.o
    0x080016aa   0x080016aa   0x00000002   PAD
    0x080016ac   0x080016ac   0x00000012   Code   RO           92    .text.LL_GPIO_ResetOutputPin  gpio.o
    0x080016be   0x080016be   0x00000002   PAD
    0x080016c0   0x080016c0   0x00000012   Code   RO          909    .text.LL_GPIO_ResetOutputPin  ssd1322_hw_driver.o
    0x080016d2   0x080016d2   0x00000002   PAD
    0x080016d4   0x080016d4   0x00000012   Code   RO         1007    .text.LL_GPIO_ResetOutputPin  motor.o
    0x080016e6   0x080016e6   0x00000002   PAD
    0x080016e8   0x080016e8   0x00000012   Code   RO           29    .text.LL_GPIO_SetOutputPin  main.o
    0x080016fa   0x080016fa   0x00000002   PAD
    0x080016fc   0x080016fc   0x00000012   Code   RO          911    .text.LL_GPIO_SetOutputPin  ssd1322_hw_driver.o
    0x0800170e   0x0800170e   0x00000002   PAD
    0x08001710   0x08001710   0x00000012   Code   RO         1005    .text.LL_GPIO_SetOutputPin  motor.o
    0x08001722   0x08001722   0x00000002   PAD
    0x08001724   0x08001724   0x00000034   Code   RO           96    .text.LL_GPIO_SetPinMode  gpio.o
    0x08001758   0x08001758   0x00000034   Code   RO          369    .text.LL_GPIO_SetPinMode  stm32f1xx_ll_gpio.o
    0x0800178c   0x0800178c   0x00000034   Code   RO          373    .text.LL_GPIO_SetPinOutputType  stm32f1xx_ll_gpio.o
    0x080017c0   0x080017c0   0x0000002a   Code   RO           98    .text.LL_GPIO_SetPinPull  gpio.o
    0x080017ea   0x080017ea   0x00000002   PAD
    0x080017ec   0x080017ec   0x0000002a   Code   RO          367    .text.LL_GPIO_SetPinPull  stm32f1xx_ll_gpio.o
    0x08001816   0x08001816   0x00000002   PAD
    0x08001818   0x08001818   0x00000034   Code   RO          371    .text.LL_GPIO_SetPinSpeed  stm32f1xx_ll_gpio.o
    0x0800184c   0x0800184c   0x00000028   Code   RO          307    .text.LL_GPIO_TogglePin  stm32f1xx_it.o
    0x08001874   0x08001874   0x00000014   Code   RO          518    .text.LL_Init1msTick  stm32f1xx_ll_utils.o
    0x08001888   0x08001888   0x00000036   Code   RO          520    .text.LL_InitTick   stm32f1xx_ll_utils.o
    0x080018be   0x080018be   0x00000002   PAD
    0x080018c0   0x080018c0   0x00000010   Code   RO          499    .text.LL_RCC_GetAHBPrescaler  stm32f1xx_ll_rcc.o
    0x080018d0   0x080018d0   0x00000010   Code   RO          501    .text.LL_RCC_GetAPB1Prescaler  stm32f1xx_ll_rcc.o
    0x080018e0   0x080018e0   0x00000010   Code   RO          503    .text.LL_RCC_GetAPB2Prescaler  stm32f1xx_ll_rcc.o
    0x080018f0   0x080018f0   0x00000010   Code   RO           63    .text.LL_RCC_GetSysClkSource  main.o
    0x08001900   0x08001900   0x00000010   Code   RO          471    .text.LL_RCC_GetSysClkSource  stm32f1xx_ll_rcc.o
    0x08001910   0x08001910   0x00000036   Code   RO          479    .text.LL_RCC_GetSystemClocksFreq  stm32f1xx_ll_rcc.o
    0x08001946   0x08001946   0x00000002   PAD
    0x08001948   0x08001948   0x00000012   Code   RO           45    .text.LL_RCC_HSE_Enable  main.o
    0x0800195a   0x0800195a   0x00000002   PAD
    0x0800195c   0x0800195c   0x00000010   Code   RO           47    .text.LL_RCC_HSE_IsReady  main.o
    0x0800196c   0x0800196c   0x00000026   Code   RO           49    .text.LL_RCC_PLL_ConfigDomain_SYS  main.o
    0x08001992   0x08001992   0x00000002   PAD
    0x08001994   0x08001994   0x00000012   Code   RO           51    .text.LL_RCC_PLL_Enable  main.o
    0x080019a6   0x080019a6   0x00000002   PAD
    0x080019a8   0x080019a8   0x00000010   Code   RO          505    .text.LL_RCC_PLL_GetMainSource  stm32f1xx_ll_rcc.o
    0x080019b8   0x080019b8   0x00000010   Code   RO          509    .text.LL_RCC_PLL_GetMultiplicator  stm32f1xx_ll_rcc.o
    0x080019c8   0x080019c8   0x00000010   Code   RO          507    .text.LL_RCC_PLL_GetPrediv  stm32f1xx_ll_rcc.o
    0x080019d8   0x080019d8   0x00000010   Code   RO           53    .text.LL_RCC_PLL_IsReady  main.o
    0x080019e8   0x080019e8   0x0000001c   Code   RO           65    .text.LL_RCC_SetADCClockSource  main.o
    0x08001a04   0x08001a04   0x0000001c   Code   RO           55    .text.LL_RCC_SetAHBPrescaler  main.o
    0x08001a20   0x08001a20   0x0000001c   Code   RO           57    .text.LL_RCC_SetAPB1Prescaler  main.o
    0x08001a3c   0x08001a3c   0x0000001c   Code   RO           59    .text.LL_RCC_SetAPB2Prescaler  main.o
    0x08001a58   0x08001a58   0x0000001c   Code   RO           61    .text.LL_RCC_SetSysClkSource  main.o
    0x08001a74   0x08001a74   0x00000012   Code   RO          913    .text.LL_SPI_Enable  ssd1322_hw_driver.o
    0x08001a86   0x08001a86   0x00000002   PAD
    0x08001a88   0x08001a88   0x0000009a   Code   RO          639    .text.LL_SPI_Init   stm32f1xx_ll_spi.o
    0x08001b22   0x08001b22   0x00000002   PAD
    0x08001b24   0x08001b24   0x00000010   Code   RO          931    .text.LL_SPI_IsActiveFlag_BSY  ssd1322_hw_driver.o
    0x08001b34   0x08001b34   0x00000010   Code   RO          641    .text.LL_SPI_IsEnabled  stm32f1xx_ll_spi.o
    0x08001b44   0x08001b44   0x00000012   Code   RO          643    .text.LL_SPI_SetCRCPolynomial  stm32f1xx_ll_spi.o
    0x08001b56   0x08001b56   0x00000002   PAD
    0x08001b58   0x08001b58   0x0000001a   Code   RO          929    .text.LL_SPI_TransmitData8  ssd1322_hw_driver.o
    0x08001b72   0x08001b72   0x00000002   PAD
    0x08001b74   0x08001b74   0x00000012   Code   RO           35    .text.LL_SYSTICK_EnableIT  main.o
    0x08001b86   0x08001b86   0x00000002   PAD
    0x08001b88   0x08001b88   0x00000014   Code   RO          524    .text.LL_SetSystemCoreClock  stm32f1xx_ll_utils.o
    0x08001b9c   0x08001b9c   0x00000010   Code   RO          343    .text.LL_TIM_ClearFlag_UPDATE  stm32f1xx_it.o
    0x08001bac   0x08001bac   0x00000012   Code   RO          236    .text.LL_TIM_DisableARRPreload  tim.o
    0x08001bbe   0x08001bbe   0x00000002   PAD
    0x08001bc0   0x08001bc0   0x00000012   Code   RO          240    .text.LL_TIM_DisableMasterSlaveMode  tim.o
    0x08001bd2   0x08001bd2   0x00000002   PAD
    0x08001bd4   0x08001bd4   0x00000012   Code   RO           33    .text.LL_TIM_EnableCounter  main.o
    0x08001be6   0x08001be6   0x00000002   PAD
    0x08001be8   0x08001be8   0x00000012   Code   RO           31    .text.LL_TIM_EnableIT_UPDATE  main.o
    0x08001bfa   0x08001bfa   0x00000002   PAD
    0x08001bfc   0x08001bfc   0x00000012   Code   RO          697    .text.LL_TIM_GenerateEvent_UPDATE  stm32f1xx_ll_tim.o
    0x08001c0e   0x08001c0e   0x00000002   PAD
    0x08001c10   0x08001c10   0x0000000c   Code   RO          341    .text.LL_TIM_GetCounter  stm32f1xx_it.o
    0x08001c1c   0x08001c1c   0x0000000c   Code   RO          960    .text.LL_TIM_GetCounter  eventcontroller.o
    0x08001c28   0x08001c28   0x0000000c   Code   RO          991    .text.LL_TIM_GetCounter  motor.o
    0x08001c34   0x08001c34   0x000000bc   Code   RO          228    .text.LL_TIM_IC_SetActiveInput  tim.o
    0x08001cf0   0x08001cf0   0x000000bc   Code   RO          232    .text.LL_TIM_IC_SetFilter  tim.o
    0x08001dac   0x08001dac   0x000000a4   Code   RO          234    .text.LL_TIM_IC_SetPolarity  tim.o
    0x08001e50   0x08001e50   0x000000bc   Code   RO          230    .text.LL_TIM_IC_SetPrescaler  tim.o
    0x08001f0c   0x08001f0c   0x00000134   Code   RO          689    .text.LL_TIM_Init   stm32f1xx_ll_tim.o
    0x08002040   0x08002040   0x00000010   Code   RO          339    .text.LL_TIM_IsActiveFlag_UPDATE  stm32f1xx_it.o
    0x08002050   0x08002050   0x00000010   Code   RO          691    .text.LL_TIM_SetAutoReload  stm32f1xx_ll_tim.o
    0x08002060   0x08002060   0x0000001c   Code   RO          250    .text.LL_TIM_SetClockSource  tim.o
    0x0800207c   0x0800207c   0x00000010   Code   RO           39    .text.LL_TIM_SetCounter  main.o
    0x0800208c   0x0800208c   0x0000001a   Code   RO          226    .text.LL_TIM_SetEncoderMode  tim.o
    0x080020a6   0x080020a6   0x00000002   PAD
    0x080020a8   0x080020a8   0x00000010   Code   RO          693    .text.LL_TIM_SetPrescaler  stm32f1xx_ll_tim.o
    0x080020b8   0x080020b8   0x00000010   Code   RO          695    .text.LL_TIM_SetRepetitionCounter  stm32f1xx_ll_tim.o
    0x080020c8   0x080020c8   0x0000001a   Code   RO          238    .text.LL_TIM_SetTriggerOutput  tim.o
    0x080020e2   0x080020e2   0x00000002   PAD
    0x080020e4   0x080020e4   0x0000001c   Code   RO          274    .text.LL_USART_ConfigAsyncMode  usart.o
    0x08002100   0x08002100   0x00000012   Code   RO          276    .text.LL_USART_Enable  usart.o
    0x08002112   0x08002112   0x00000002   PAD
    0x08002114   0x08002114   0x000000f8   Code   RO          762    .text.LL_USART_Init  stm32f1xx_ll_usart.o
    0x0800220c   0x0800220c   0x00000010   Code   RO          764    .text.LL_USART_IsEnabled  stm32f1xx_ll_usart.o
    0x0800221c   0x0800221c   0x0000004e   Code   RO          770    .text.LL_USART_SetBaudRate  stm32f1xx_ll_usart.o
    0x0800226a   0x0800226a   0x00000002   PAD
    0x0800226c   0x0800226c   0x0000001a   Code   RO          768    .text.LL_USART_SetHWFlowCtrl  stm32f1xx_ll_usart.o
    0x08002286   0x08002286   0x00000002   PAD
    0x08002288   0x08002288   0x0000001a   Code   RO          766    .text.LL_USART_SetStopBitsLength  stm32f1xx_ll_usart.o
    0x080022a2   0x080022a2   0x00000002   PAD
    0x080022a4   0x080022a4   0x0000004a   Code   RO          522    .text.LL_mDelay     stm32f1xx_ll_utils.o
    0x080022ee   0x080022ee   0x00000002   PAD
    0x080022f0   0x080022f0   0x00000048   Code   RO          995    .text.MOT_Control   motor.o
    0x08002338   0x08002338   0x0000010e   Code   RO          987    .text.MOT_Init      motor.o
    0x08002446   0x08002446   0x00000002   PAD
    0x08002448   0x08002448   0x0000007e   Code   RO         1003    .text.MOT_SetDir    motor.o
    0x080024c6   0x080024c6   0x00000002   PAD
    0x080024c8   0x080024c8   0x0000006e   Code   RO          999    .text.MOT_SetSpeed  motor.o
    0x08002536   0x08002536   0x00000002   PAD
    0x08002538   0x08002538   0x00000032   Code   RO          997    .text.MOT_Start     motor.o
    0x0800256a   0x0800256a   0x00000002   PAD
    0x0800256c   0x0800256c   0x00000034   Code   RO          989    .text.MOT_Stop      motor.o
    0x080025a0   0x080025a0   0x000000be   Code   RO          115    .text.MX_ADC1_Init  adc.o
    0x0800265e   0x0800265e   0x00000002   PAD
    0x08002660   0x08002660   0x000000b0   Code   RO          131    .text.MX_ADC2_Init  adc.o
    0x08002710   0x08002710   0x000000b0   Code   RO          133    .text.MX_ADC3_Init  adc.o
    0x080027c0   0x080027c0   0x0000006e   Code   RO          142    .text.MX_DAC_Init   dac.o
    0x0800282e   0x0800282e   0x00000002   PAD
    0x08002830   0x08002830   0x0000002a   Code   RO          157    .text.MX_DMA_Init   dma.o
    0x0800285a   0x0800285a   0x00000002   PAD
    0x0800285c   0x0800285c   0x000002b2   Code   RO           88    .text.MX_GPIO_Init  gpio.o
    0x08002b0e   0x08002b0e   0x00000002   PAD
    0x08002b10   0x08002b10   0x000000f2   Code   RO          176    .text.MX_SPI1_Init  spi.o
    0x08002c02   0x08002c02   0x00000002   PAD
    0x08002c04   0x08002c04   0x000000f2   Code   RO          212    .text.MX_TIM2_Init  tim.o
    0x08002cf6   0x08002cf6   0x00000002   PAD
    0x08002cf8   0x08002cf8   0x000000f6   Code   RO          242    .text.MX_TIM3_Init  tim.o
    0x08002dee   0x08002dee   0x00000002   PAD
    0x08002df0   0x08002df0   0x0000006c   Code   RO          244    .text.MX_TIM6_Init  tim.o
    0x08002e5c   0x08002e5c   0x0000006c   Code   RO          246    .text.MX_TIM7_Init  tim.o
    0x08002ec8   0x08002ec8   0x0000007a   Code   RO          248    .text.MX_TIM8_Init  tim.o
    0x08002f42   0x08002f42   0x00000002   PAD
    0x08002f44   0x08002f44   0x000000bc   Code   RO          262    .text.MX_USART1_UART_Init  usart.o
    0x08003000   0x08003000   0x000000ba   Code   RO          278    .text.MX_USART3_UART_Init  usart.o
    0x080030ba   0x080030ba   0x00000002   PAD
    0x080030bc   0x080030bc   0x00000004   Code   RO          293    .text.MemManage_Handler  stm32f1xx_it.o
    0x080030c0   0x080030c0   0x00000062   Code   RO         1099    .text.ModeParam_Init  drillingmachine.o
    0x08003122   0x08003122   0x00000002   PAD
    0x08003124   0x08003124   0x00000004   Code   RO          289    .text.NMI_Handler   stm32f1xx_it.o
    0x08003128   0x08003128   0x0000006c   Code   RO           21    .text.NVIC_EncodePriority  main.o
    0x08003194   0x08003194   0x0000006c   Code   RO          102    .text.NVIC_EncodePriority  gpio.o
    0x08003200   0x08003200   0x0000006c   Code   RO          121    .text.NVIC_EncodePriority  adc.o
    0x0800326c   0x0800326c   0x0000006c   Code   RO          163    .text.NVIC_EncodePriority  dma.o
    0x080032d8   0x080032d8   0x0000006c   Code   RO          198    .text.NVIC_EncodePriority  spi.o
    0x08003344   0x08003344   0x0000006c   Code   RO          220    .text.NVIC_EncodePriority  tim.o
    0x080033b0   0x080033b0   0x0000006c   Code   RO          268    .text.NVIC_EncodePriority  usart.o
    0x0800341c   0x0800341c   0x00000002   Code   RO          303    .text.PendSV_Handler  stm32f1xx_it.o
    0x0800341e   0x0800341e   0x00000002   PAD
    0x08003420   0x08003420   0x00000026   Code   RO          483    .text.RCC_GetHCLKClockFreq  stm32f1xx_ll_rcc.o
    0x08003446   0x08003446   0x00000002   PAD
    0x08003448   0x08003448   0x00000024   Code   RO          485    .text.RCC_GetPCLK1ClockFreq  stm32f1xx_ll_rcc.o
    0x0800346c   0x0800346c   0x00000024   Code   RO          487    .text.RCC_GetPCLK2ClockFreq  stm32f1xx_ll_rcc.o
    0x08003490   0x08003490   0x00000056   Code   RO          481    .text.RCC_GetSystemClockFreq  stm32f1xx_ll_rcc.o
    0x080034e6   0x080034e6   0x00000002   PAD
    0x080034e8   0x080034e8   0x00000068   Code   RO          493    .text.RCC_PLL_GetFreqDomain_SYS  stm32f1xx_ll_rcc.o
    0x08003550   0x08003550   0x00000034   Code   RO         1084    .text.RUL_modifRelativePosition  ruller.o
    0x08003584   0x08003584   0x00000002   Code   RO          331    .text.SPI1_IRQHandler  stm32f1xx_it.o
    0x08003586   0x08003586   0x00000002   PAD
    0x08003588   0x08003588   0x00000020   Code   RO          801    .text.SSD1322_API_command  ssd1322_api.o
    0x080035a8   0x080035a8   0x00000020   Code   RO          803    .text.SSD1322_API_data  ssd1322_api.o
    0x080035c8   0x080035c8   0x00000126   Code   RO          805    .text.SSD1322_API_init  ssd1322_api.o
    0x080036ee   0x080036ee   0x00000002   PAD
    0x080036f0   0x080036f0   0x00000026   Code   RO          823    .text.SSD1322_API_send_buffer  ssd1322_api.o
    0x08003716   0x08003716   0x00000002   PAD
    0x08003718   0x08003718   0x0000004c   Code   RO          821    .text.SSD1322_API_set_window  ssd1322_api.o
    0x08003764   0x08003764   0x00000030   Code   RO          933    .text.SSD1322_HW_SPI_send_array  ssd1322_hw_driver.o
    0x08003794   0x08003794   0x00000030   Code   RO          927    .text.SSD1322_HW_SPI_send_byte  ssd1322_hw_driver.o
    0x080037c4   0x080037c4   0x00000014   Code   RO          917    .text.SSD1322_HW_drive_CS_high  ssd1322_hw_driver.o
    0x080037d8   0x080037d8   0x00000014   Code   RO          915    .text.SSD1322_HW_drive_CS_low  ssd1322_hw_driver.o
    0x080037ec   0x080037ec   0x00000014   Code   RO          921    .text.SSD1322_HW_drive_DC_high  ssd1322_hw_driver.o
    0x08003800   0x08003800   0x00000014   Code   RO          919    .text.SSD1322_HW_drive_DC_low  ssd1322_hw_driver.o
    0x08003814   0x08003814   0x000000f0   Code   RO          907    .text.SSD1322_HW_drive_Init  ssd1322_hw_driver.o
    0x08003904   0x08003904   0x00000014   Code   RO          925    .text.SSD1322_HW_drive_RESET_high  ssd1322_hw_driver.o
    0x08003918   0x08003918   0x00000014   Code   RO          923    .text.SSD1322_HW_drive_RESET_low  ssd1322_hw_driver.o
    0x0800392c   0x0800392c   0x00000010   Code   RO          935    .text.SSD1322_HW_msDelay  ssd1322_hw_driver.o
    0x0800393c   0x0800393c   0x00000002   Code   RO          299    .text.SVC_Handler   stm32f1xx_it.o
    0x0800393e   0x0800393e   0x00000002   PAD
    0x08003940   0x08003940   0x000000fa   Code   RO          305    .text.SysTick_Handler  stm32f1xx_it.o
    0x08003a3a   0x08003a3a   0x00000002   PAD
    0x08003a3c   0x08003a3c   0x00000092   Code   RO           27    .text.SystemClock_Config  main.o
    0x08003ace   0x08003ace   0x00000002   PAD
    0x08003ad0   0x08003ad0   0x00000002   Code   RO          787    .text.SystemInit    system_stm32f1xx.o
    0x08003ad2   0x08003ad2   0x00000002   PAD
    0x08003ad4   0x08003ad4   0x00000002   Code   RO          327    .text.TIM2_IRQHandler  stm32f1xx_it.o
    0x08003ad6   0x08003ad6   0x00000002   PAD
    0x08003ad8   0x08003ad8   0x00000002   Code   RO          329    .text.TIM3_IRQHandler  stm32f1xx_it.o
    0x08003ada   0x08003ada   0x00000002   PAD
    0x08003adc   0x08003adc   0x00000026   Code   RO          347    .text.TIM6_IRQHandler  stm32f1xx_it.o
    0x08003b02   0x08003b02   0x00000002   PAD
    0x08003b04   0x08003b04   0x00000026   Code   RO          349    .text.TIM7_IRQHandler  stm32f1xx_it.o
    0x08003b2a   0x08003b2a   0x00000002   PAD
    0x08003b2c   0x08003b2c   0x000001ae   Code   RO          337    .text.TIM8_UP_IRQHandler  stm32f1xx_it.o
    0x08003cda   0x08003cda   0x00000002   PAD
    0x08003cdc   0x08003cdc   0x00000002   Code   RO          333    .text.USART1_IRQHandler  stm32f1xx_it.o
    0x08003cde   0x08003cde   0x00000002   PAD
    0x08003ce0   0x08003ce0   0x00000002   Code   RO          335    .text.USART3_IRQHandler  stm32f1xx_it.o
    0x08003ce2   0x08003ce2   0x00000002   PAD
    0x08003ce4   0x08003ce4   0x00000004   Code   RO          297    .text.UsageFault_Handler  stm32f1xx_it.o
    0x08003ce8   0x08003ce8   0x00000030   Code   RO          106    .text.__NVIC_EnableIRQ  gpio.o
    0x08003d18   0x08003d18   0x00000030   Code   RO          125    .text.__NVIC_EnableIRQ  adc.o
    0x08003d48   0x08003d48   0x00000030   Code   RO          167    .text.__NVIC_EnableIRQ  dma.o
    0x08003d78   0x08003d78   0x00000030   Code   RO          202    .text.__NVIC_EnableIRQ  spi.o
    0x08003da8   0x08003da8   0x00000030   Code   RO          224    .text.__NVIC_EnableIRQ  tim.o
    0x08003dd8   0x08003dd8   0x00000030   Code   RO          272    .text.__NVIC_EnableIRQ  usart.o
    0x08003e08   0x08003e08   0x00000010   Code   RO           23    .text.__NVIC_GetPriorityGrouping  main.o
    0x08003e18   0x08003e18   0x00000010   Code   RO          104    .text.__NVIC_GetPriorityGrouping  gpio.o
    0x08003e28   0x08003e28   0x00000010   Code   RO          123    .text.__NVIC_GetPriorityGrouping  adc.o
    0x08003e38   0x08003e38   0x00000010   Code   RO          165    .text.__NVIC_GetPriorityGrouping  dma.o
    0x08003e48   0x08003e48   0x00000010   Code   RO          200    .text.__NVIC_GetPriorityGrouping  spi.o
    0x08003e58   0x08003e58   0x00000010   Code   RO          222    .text.__NVIC_GetPriorityGrouping  tim.o
    0x08003e68   0x08003e68   0x00000010   Code   RO          270    .text.__NVIC_GetPriorityGrouping  usart.o
    0x08003e78   0x08003e78   0x00000042   Code   RO           19    .text.__NVIC_SetPriority  main.o
    0x08003eba   0x08003eba   0x00000002   PAD
    0x08003ebc   0x08003ebc   0x00000042   Code   RO          100    .text.__NVIC_SetPriority  gpio.o
    0x08003efe   0x08003efe   0x00000002   PAD
    0x08003f00   0x08003f00   0x00000042   Code   RO          119    .text.__NVIC_SetPriority  adc.o
    0x08003f42   0x08003f42   0x00000002   PAD
    0x08003f44   0x08003f44   0x00000042   Code   RO          161    .text.__NVIC_SetPriority  dma.o
    0x08003f86   0x08003f86   0x00000002   PAD
    0x08003f88   0x08003f88   0x00000042   Code   RO          196    .text.__NVIC_SetPriority  spi.o
    0x08003fca   0x08003fca   0x00000002   PAD
    0x08003fcc   0x08003fcc   0x00000042   Code   RO          218    .text.__NVIC_SetPriority  tim.o
    0x0800400e   0x0800400e   0x00000002   PAD
    0x08004010   0x08004010   0x00000042   Code   RO          266    .text.__NVIC_SetPriority  usart.o
    0x08004052   0x08004052   0x00000002   PAD
    0x08004054   0x08004054   0x0000003c   Code   RO           17    .text.__NVIC_SetPriorityGrouping  main.o
    0x08004090   0x08004090   0x000000ac   Code   RO          852    .text.draw_bitmap_8bpp  ssd1322_gfx.o
    0x0800413c   0x0800413c   0x00000146   Code   RO          858    .text.draw_char     ssd1322_gfx.o
    0x08004282   0x08004282   0x00000002   PAD
    0x08004284   0x08004284   0x000000c6   Code   RO          836    .text.draw_pixel    ssd1322_gfx.o
    0x0800434a   0x0800434a   0x00000002   PAD
    0x0800434c   0x0800434c   0x00000086   Code   RO          848    .text.draw_rect_filled  ssd1322_gfx.o
    0x080043d2   0x080043d2   0x00000002   PAD
    0x080043d4   0x080043d4   0x00000070   Code   RO          860    .text.draw_text     ssd1322_gfx.o
    0x08004444   0x08004444   0x0000010c   Code   RO         1031    .text.intToStr      drillwidgets.o
    0x08004550   0x08004550   0x000000c2   Code   RO         1065    .text.loadParams    flashparam.o
    0x08004612   0x08004612   0x00000002   PAD
    0x08004614   0x08004614   0x0000000e   Code   RO         1073    .text.lockFlash     flashparam.o
    0x08004622   0x08004622   0x00000002   PAD
    0x08004624   0x08004624   0x000008b6   Code   RO           11    .text.main          main.o
    0x08004eda   0x08004eda   0x00000002   PAD
    0x08004edc   0x08004edc   0x00000014   Code   RO          856    .text.select_font   ssd1322_gfx.o
    0x08004ef0   0x08004ef0   0x00000036   Code   RO          862    .text.send_buffer_to_OLED  ssd1322_gfx.o
    0x08004f26   0x08004f26   0x00000002   PAD
    0x08004f28   0x08004f28   0x00000040   Code   RO         1035    .text.strlenUTF8    drillwidgets.o
    0x08004f68   0x08004f68   0x00000046   Code   RO         1071    .text.unlockFlash   flashparam.o
    0x08004fae   0x08004fae   0x00000002   PAD
    0x08004fb0   0x08004fb0   0x00000062   Code   RO         1120    x$fpl$d2f           fz_ws.l(d2f.o)
    0x08005012   0x08005012   0x0000002e   Code   RO         1133    x$fpl$dflt          fz_ws.l(dflt_clz.o)
    0x08005040   0x08005040   0x00000154   Code   RO         1138    x$fpl$dmul          fz_ws.l(dmul.o)
    0x08005194   0x08005194   0x0000009c   Code   RO         1179    x$fpl$dnaninf       fz_ws.l(dnaninf.o)
    0x08005230   0x08005230   0x0000000c   Code   RO         1181    x$fpl$dretinf       fz_ws.l(dretinf.o)
    0x0800523c   0x0800523c   0x000000c4   Code   RO         1142    x$fpl$fadd          fz_ws.l(faddsub_clz.o)
    0x08005300   0x08005300   0x00000054   Code   RO         1148    x$fpl$fcmp          fz_ws.l(fcmp.o)
    0x08005354   0x08005354   0x00000018   Code   RO         1215    x$fpl$fcmpinf       fz_ws.l(fcmpi.o)
    0x0800536c   0x0800536c   0x00000068   Code   RO         1187    x$fpl$feqf          fz_ws.l(feqf.o)
    0x080053d4   0x080053d4   0x00000036   Code   RO         1154    x$fpl$ffix          fz_ws.l(ffix.o)
    0x0800540a   0x0800540a   0x00000002   PAD
    0x0800540c   0x0800540c   0x0000003e   Code   RO         1158    x$fpl$ffixu         fz_ws.l(ffixu.o)
    0x0800544a   0x0800544a   0x00000002   PAD
    0x0800544c   0x0800544c   0x00000030   Code   RO         1163    x$fpl$fflt          fz_ws.l(fflt_clz.o)
    0x0800547c   0x0800547c   0x00000026   Code   RO         1162    x$fpl$ffltu         fz_ws.l(fflt_clz.o)
    0x080054a2   0x080054a2   0x00000002   PAD
    0x080054a4   0x080054a4   0x00000068   Code   RO         1189    x$fpl$fgeqf         fz_ws.l(fgeqf.o)
    0x0800550c   0x0800550c   0x00000068   Code   RO         1191    x$fpl$fleqf         fz_ws.l(fleqf.o)
    0x08005574   0x08005574   0x00000102   Code   RO         1168    x$fpl$fmul          fz_ws.l(fmul.o)
    0x08005676   0x08005676   0x0000008c   Code   RO         1193    x$fpl$fnaninf       fz_ws.l(fnaninf.o)
    0x08005702   0x08005702   0x0000000a   Code   RO         1195    x$fpl$fretinf       fz_ws.l(fretinf.o)
    0x0800570c   0x0800570c   0x000000ea   Code   RO         1144    x$fpl$fsub          fz_ws.l(faddsub_clz.o)
    0x080057f6   0x080057f6   0x00000000   Code   RO         1197    x$fpl$usenofp       fz_ws.l(usenofp.o)
    0x080057f6   0x080057f6   0x0000077a   Data   RO         1051    .rodata.ABS         bitmaps.o
    0x08005f70   0x08005f70   0x00000010   Data   RO          792    .rodata.AHBPrescTable  system_stm32f1xx.o
    0x08005f80   0x08005f80   0x00000008   Data   RO          793    .rodata.APBPrescTable  system_stm32f1xx.o
    0x08005f88   0x08005f88   0x00000007   Data   RO          204    .rodata.CHANNEL_OFFSET_TAB  spi.o
    0x08005f8f   0x08005f8f   0x00000001   PAD
    0x08005f90   0x08005f90   0x0000077a   Data   RO         1055    .rodata.CNT         bitmaps.o
    0x0800670a   0x0800670a   0x00000002   PAD
    0x0800670c   0x0800670c   0x00000010   Data   RO          881    .rodata.CourierCyr6pt8b  ssd1322_gfx.o
    0x0800671c   0x0800671c   0x00000339   Data   RO          879    .rodata.CourierCyr6pt8bBitmaps  ssd1322_gfx.o
    0x08006a55   0x08006a55   0x00000001   PAD
    0x08006a56   0x08006a56   0x00000510   Data   RO          880    .rodata.CourierCyr6pt8bGlyphs  ssd1322_gfx.o
    0x08006f66   0x08006f66   0x00000414   Data   RO         1050    .rodata.DRILL       bitmaps.o
    0x0800737a   0x0800737a   0x00000002   PAD
    0x0800737c   0x0800737c   0x00000010   Data   RO          866    .rodata.FreeMonoBold9pt7b  ssd1322_gfx.o
    0x0800738c   0x0800738c   0x000003e8   Data   RO          864    .rodata.FreeMonoBold9pt7bBitmaps  ssd1322_gfx.o
    0x08007774   0x08007774   0x000002f8   Data   RO          865    .rodata.FreeMonoBold9pt7bGlyphs  ssd1322_gfx.o
    0x08007a6c   0x08007a6c   0x00000010   Data   RO          869    .rodata.FreeSansBold9pt7b  ssd1322_gfx.o
    0x08007a7c   0x08007a7c   0x000004ce   Data   RO          867    .rodata.FreeSansBold9pt7bBitmaps  ssd1322_gfx.o
    0x08007f4a   0x08007f4a   0x000002f8   Data   RO          868    .rodata.FreeSansBold9pt7bGlyphs  ssd1322_gfx.o
    0x08008242   0x08008242   0x0000077a   Data   RO         1052    .rodata.INC         bitmaps.o
    0x080089bc   0x080089bc   0x0000077a   Data   RO         1053    .rodata.INC_EDIT    bitmaps.o
    0x08009136   0x08009136   0x0000077a   Data   RO         1054    .rodata.INC_WAIT    bitmaps.o
    0x080098b0   0x080098b0   0x00000007   Data   RO          252    .rodata.OFFSET_TAB_CCMRx  tim.o
    0x080098b7   0x080098b7   0x00000007   Data   RO          254    .rodata.SHIFT_TAB_CCxP  tim.o
    0x080098be   0x080098be   0x00000007   Data   RO          253    .rodata.SHIFT_TAB_ICxx  tim.o
    0x080098c5   0x080098c5   0x00000001   PAD
    0x080098c6   0x080098c6   0x000007ee   Data   RO         1056    .rodata.TAP         bitmaps.o
    0x0800a0b4   0x0800a0b4   0x00000019   Data   RO         1042    .rodata.str1.1      drillwidgets.o
    0x0800a0cd   0x0800a0cd   0x00000003   PAD
    0x0800a0d0   0x0800a0d0   0x00000020   Data   RO         1363    Region$$Table       anon$$obj.o


    Execution Region RW_IRAM1 (Exec base: 0x20000000, Load base: 0x0800a0f0, Size: 0x000027d8, Max: 0x0000c000, ABSOLUTE)

    Exec Addr    Load Addr    Size         Type   Attr      Idx    E Section Name        Object

    0x20000000   0x0800a0f0   0x00000004   Data   RW          791    .data.SystemCoreClock  system_stm32f1xx.o
    0x20000004   0x0800a0f4   0x00000002   Data   RW          898    .data._buffer_height  ssd1322_gfx.o
    0x20000006   0x0800a0f6   0x00000002   Data   RW          899    .data._buffer_width  ssd1322_gfx.o
    0x20000008   0x0800a0f8   0x00000014   Data   RW          969    .data.buttons       eventcontroller.o
    0x2000001c   0x0800a10c   0x00000004   Data   RW         1076    .data.fp            flashparam.o
    0x20000020   0x0800a110   0x00000001   Data   RW           73    .data.rpmChange     main.o
    0x20000021   0x0800a111   0x00000007   PAD
    0x20000028        -       0x00000060   Zero   RW         1228    .bss                c_w.l(libspace.o)
    0x20000088        -       0x00000001   Zero   RW           74    .bss.absChange      main.o
    0x20000089        -       0x00000001   Zero   RW           77    .bss.absEdit        main.o
    0x2000008a   0x0800a111   0x00000002   PAD
    0x2000008c        -       0x00000004   Zero   RW           71    .bss.cntLine        main.o
    0x20000090        -       0x00000001   Zero   RW         1103    .bss.currentMode    drillingmachine.o
    0x20000091        -       0x00000001   Zero   RW         1102    .bss.currentTool    drillingmachine.o
    0x20000092   0x0800a111   0x00000002   PAD
    0x20000094        -       0x00000008   Zero   RW          976    .bss.encCnt         eventcontroller.o
    0x2000009c        -       0x00000010   Zero   RW          968    .bss.encKey         eventcontroller.o
    0x200000ac        -       0x00000018   Zero   RW         1075    .bss.flashParams    flashparam.o
    0x200000c4        -       0x00000004   Zero   RW         1017    .bss.forwardRK      motor.o
    0x200000c8        -       0x00000004   Zero   RW          897    .bss.gfx_font       ssd1322_gfx.o
    0x200000cc        -       0x00000001   Zero   RW           75    .bss.incChange      main.o
    0x200000cd        -       0x00000001   Zero   RW           78    .bss.incEdit        main.o
    0x200000ce        -       0x00000001   Zero   RW           72    .bss.isOrigin       main.o
    0x200000cf   0x0800a111   0x00000001   PAD
    0x200000d0        -       0x00000010   Zero   RW          967    .bss.keyAbsoluteOriginSet  eventcontroller.o
    0x200000e0        -       0x00000010   Zero   RW          964    .bss.keySpindleStart  eventcontroller.o
    0x200000f0        -       0x00000010   Zero   RW          966    .bss.keySpindleStop  eventcontroller.o
    0x20000100        -       0x00000010   Zero   RW          965    .bss.keyToolChange  eventcontroller.o
    0x20000110        -       0x0000000c   Zero   RW          973    .bss.ledActiveDrillMode  eventcontroller.o
    0x2000011c        -       0x0000000c   Zero   RW          974    .bss.ledActiveTapMode  eventcontroller.o
    0x20000128        -       0x0000000c   Zero   RW          971    .bss.ledKeyAbsoluteOriginSet  eventcontroller.o
    0x20000134        -       0x0000000c   Zero   RW          970    .bss.ledKeySpindleStart  eventcontroller.o
    0x20000140        -       0x0000000c   Zero   RW          972    .bss.ledKeySpindleStop  eventcontroller.o
    0x2000014c        -       0x00000014   Zero   RW         1101    .bss.modeParam      drillingmachine.o
    0x20000160        -       0x0000000c   Zero   RW         1019    .bss.motor          motor.o
    0x2000016c        -       0x0000000b   Zero   RW         1041    .bss.numBuf         drillwidgets.o
    0x20000177   0x0800a111   0x00000001   PAD
    0x20000178        -       0x00000002   Zero   RW         1020    .bss.oldEncVal      motor.o
    0x2000017a        -       0x00000002   Zero   RW         1089    .bss.oldPoz         ruller.o
    0x2000017c        -       0x00000008   Zero   RW         1104    .bss.position       drillingmachine.o
    0x20000184        -       0x00000004   Zero   RW         1088    .bss.relativePosition  ruller.o
    0x20000188        -       0x00000004   Zero   RW         1018    .bss.reverseRK      motor.o
    0x2000018c        -       0x00000008   Zero   RW         1013    .bss.rk1hg          motor.o
    0x20000194        -       0x00000008   Zero   RW         1009    .bss.rk1low         motor.o
    0x2000019c        -       0x00000008   Zero   RW         1014    .bss.rk2hg          motor.o
    0x200001a4        -       0x00000008   Zero   RW         1010    .bss.rk2low         motor.o
    0x200001ac        -       0x00000008   Zero   RW         1015    .bss.rk3hg          motor.o
    0x200001b4        -       0x00000008   Zero   RW         1011    .bss.rk3low         motor.o
    0x200001bc        -       0x00000008   Zero   RW         1016    .bss.rk4hg          motor.o
    0x200001c4        -       0x00000008   Zero   RW         1012    .bss.rk4low         motor.o
    0x200001cc        -       0x00000001   Zero   RW           76    .bss.rpmEdit        main.o
    0x200001cd   0x0800a111   0x00000003   PAD
    0x200001d0        -       0x00000004   Zero   RW          351    .bss.tick           stm32f1xx_it.o
    0x200001d4        -       0x00002000   Zero   RW           79    .bss.tx_buf         main.o
    0x200021d4   0x0800a111   0x00000004   PAD
    0x200021d8        -       0x00000200   Zero   RW            2    HEAP                startup_stm32f103xe.o
    0x200023d8        -       0x00000400   Zero   RW            1    STACK               startup_stm32f103xe.o


==============================================================================

Image component sizes


      Code (inc. data)   RO Data    RW Data    ZI Data      Debug   Object Name

       926          0          0          0          0       6617   adc.o
         0          0      12644          0          0        649   bitmaps.o
       208          0          0          0          0       2305   dac.o
       314          0          0          0          0       4455   dma.o
        98          0          0          0         30       1295   drillingmachine.o
      1582          0         25          0         11       3166   drillwidgets.o
       606          0          0         20        148       4153   eventcontroller.o
       874          0          0          4         24       2590   flashparam.o
      1130          0          0          0          0       6037   gpio.o
      3124          0          0          1       8202      10120   main.o
       804          0          0          0         86       4115   motor.o
        52          0          0          0          6       1070   ruller.o
       900          0          7          0          0       7044   spi.o
       472          0          0          0          0       2566   ssd1322_api.o
      1016          0       5919          4          4       9778   ssd1322_gfx.o
       568          0          0          0          0       3365   ssd1322_hw_driver.o
        64         26        304          0       1536        808   startup_stm32f103xe.o
      1042          0          0          0          4       5123   stm32f1xx_it.o
       414          0          0          0          0       4955   stm32f1xx_ll_adc.o
       176          0          0          0          0       2513   stm32f1xx_ll_dac.o
       446          0          0          0          0       2830   stm32f1xx_ll_exti.o
       392          0          0          0          0       3223   stm32f1xx_ll_gpio.o
       466          0          0          0          0       4549   stm32f1xx_ll_rcc.o
       188          0          0          0          0       4470   stm32f1xx_ll_spi.o
       374          0          0          0          0       8867   stm32f1xx_ll_tim.o
       394          0          0          0          0       4272   stm32f1xx_ll_usart.o
       168          0          0          0          0       6126   stm32f1xx_ll_utils.o
         2          0         24          4          0       1575   system_stm32f1xx.o
      1976          0         21          0          0       8050   tim.o
       726          0          0          0          0       5874   usart.o

    ----------------------------------------------------------------------
     19740         26      18986         36      10068     132560   Object Totals
         0          0         32          0          0          0   (incl. Generated)
       238          0         10          3         17          0   (incl. Padding)

    ----------------------------------------------------------------------

      Code (inc. data)   RO Data    RW Data    ZI Data      Debug   Library Member Name

         8          0          0          0          0         68   __main.o
         0          0          0          0          0          0   __rtentry.o
        12          0          0          0          0          0   __rtentry2.o
         6          0          0          0          0          0   __rtentry4.o
        52          8          0          0          0          0   __scatter.o
        26          0          0          0          0          0   __scatter_copy.o
        28          0          0          0          0          0   __scatter_zi.o
        18          0          0          0          0         80   exit.o
         6          0          0          0          0        152   heapauxi.o
         0          0          0          0          0          0   indicate_semi.o
         2          0          0          0          0          0   libinit.o
         2          0          0          0          0          0   libinit2.o
         2          0          0          0          0          0   libshutdown.o
         2          0          0          0          0          0   libshutdown2.o
         8          4          0          0         96         68   libspace.o
        78          0          0          0          0         80   rt_memclr_w.o
         2          0          0          0          0          0   rtexit.o
        10          0          0          0          0          0   rtexit2.o
        12          4          0          0          0         68   sys_exit.o
        74          0          0          0          0         80   sys_stackheap_outer.o
         2          0          0          0          0         68   use_no_semi.o
        98          4          0          0          0         92   d2f.o
        46          0          0          0          0         68   dflt_clz.o
       340         12          0          0          0        104   dmul.o
       156          4          0          0          0         92   dnaninf.o
        12          0          0          0          0         68   dretinf.o
       430          8          0          0          0        168   faddsub_clz.o
        84          0          0          0          0        196   fcmp.o
        24          0          0          0          0         68   fcmpi.o
       104          4          0          0          0         84   feqf.o
        54          4          0          0          0         84   ffix.o
        62          4          0          0          0         84   ffixu.o
        86          0          0          0          0        136   fflt_clz.o
       104          4          0          0          0         84   fgeqf.o
       104          4          0          0          0         84   fleqf.o
       258          4          0          0          0         84   fmul.o
       140          4          0          0          0         84   fnaninf.o
        10          0          0          0          0         68   fretinf.o
         0          0          0          0          0          0   usenofp.o

    ----------------------------------------------------------------------
      2474         72          0          0         96       2312   Library Totals
        12          0          0          0          0          0   (incl. Padding)

    ----------------------------------------------------------------------

      Code (inc. data)   RO Data    RW Data    ZI Data      Debug   Library Name

       350         16          0          0         96        664   c_w.l
      2112         56          0          0          0       1648   fz_ws.l

    ----------------------------------------------------------------------
      2474         72          0          0         96       2312   Library Totals

    ----------------------------------------------------------------------

==============================================================================


      Code (inc. data)   RO Data    RW Data    ZI Data      Debug   

     22214         98      18986         36      10164     133184   Grand Totals
     22214         98      18986         36      10164     133184   ELF Image Totals
     22214         98      18986         36          0          0   ROM Totals

==============================================================================

    Total RO  Size (Code + RO Data)                41200 (  40.23kB)
    Total RW  Size (RW Data + ZI Data)             10200 (   9.96kB)
    Total ROM Size (Code + RO Data + RW Data)      41236 (  40.27kB)

==============================================================================

