Component: Arm Compiler for Embedded 6.19 Tool: armlink [5e73cb00]

==============================================================================

Section Cross References

    startup_stm32f103xe.o(STACK) refers (Special) to heapauxi.o(.text) for __use_two_region_memory
    startup_stm32f103xe.o(HEAP) refers (Special) to heapauxi.o(.text) for __use_two_region_memory
    startup_stm32f103xe.o(RESET) refers (Special) to heapauxi.o(.text) for __use_two_region_memory
    startup_stm32f103xe.o(RESET) refers to startup_stm32f103xe.o(STACK) for __initial_sp
    startup_stm32f103xe.o(RESET) refers to startup_stm32f103xe.o(.text) for Reset_Handler
    startup_stm32f103xe.o(RESET) refers to stm32f1xx_it.o(.text.NMI_Handler) for NMI_Handler
    startup_stm32f103xe.o(RESET) refers to stm32f1xx_it.o(.text.HardFault_Handler) for HardFault_Handler
    startup_stm32f103xe.o(RESET) refers to stm32f1xx_it.o(.text.MemManage_Handler) for MemManage_Handler
    startup_stm32f103xe.o(RESET) refers to stm32f1xx_it.o(.text.BusFault_Handler) for BusFault_Handler
    startup_stm32f103xe.o(RESET) refers to stm32f1xx_it.o(.text.UsageFault_Handler) for UsageFault_Handler
    startup_stm32f103xe.o(RESET) refers to stm32f1xx_it.o(.text.SVC_Handler) for SVC_Handler
    startup_stm32f103xe.o(RESET) refers to stm32f1xx_it.o(.text.DebugMon_Handler) for DebugMon_Handler
    startup_stm32f103xe.o(RESET) refers to stm32f1xx_it.o(.text.PendSV_Handler) for PendSV_Handler
    startup_stm32f103xe.o(RESET) refers to stm32f1xx_it.o(.text.SysTick_Handler) for SysTick_Handler
    startup_stm32f103xe.o(RESET) refers to stm32f1xx_it.o(.text.EXTI0_IRQHandler) for EXTI0_IRQHandler
    startup_stm32f103xe.o(RESET) refers to stm32f1xx_it.o(.text.EXTI1_IRQHandler) for EXTI1_IRQHandler
    startup_stm32f103xe.o(RESET) refers to stm32f1xx_it.o(.text.EXTI2_IRQHandler) for EXTI2_IRQHandler
    startup_stm32f103xe.o(RESET) refers to stm32f1xx_it.o(.text.EXTI4_IRQHandler) for EXTI4_IRQHandler
    startup_stm32f103xe.o(RESET) refers to stm32f1xx_it.o(.text.DMA1_Channel3_IRQHandler) for DMA1_Channel3_IRQHandler
    startup_stm32f103xe.o(RESET) refers to stm32f1xx_it.o(.text.ADC1_2_IRQHandler) for ADC1_2_IRQHandler
    startup_stm32f103xe.o(RESET) refers to stm32f1xx_it.o(.text.EXTI9_5_IRQHandler) for EXTI9_5_IRQHandler
    startup_stm32f103xe.o(RESET) refers to stm32f1xx_it.o(.text.TIM2_IRQHandler) for TIM2_IRQHandler
    startup_stm32f103xe.o(RESET) refers to stm32f1xx_it.o(.text.TIM3_IRQHandler) for TIM3_IRQHandler
    startup_stm32f103xe.o(RESET) refers to stm32f1xx_it.o(.text.SPI1_IRQHandler) for SPI1_IRQHandler
    startup_stm32f103xe.o(RESET) refers to stm32f1xx_it.o(.text.USART1_IRQHandler) for USART1_IRQHandler
    startup_stm32f103xe.o(RESET) refers to stm32f1xx_it.o(.text.USART3_IRQHandler) for USART3_IRQHandler
    startup_stm32f103xe.o(RESET) refers to stm32f1xx_it.o(.text.TIM8_UP_IRQHandler) for TIM8_UP_IRQHandler
    startup_stm32f103xe.o(RESET) refers to stm32f1xx_it.o(.text.ADC3_IRQHandler) for ADC3_IRQHandler
    startup_stm32f103xe.o(RESET) refers to stm32f1xx_it.o(.text.TIM6_IRQHandler) for TIM6_IRQHandler
    startup_stm32f103xe.o(RESET) refers to stm32f1xx_it.o(.text.TIM7_IRQHandler) for TIM7_IRQHandler
    startup_stm32f103xe.o(.text) refers (Special) to heapauxi.o(.text) for __use_two_region_memory
    startup_stm32f103xe.o(.text) refers to system_stm32f1xx.o(.text.SystemInit) for SystemInit
    startup_stm32f103xe.o(.text) refers to __main.o(!!!main) for __main
    startup_stm32f103xe.o(.text) refers to startup_stm32f103xe.o(HEAP) for Heap_Mem
    startup_stm32f103xe.o(.text) refers to startup_stm32f103xe.o(STACK) for Stack_Mem
    main.o(.text.main) refers to main.o(.bss.motMode) for motMode
    main.o(.text.main) refers to main.o(.text.LL_APB2_GRP1_EnableClock) for LL_APB2_GRP1_EnableClock
    main.o(.text.main) refers to main.o(.text.LL_APB1_GRP1_EnableClock) for LL_APB1_GRP1_EnableClock
    main.o(.text.main) refers to main.o(.text.__NVIC_SetPriorityGrouping) for __NVIC_SetPriorityGrouping
    main.o(.text.main) refers to main.o(.text.__NVIC_GetPriorityGrouping) for __NVIC_GetPriorityGrouping
    main.o(.text.main) refers to main.o(.text.NVIC_EncodePriority) for NVIC_EncodePriority
    main.o(.text.main) refers to main.o(.text.__NVIC_SetPriority) for __NVIC_SetPriority
    main.o(.text.main) refers to main.o(.text.LL_GPIO_AF_Remap_SWJ_NOJTAG) for LL_GPIO_AF_Remap_SWJ_NOJTAG
    main.o(.text.main) refers to main.o(.text.SystemClock_Config) for SystemClock_Config
    main.o(.text.main) refers to gpio.o(.text.MX_GPIO_Init) for MX_GPIO_Init
    main.o(.text.main) refers to dma.o(.text.MX_DMA_Init) for MX_DMA_Init
    main.o(.text.main) refers to adc.o(.text.MX_ADC1_Init) for MX_ADC1_Init
    main.o(.text.main) refers to adc.o(.text.MX_ADC2_Init) for MX_ADC2_Init
    main.o(.text.main) refers to adc.o(.text.MX_ADC3_Init) for MX_ADC3_Init
    main.o(.text.main) refers to dac.o(.text.MX_DAC_Init) for MX_DAC_Init
[...]
    .L.str.2                                 0x08009d6f   Data           5  drillwidgets.o(.rodata.str1.1)
    .L.str.1                                 0x08009d74   Data           9  drillwidgets.o(.rodata.str1.1)
    .bss                                     0x20000020   Section       96  libspace.o(.bss)
    Heap_Mem                                 0x200021b0   Data         512  startup_stm32f103xe.o(HEAP)
    HEAP                                     0x200021b0   Section      512  startup_stm32f103xe.o(HEAP)
    Stack_Mem                                0x200023b0   Data        1024  startup_stm32f103xe.o(STACK)
    STACK                                    0x200023b0   Section     1024  startup_stm32f103xe.o(STACK)
    __initial_sp                             0x200027b0   Data           0  startup_stm32f103xe.o(STACK)

    Global Symbols

    Symbol Name                              Value     Ov Type        Size  Object(Section)

    BuildAttributes$$THM_ISAv4$P$D$K$B$S$PE$A:L22UL41UL21$X:L11$S22US41US21$IEEE1$IW$~IW$USESV6$~STKCKD$USESV7$~SHL$OTIME$ROPI$IEEEJ$EBA8$UX$STANDARDLIB$REQ8$PRES8$EABIv2 0x00000000   Number         0  anon$$obj.o ABSOLUTE
    __fp_init_empty                          0x00000000   Number         0  fpinit_empty.o ABSOLUTE
    __ARM_exceptions_init                     - Undefined Weak Reference
    __alloca_initialize                       - Undefined Weak Reference
    __arm_preinit_                            - Undefined Weak Reference
    __arm_relocate_pie_                       - Undefined Weak Reference
    __cpp_initialize__aeabi_                  - Undefined Weak Reference
    __cxa_finalize                            - Undefined Weak Reference
    __rt_locale                               - Undefined Weak Reference
    __sigvec_lookup                           - Undefined Weak Reference
    _atexit_init                              - Undefined Weak Reference
    _call_atexit_fns                          - Undefined Weak Reference
    _clock_init                               - Undefined Weak Reference
    _fp_trap_init                             - Undefined Weak Reference
    _fp_trap_shutdown                         - Undefined Weak Reference
    _get_lc_collate                           - Undefined Weak Reference
    _get_lc_ctype                             - Undefined Weak Reference
    _get_lc_monetary                          - Undefined Weak Reference
    _get_lc_numeric                           - Undefined Weak Reference
    _get_lc_time                              - Undefined Weak Reference
    _getenv_init                              - Undefined Weak Reference
    _handle_redirection                       - Undefined Weak Reference
    _init_alloc                               - Undefined Weak Reference
    _init_user_alloc                          - Undefined Weak Reference
    _initio                                   - Undefined Weak Reference
    _rand_init                                - Undefined Weak Reference
    _signal_finish                            - Undefined Weak Reference
    _signal_init                              - Undefined Weak Reference
    _terminate_alloc                          - Undefined Weak Reference
    _terminate_user_alloc                     - Undefined Weak Reference
    _terminateio                              - Undefined Weak Reference
    __Vectors_Size                           0x00000130   Number         0  startup_stm32f103xe.o ABSOLUTE
    __Vectors                                0x08000000   Data           4  startup_stm32f103xe.o(RESET)
    __Vectors_End                            0x08000130   Data           0  startup_stm32f103xe.o(RESET)
    __main                                   0x08000131   Thumb Code     8  __main.o(!!!main)
    __scatterload                            0x08000139   Thumb Code     0  __scatter.o(!!!scatter)
    __scatterload_rt2                        0x08000139   Thumb Code    44  __scatter.o(!!!scatter)
    __scatterload_rt2_thumb_only             0x08000139   Thumb Code     0  __scatter.o(!!!scatter)
    __scatterload_null                       0x08000147   Thumb Code     0  __scatter.o(!!!scatter)
    __scatterload_copy                       0x0800016d   Thumb Code    26  __scatter_copy.o(!!handler_copy)
    __scatterload_zeroinit                   0x08000189   Thumb Code    28  __scatter_zi.o(!!handler_zi)
    __rt_lib_init                            0x080001a5   Thumb Code     0  libinit.o(.ARM.Collect$$libinit$$00000000)
    __rt_lib_init_alloca_1                   0x080001a7   Thumb Code     0  libinit2.o(.ARM.Collect$$libinit$$00000030)
    __rt_lib_init_argv_1                     0x080001a7   Thumb Code     0  libinit2.o(.ARM.Collect$$libinit$$0000002E)
    __rt_lib_init_atexit_1                   0x080001a7   Thumb Code     0  libinit2.o(.ARM.Collect$$libinit$$0000001D)
    __rt_lib_init_clock_1                    0x080001a7   Thumb Code     0  libinit2.o(.ARM.Collect$$libinit$$00000023)
    __rt_lib_init_cpp_1                      0x080001a7   Thumb Code     0  libinit2.o(.ARM.Collect$$libinit$$00000034)
    __rt_lib_init_exceptions_1               0x080001a7   Thumb Code     0  libinit2.o(.ARM.Collect$$libinit$$00000032)
    __rt_lib_init_fp_1                       0x080001a7   Thumb Code     0  libinit2.o(.ARM.Collect$$libinit$$00000002)
    __rt_lib_init_fp_trap_1                  0x080001a7   Thumb Code     0  libinit2.o(.ARM.Collect$$libinit$$00000021)
    __rt_lib_init_getenv_1                   0x080001a7   Thumb Code     0  libinit2.o(.ARM.Collect$$libinit$$00000025)
    __rt_lib_init_heap_1                     0x080001a7   Thumb Code     0  libinit2.o(.ARM.Collect$$libinit$$0000000C)
    __rt_lib_init_lc_collate_1               0x080001a7   Thumb Code     0  libinit2.o(.ARM.Collect$$libinit$$00000013)
    __rt_lib_init_lc_ctype_1                 0x080001a7   Thumb Code     0  libinit2.o(.ARM.Collect$$libinit$$00000015)
    __rt_lib_init_lc_monetary_1              0x080001a7   Thumb Code     0  libinit2.o(.ARM.Collect$$libinit$$00000017)
    __rt_lib_init_lc_numeric_1               0x080001a7   Thumb Code     0  libinit2.o(.ARM.Collect$$libinit$$00000019)
    __rt_lib_init_lc_time_1                  0x080001a7   Thumb Code     0  libinit2.o(.ARM.Collect$$libinit$$0000001B)
    __rt_lib_init_preinit_1                  0x080001a7   Thumb Code     0  libinit2.o(.ARM.Collect$$libinit$$00000006)
    __rt_lib_init_rand_1                     0x080001a7   Thumb Code     0  libinit2.o(.ARM.Collect$$libinit$$00000010)
    __rt_lib_init_relocate_pie_1             0x080001a7   Thumb Code     0  libinit2.o(.ARM.Collect$$libinit$$00000004)
    __rt_lib_init_return                     0x080001a7   Thumb Code     0  libinit2.o(.ARM.Collect$$libinit$$00000035)
    __rt_lib_init_signal_1                   0x080001a7   Thumb Code     0  libinit2.o(.ARM.Collect$$libinit$$0000001F)
    __rt_lib_init_stdio_1                    0x080001a7   Thumb Code     0  libinit2.o(.ARM.Collect$$libinit$$00000027)
    __rt_lib_init_user_alloc_1               0x080001a7   Thumb Code     0  libinit2.o(.ARM.Collect$$libinit$$0000000E)
    __rt_lib_shutdown                        0x080001a9   Thumb Code     0  libshutdown.o(.ARM.Collect$$libshutdown$$00000000)
    __rt_lib_shutdown_cpp_1                  0x080001ab   Thumb Code     0  libshutdown2.o(.ARM.Collect$$libshutdown$$00000002)
    __rt_lib_shutdown_fp_trap_1              0x080001ab   Thumb Code     0  libshutdown2.o(.ARM.Collect$$libshutdown$$00000007)
    __rt_lib_shutdown_heap_1                 0x080001ab   Thumb Code     0  libshutdown2.o(.ARM.Collect$$libshutdown$$0000000F)
    __rt_lib_shutdown_return                 0x080001ab   Thumb Code     0  libshutdown2.o(.ARM.Collect$$libshutdown$$00000010)
    __rt_lib_shutdown_signal_1               0x080001ab   Thumb Code     0  libshutdown2.o(.ARM.Collect$$libshutdown$$0000000A)
    __rt_lib_shutdown_stdio_1                0x080001ab   Thumb Code     0  libshutdown2.o(.ARM.Collect$$libshutdown$$00000004)
    __rt_lib_shutdown_user_alloc_1           0x080001ab   Thumb Code     0  libshutdown2.o(.ARM.Collect$$libshutdown$$0000000C)
    __rt_entry                               0x080001ad   Thumb Code     0  __rtentry.o(.ARM.Collect$$rtentry$$00000000)
    __rt_entry_presh_1                       0x080001ad   Thumb Code     0  __rtentry2.o(.ARM.Collect$$rtentry$$00000002)
    __rt_entry_sh                            0x080001ad   Thumb Code     0  __rtentry4.o(.ARM.Collect$$rtentry$$00000004)
    __rt_entry_li                            0x080001b3   Thumb Code     0  __rtentry2.o(.ARM.Collect$$rtentry$$0000000A)
    __rt_entry_postsh_1                      0x080001b3   Thumb Code     0  __rtentry2.o(.ARM.Collect$$rtentry$$00000009)
    __rt_entry_main                          0x080001b7   Thumb Code     0  __rtentry2.o(.ARM.Collect$$rtentry$$0000000D)
    __rt_entry_postli_1                      0x080001b7   Thumb Code     0  __rtentry2.o(.ARM.Collect$$rtentry$$0000000C)
    __rt_exit                                0x080001bf   Thumb Code     0  rtexit.o(.ARM.Collect$$rtexit$$00000000)
    __rt_exit_ls                             0x080001c1   Thumb Code     0  rtexit2.o(.ARM.Collect$$rtexit$$00000003)
    __rt_exit_prels_1                        0x080001c1   Thumb Code     0  rtexit2.o(.ARM.Collect$$rtexit$$00000002)
    __rt_exit_exit                           0x080001c5   Thumb Code     0  rtexit2.o(.ARM.Collect$$rtexit$$00000004)
    Reset_Handler                            0x080001cd   Thumb Code     8  startup_stm32f103xe.o(.text)
    CAN1_RX1_IRQHandler                      0x080001e7   Thumb Code     0  startup_stm32f103xe.o(.text)
    CAN1_SCE_IRQHandler                      0x080001e7   Thumb Code     0  startup_stm32f103xe.o(.text)
    DMA1_Channel1_IRQHandler                 0x080001e7   Thumb Code     0  startup_stm32f103xe.o(.text)
    DMA1_Channel2_IRQHandler                 0x080001e7   Thumb Code     0  startup_stm32f103xe.o(.text)
    DMA1_Channel4_IRQHandler                 0x080001e7   Thumb Code     0  startup_stm32f103xe.o(.text)
    DMA1_Channel5_IRQHandler                 0x080001e7   Thumb Code     0  startup_stm32f103xe.o(.text)
    DMA1_Channel6_IRQHandler                 0x080001e7   Thumb Code     0  startup_stm32f103xe.o(.text)
    DMA1_Channel7_IRQHandler                 0x080001e7   Thumb Code     0  startup_stm32f103xe.o(.text)
    DMA2_Channel1_IRQHandler                 0x080001e7   Thumb Code     0  startup_stm32f103xe.o(.text)
    DMA2_Channel2_IRQHandler                 0x080001e7   Thumb Code     0  startup_stm32f103xe.o(.text)
    DMA2_Channel3_IRQHandler                 0x080001e7   Thumb Code     0  startup_stm32f103xe.o(.text)
    DMA2_Channel4_5_IRQHandler               0x080001e7   Thumb Code     0  startup_stm32f103xe.o(.text)
    EXTI15_10_IRQHandler                     0x080001e7   Thumb Code     0  startup_stm32f103xe.o(.text)
    EXTI3_IRQHandler                         0x080001e7   Thumb Code     0  startup_stm32f103xe.o(.text)
    FLASH_IRQHandler                         0x080001e7   Thumb Code     0  startup_stm32f103xe.o(.text)
    FSMC_IRQHandler                          0x080001e7   Thumb Code     0  startup_stm32f103xe.o(.text)
    I2C1_ER_IRQHandler                       0x080001e7   Thumb Code     0  startup_stm32f103xe.o(.text)
    I2C1_EV_IRQHandler                       0x080001e7   Thumb Code     0  startup_stm32f103xe.o(.text)
    I2C2_ER_IRQHandler                       0x080001e7   Thumb Code     0  startup_stm32f103xe.o(.text)
    I2C2_EV_IRQHandler                       0x080001e7   Thumb Code     0  startup_stm32f103xe.o(.text)
    PVD_IRQHandler                           0x080001e7   Thumb Code     0  startup_stm32f103xe.o(.text)
    RCC_IRQHandler                           0x080001e7   Thumb Code     0  startup_stm32f103xe.o(.text)
    RTC_Alarm_IRQHandler                     0x080001e7   Thumb Code     0  startup_stm32f103xe.o(.text)
    RTC_IRQHandler                           0x080001e7   Thumb Code     0  startup_stm32f103xe.o(.text)
    SDIO_IRQHandler                          0x080001e7   Thumb Code     0  startup_stm32f103xe.o(.text)
    SPI2_IRQHandler                          0x080001e7   Thumb Code     0  startup_stm32f103xe.o(.text)
    SPI3_IRQHandler                          0x080001e7   Thumb Code     0  startup_stm32f103xe.o(.text)
    TAMPER_IRQHandler                        0x080001e7   Thumb Code     0  startup_stm32f103xe.o(.text)
    TIM1_BRK_IRQHandler                      0x080001e7   Thumb Code     0  startup_stm32f103xe.o(.text)
    TIM1_CC_IRQHandler                       0x080001e7   Thumb Code     0  startup_stm32f103xe.o(.text)
    TIM1_TRG_COM_IRQHandler                  0x080001e7   Thumb Code     0  startup_stm32f103xe.o(.text)
    TIM1_UP_IRQHandler                       0x080001e7   Thumb Code     0  startup_stm32f103xe.o(.text)
    TIM4_IRQHandler                          0x080001e7   Thumb Code     0  startup_stm32f103xe.o(.text)
    TIM5_IRQHandler                          0x080001e7   Thumb Code     0  startup_stm32f103xe.o(.text)
    TIM8_BRK_IRQHandler                      0x080001e7   Thumb Code     0  startup_stm32f103xe.o(.text)
    TIM8_CC_IRQHandler                       0x080001e7   Thumb Code     0  startup_stm32f103xe.o(.text)
    TIM8_TRG_COM_IRQHandler                  0x080001e7   Thumb Code     0  startup_stm32f103xe.o(.text)
    UART4_IRQHandler                         0x080001e7   Thumb Code     0  startup_stm32f103xe.o(.text)
    UART5_IRQHandler                         0x080001e7   Thumb Code     0  startup_stm32f103xe.o(.text)
    USART2_IRQHandler                        0x080001e7   Thumb Code     0  startup_stm32f103xe.o(.text)
    USBWakeUp_IRQHandler                     0x080001e7   Thumb Code     0  startup_stm32f103xe.o(.text)
    USB_HP_CAN1_TX_IRQHandler                0x080001e7   Thumb Code     0  startup_stm32f103xe.o(.text)
    USB_LP_CAN1_RX0_IRQHandler               0x080001e7   Thumb Code     0  startup_stm32f103xe.o(.text)
    WWDG_IRQHandler                          0x080001e7   Thumb Code     0  startup_stm32f103xe.o(.text)
    __user_initial_stackheap                 0x080001e9   Thumb Code     0  startup_stm32f103xe.o(.text)
    __aeabi_memclr4                          0x0800020d   Thumb Code     0  rt_memclr_w.o(.text)
    __aeabi_memclr8                          0x0800020d   Thumb Code     0  rt_memclr_w.o(.text)
    __rt_memclr_w                            0x0800020d   Thumb Code     0  rt_memclr_w.o(.text)
    _memset_w                                0x08000211   Thumb Code    74  rt_memclr_w.o(.text)
    __use_two_region_memory                  0x0800025b   Thumb Code     2  heapauxi.o(.text)
    __rt_heap_escrow$2region                 0x0800025d   Thumb Code     2  heapauxi.o(.text)
    __rt_heap_expand$2region                 0x0800025f   Thumb Code     2  heapauxi.o(.text)
    __user_setup_stackheap                   0x08000261   Thumb Code    74  sys_stackheap_outer.o(.text)
    exit                                     0x080002ab   Thumb Code    18  exit.o(.text)
    __user_libspace                          0x080002bd   Thumb Code     8  libspace.o(.text)
    __user_perproc_libspace                  0x080002bd   Thumb Code     0  libspace.o(.text)
    __user_perthread_libspace                0x080002bd   Thumb Code     0  libspace.o(.text)
    _sys_exit                                0x080002c5   Thumb Code     8  sys_exit.o(.text)
    __I$use$semihosting                      0x080002d1   Thumb Code     0  use_no_semi.o(.text)
    __use_no_semihosting_swi                 0x080002d1   Thumb Code     2  use_no_semi.o(.text)
    __semihosting_library_function           0x080002d3   Thumb Code     0  indicate_semi.o(.text)
    ADC1_2_IRQHandler                        0x080002d5   Thumb Code     2  stm32f1xx_it.o(.text.ADC1_2_IRQHandler)
    ADC3_IRQHandler                          0x080002d9   Thumb Code     2  stm32f1xx_it.o(.text.ADC3_IRQHandler)
    BusFault_Handler                         0x080002dd   Thumb Code     4  stm32f1xx_it.o(.text.BusFault_Handler)
    DMA1_Channel3_IRQHandler                 0x080002e1   Thumb Code     2  stm32f1xx_it.o(.text.DMA1_Channel3_IRQHandler)
    DebugMon_Handler                         0x080002e5   Thumb Code     2  stm32f1xx_it.o(.text.DebugMon_Handler)
    DrawAbsIncWidget                         0x080002e9   Thumb Code   780  drillwidgets.o(.text.DrawAbsIncWidget)
    DrawCntWidget                            0x080005f5   Thumb Code   154  drillwidgets.o(.text.DrawCntWidget)
    DrawDrillWidget                          0x08000691   Thumb Code   296  drillwidgets.o(.text.DrawDrillWidget)
    EC_CheckButtons                          0x080007b9   Thumb Code   220  eventcontroller.o(.text.EC_CheckButtons)
    EC_Init                                  0x08000895   Thumb Code   290  eventcontroller.o(.text.EC_Init)
    EXTI0_IRQHandler                         0x080009b9   Thumb Code    22  stm32f1xx_it.o(.text.EXTI0_IRQHandler)
    EXTI1_IRQHandler                         0x080009d1   Thumb Code    22  stm32f1xx_it.o(.text.EXTI1_IRQHandler)
    EXTI2_IRQHandler                         0x080009e9   Thumb Code    22  stm32f1xx_it.o(.text.EXTI2_IRQHandler)
    EXTI4_IRQHandler                         0x08000a01   Thumb Code    22  stm32f1xx_it.o(.text.EXTI4_IRQHandler)
    EXTI9_5_IRQHandler                       0x08000a19   Thumb Code    22  stm32f1xx_it.o(.text.EXTI9_5_IRQHandler)
    HardFault_Handler                        0x08000a31   Thumb Code     4  stm32f1xx_it.o(.text.HardFault_Handler)
    LL_ADC_CommonInit                        0x08000a35   Thumb Code   148  stm32f1xx_ll_adc.o(.text.LL_ADC_CommonInit)
    LL_ADC_Init                              0x08000ac9   Thumb Code    78  stm32f1xx_ll_adc.o(.text.LL_ADC_Init)
    LL_ADC_REG_Init                          0x08000b29   Thumb Code   146  stm32f1xx_ll_adc.o(.text.LL_ADC_REG_Init)
    LL_DAC_Init                              0x08000e6d   Thumb Code   150  stm32f1xx_ll_dac.o(.text.LL_DAC_Init)
    LL_EXTI_Init                             0x08001165   Thumb Code   254  stm32f1xx_ll_exti.o(.text.LL_EXTI_Init)
    LL_GPIO_Init                             0x08001311   Thumb Code   194  stm32f1xx_ll_gpio.o(.text.LL_GPIO_Init)
    LL_Init1msTick                           0x080015cd   Thumb Code    20  stm32f1xx_ll_utils.o(.text.LL_Init1msTick)
    LL_RCC_GetSystemClocksFreq               0x08001669   Thumb Code    54  stm32f1xx_ll_rcc.o(.text.LL_RCC_GetSystemClocksFreq)
    LL_SPI_Init                              0x080017e1   Thumb Code   154  stm32f1xx_ll_spi.o(.text.LL_SPI_Init)
    LL_SetSystemCoreClock                    0x080018e1   Thumb Code    20  stm32f1xx_ll_utils.o(.text.LL_SetSystemCoreClock)
    LL_TIM_Init                              0x08001c59   Thumb Code   308  stm32f1xx_ll_tim.o(.text.LL_TIM_Init)
    LL_USART_Init                            0x08001e61   Thumb Code   248  stm32f1xx_ll_usart.o(.text.LL_USART_Init)
    LL_mDelay                                0x08001ff1   Thumb Code    74  stm32f1xx_ll_utils.o(.text.LL_mDelay)
    MOT_Control                              0x0800203d   Thumb Code   114  motor.o(.text.MOT_Control)
    MOT_Init                                 0x080020b1   Thumb Code   270  motor.o(.text.MOT_Init)
    MOT_SetDir                               0x080021c1   Thumb Code   126  motor.o(.text.MOT_SetDir)
    MOT_SetSpeed                             0x08002241   Thumb Code   110  motor.o(.text.MOT_SetSpeed)
    MOT_Start                                0x080022b1   Thumb Code    50  motor.o(.text.MOT_Start)
    MOT_Stop                                 0x080022e5   Thumb Code    52  motor.o(.text.MOT_Stop)
    MX_ADC1_Init                             0x08002319   Thumb Code   190  adc.o(.text.MX_ADC1_Init)
    MX_ADC2_Init                             0x080023d9   Thumb Code   176  adc.o(.text.MX_ADC2_Init)
    MX_ADC3_Init                             0x08002489   Thumb Code   176  adc.o(.text.MX_ADC3_Init)
    MX_DAC_Init                              0x08002539   Thumb Code   110  dac.o(.text.MX_DAC_Init)
    MX_DMA_Init                              0x080025a9   Thumb Code    42  dma.o(.text.MX_DMA_Init)
    MX_GPIO_Init                             0x080025d5   Thumb Code   690  gpio.o(.text.MX_GPIO_Init)
    MX_SPI1_Init                             0x08002889   Thumb Code   242  spi.o(.text.MX_SPI1_Init)
    MX_TIM2_Init                             0x0800297d   Thumb Code   242  tim.o(.text.MX_TIM2_Init)
    MX_TIM3_Init                             0x08002a71   Thumb Code   246  tim.o(.text.MX_TIM3_Init)
    MX_TIM6_Init                             0x08002b69   Thumb Code   108  tim.o(.text.MX_TIM6_Init)
    MX_TIM7_Init                             0x08002bd5   Thumb Code   108  tim.o(.text.MX_TIM7_Init)
    MX_TIM8_Init                             0x08002c41   Thumb Code   124  tim.o(.text.MX_TIM8_Init)
    MX_USART1_UART_Init                      0x08002cbd   Thumb Code   188  usart.o(.text.MX_USART1_UART_Init)
    MX_USART3_UART_Init                      0x08002d79   Thumb Code   186  usart.o(.text.MX_USART3_UART_Init)
    MemManage_Handler                        0x08002e35   Thumb Code     4  stm32f1xx_it.o(.text.MemManage_Handler)
    NMI_Handler                              0x08002e39   Thumb Code     4  stm32f1xx_it.o(.text.NMI_Handler)
    PendSV_Handler                           0x08003131   Thumb Code     2  stm32f1xx_it.o(.text.PendSV_Handler)
    RCC_GetHCLKClockFreq                     0x08003135   Thumb Code    38  stm32f1xx_ll_rcc.o(.text.RCC_GetHCLKClockFreq)
    RCC_GetPCLK1ClockFreq                    0x0800315d   Thumb Code    36  stm32f1xx_ll_rcc.o(.text.RCC_GetPCLK1ClockFreq)
    RCC_GetPCLK2ClockFreq                    0x08003181   Thumb Code    36  stm32f1xx_ll_rcc.o(.text.RCC_GetPCLK2ClockFreq)
    RCC_GetSystemClockFreq                   0x080031a5   Thumb Code    86  stm32f1xx_ll_rcc.o(.text.RCC_GetSystemClockFreq)
    RCC_PLL_GetFreqDomain_SYS                0x080031fd   Thumb Code   104  stm32f1xx_ll_rcc.o(.text.RCC_PLL_GetFreqDomain_SYS)
    SPI1_IRQHandler                          0x08003265   Thumb Code     2  stm32f1xx_it.o(.text.SPI1_IRQHandler)
    SSD1322_API_command                      0x08003269   Thumb Code    32  ssd1322_api.o(.text.SSD1322_API_command)
    SSD1322_API_data                         0x08003289   Thumb Code    32  ssd1322_api.o(.text.SSD1322_API_data)
    SSD1322_API_init                         0x080032a9   Thumb Code   294  ssd1322_api.o(.text.SSD1322_API_init)
    SSD1322_API_send_buffer                  0x080033d1   Thumb Code    38  ssd1322_api.o(.text.SSD1322_API_send_buffer)
    SSD1322_API_set_window                   0x080033f9   Thumb Code    76  ssd1322_api.o(.text.SSD1322_API_set_window)
    SSD1322_HW_SPI_send_array                0x08003445   Thumb Code    48  ssd1322_hw_driver.o(.text.SSD1322_HW_SPI_send_array)
    SSD1322_HW_SPI_send_byte                 0x08003475   Thumb Code    48  ssd1322_hw_driver.o(.text.SSD1322_HW_SPI_send_byte)
    SSD1322_HW_drive_CS_high                 0x080034a5   Thumb Code    20  ssd1322_hw_driver.o(.text.SSD1322_HW_drive_CS_high)
    SSD1322_HW_drive_CS_low                  0x080034b9   Thumb Code    20  ssd1322_hw_driver.o(.text.SSD1322_HW_drive_CS_low)
    SSD1322_HW_drive_DC_high                 0x080034cd   Thumb Code    20  ssd1322_hw_driver.o(.text.SSD1322_HW_drive_DC_high)
    SSD1322_HW_drive_DC_low                  0x080034e1   Thumb Code    20  ssd1322_hw_driver.o(.text.SSD1322_HW_drive_DC_low)
    SSD1322_HW_drive_Init                    0x080034f5   Thumb Code   240  ssd1322_hw_driver.o(.text.SSD1322_HW_drive_Init)
    SSD1322_HW_drive_RESET_high              0x080035e5   Thumb Code    20  ssd1322_hw_driver.o(.text.SSD1322_HW_drive_RESET_high)
    SSD1322_HW_drive_RESET_low               0x080035f9   Thumb Code    20  ssd1322_hw_driver.o(.text.SSD1322_HW_drive_RESET_low)
    SSD1322_HW_msDelay                       0x0800360d   Thumb Code    16  ssd1322_hw_driver.o(.text.SSD1322_HW_msDelay)
    SVC_Handler                              0x0800361d   Thumb Code     2  stm32f1xx_it.o(.text.SVC_Handler)
    SysTick_Handler                          0x08003621   Thumb Code   252  stm32f1xx_it.o(.text.SysTick_Handler)
    SystemClock_Config                       0x0800371d   Thumb Code   146  main.o(.text.SystemClock_Config)
    SystemInit                               0x080037b1   Thumb Code     2  system_stm32f1xx.o(.text.SystemInit)
    TIM2_IRQHandler                          0x080037b5   Thumb Code     2  stm32f1xx_it.o(.text.TIM2_IRQHandler)
    TIM3_IRQHandler                          0x080037b9   Thumb Code     2  stm32f1xx_it.o(.text.TIM3_IRQHandler)
    TIM6_IRQHandler                          0x080037bd   Thumb Code    38  stm32f1xx_it.o(.text.TIM6_IRQHandler)
    TIM7_IRQHandler                          0x080037e5   Thumb Code    38  stm32f1xx_it.o(.text.TIM7_IRQHandler)
    TIM8_UP_IRQHandler                       0x0800380d   Thumb Code    16  stm32f1xx_it.o(.text.TIM8_UP_IRQHandler)
    USART1_IRQHandler                        0x0800381d   Thumb Code     2  stm32f1xx_it.o(.text.USART1_IRQHandler)
    USART3_IRQHandler                        0x08003821   Thumb Code     2  stm32f1xx_it.o(.text.USART3_IRQHandler)
    UsageFault_Handler                       0x08003825   Thumb Code     4  stm32f1xx_it.o(.text.UsageFault_Handler)
    draw_bitmap_8bpp                         0x08003bd1   Thumb Code   172  ssd1322_gfx.o(.text.draw_bitmap_8bpp)
    draw_char                                0x08003c7d   Thumb Code   326  ssd1322_gfx.o(.text.draw_char)
    draw_pixel                               0x08003dc5   Thumb Code   198  ssd1322_gfx.o(.text.draw_pixel)
    draw_rect_filled                         0x08003e8d   Thumb Code   134  ssd1322_gfx.o(.text.draw_rect_filled)
    draw_text                                0x08003f15   Thumb Code   112  ssd1322_gfx.o(.text.draw_text)
    intToStr                                 0x08003f85   Thumb Code   268  drillwidgets.o(.text.intToStr)
    main                                     0x08004091   Thumb Code  2366  main.o(.text.main)
    select_font                              0x080049d1   Thumb Code    20  ssd1322_gfx.o(.text.select_font)
    send_buffer_to_OLED                      0x080049e5   Thumb Code    54  ssd1322_gfx.o(.text.send_buffer_to_OLED)
    strlenUTF8                               0x08004a1d   Thumb Code    64  drillwidgets.o(.text.strlenUTF8)
    __aeabi_d2f                              0x08004a5d   Thumb Code     0  d2f.o(x$fpl$d2f)
    _d2f                                     0x08004a5d   Thumb Code    98  d2f.o(x$fpl$d2f)
    __aeabi_dadd                             0x08004ac1   Thumb Code     0  daddsub_clz.o(x$fpl$dadd)
    _dadd                                    0x08004ac1   Thumb Code   332  daddsub_clz.o(x$fpl$dadd)
    __fpl_dnaninf                            0x08004c11   Thumb Code   156  dnaninf.o(x$fpl$dnaninf)
    __fpl_dretinf                            0x08004cad   Thumb Code    12  dretinf.o(x$fpl$dretinf)
    __aeabi_dsub                             0x08004cb9   Thumb Code     0  daddsub_clz.o(x$fpl$dsub)
    _dsub                                    0x08004cb9   Thumb Code   472  daddsub_clz.o(x$fpl$dsub)
    __aeabi_f2d                              0x08004e95   Thumb Code     0  f2d.o(x$fpl$f2d)
    _f2d                                     0x08004e95   Thumb Code    86  f2d.o(x$fpl$f2d)
    __aeabi_fadd                             0x08004eed   Thumb Code     0  faddsub_clz.o(x$fpl$fadd)
    _fadd                                    0x08004eed   Thumb Code   196  faddsub_clz.o(x$fpl$fadd)
    __aeabi_fcmpeq                           0x08004fb1   Thumb Code     0  fcmp.o(x$fpl$fcmp)
    _feq                                     0x08004fb1   Thumb Code    14  fcmp.o(x$fpl$fcmp)
    _fneq                                    0x08004fbf   Thumb Code    14  fcmp.o(x$fpl$fcmp)
    __aeabi_fcmpgt                           0x08004fcd   Thumb Code     0  fcmp.o(x$fpl$fcmp)
    _fgr                                     0x08004fcd   Thumb Code    14  fcmp.o(x$fpl$fcmp)
    __aeabi_fcmpge                           0x08004fdb   Thumb Code     0  fcmp.o(x$fpl$fcmp)
    _fgeq                                    0x08004fdb   Thumb Code    14  fcmp.o(x$fpl$fcmp)
    __aeabi_fcmple                           0x08004fe9   Thumb Code     0  fcmp.o(x$fpl$fcmp)
    _fleq                                    0x08004fe9   Thumb Code    14  fcmp.o(x$fpl$fcmp)
    __aeabi_fcmplt                           0x08004ff7   Thumb Code     0  fcmp.o(x$fpl$fcmp)
    _fls                                     0x08004ff7   Thumb Code    14  fcmp.o(x$fpl$fcmp)
    __fpl_fcmp_Inf                           0x08005005   Thumb Code    24  fcmpi.o(x$fpl$fcmpinf)
    __aeabi_cfcmpeq                          0x0800501d   Thumb Code     0  feqf.o(x$fpl$feqf)
    _fcmpeq                                  0x0800501d   Thumb Code   104  feqf.o(x$fpl$feqf)
    __aeabi_f2iz                             0x08005085   Thumb Code     0  ffix.o(x$fpl$ffix)
    _ffix                                    0x08005085   Thumb Code    54  ffix.o(x$fpl$ffix)
    __aeabi_f2uiz                            0x080050bd   Thumb Code     0  ffixu.o(x$fpl$ffixu)
    _ffixu                                   0x080050bd   Thumb Code    62  ffixu.o(x$fpl$ffixu)
    __aeabi_i2f                              0x080050fd   Thumb Code     0  fflt_clz.o(x$fpl$fflt)
    _fflt                                    0x080050fd   Thumb Code    48  fflt_clz.o(x$fpl$fflt)
    __aeabi_ui2f                             0x0800512d   Thumb Code     0  fflt_clz.o(x$fpl$ffltu)
    _ffltu                                   0x0800512d   Thumb Code    38  fflt_clz.o(x$fpl$ffltu)
    _fcmpge                                  0x08005155   Thumb Code   104  fgeqf.o(x$fpl$fgeqf)
    __aeabi_cfcmple                          0x080051bd   Thumb Code     0  fleqf.o(x$fpl$fleqf)
    _fcmple                                  0x080051bd   Thumb Code   104  fleqf.o(x$fpl$fleqf)
    __fpl_fcmple_InfNaN                      0x0800520f   Thumb Code     0  fleqf.o(x$fpl$fleqf)
    __aeabi_fmul                             0x08005225   Thumb Code     0  fmul.o(x$fpl$fmul)
    _fmul                                    0x08005225   Thumb Code   258  fmul.o(x$fpl$fmul)
    __fpl_fnaninf                            0x08005327   Thumb Code   140  fnaninf.o(x$fpl$fnaninf)
    __fpl_fretinf                            0x080053b3   Thumb Code    10  fretinf.o(x$fpl$fretinf)
    __aeabi_fsub                             0x080053bd   Thumb Code     0  faddsub_clz.o(x$fpl$fsub)
    _fsub                                    0x080053bd   Thumb Code   234  faddsub_clz.o(x$fpl$fsub)
    ABS                                      0x080054a6   Data        1914  bitmaps.o(.rodata.ABS)
    __I$use$fp                               0x080054a6   Number         0  usenofp.o(x$fpl$usenofp)
    AHBPrescTable                            0x08005c20   Data          16  system_stm32f1xx.o(.rodata.AHBPrescTable)
    APBPrescTable                            0x08005c30   Data           8  system_stm32f1xx.o(.rodata.APBPrescTable)
    CNT                                      0x08005c40   Data        1914  bitmaps.o(.rodata.CNT)
    CourierCyr6pt8b                          0x080063bc   Data          16  ssd1322_gfx.o(.rodata.CourierCyr6pt8b)
    CourierCyr6pt8bBitmaps                   0x080063cc   Data         825  ssd1322_gfx.o(.rodata.CourierCyr6pt8bBitmaps)
    CourierCyr6pt8bGlyphs                    0x08006706   Data        1296  ssd1322_gfx.o(.rodata.CourierCyr6pt8bGlyphs)
    DRILL                                    0x08006c16   Data        1044  bitmaps.o(.rodata.DRILL)
    FreeMonoBold9pt7b                        0x0800702c   Data          16  ssd1322_gfx.o(.rodata.FreeMonoBold9pt7b)
    FreeMonoBold9pt7bBitmaps                 0x0800703c   Data        1000  ssd1322_gfx.o(.rodata.FreeMonoBold9pt7bBitmaps)
    FreeMonoBold9pt7bGlyphs                  0x08007424   Data         760  ssd1322_gfx.o(.rodata.FreeMonoBold9pt7bGlyphs)
    FreeSansBold9pt7b                        0x0800771c   Data          16  ssd1322_gfx.o(.rodata.FreeSansBold9pt7b)
    FreeSansBold9pt7bBitmaps                 0x0800772c   Data        1230  ssd1322_gfx.o(.rodata.FreeSansBold9pt7bBitmaps)
    FreeSansBold9pt7bGlyphs                  0x08007bfa   Data         760  ssd1322_gfx.o(.rodata.FreeSansBold9pt7bGlyphs)
    INC                                      0x08007ef2   Data        1914  bitmaps.o(.rodata.INC)
    INC_EDIT                                 0x0800866c   Data        1914  bitmaps.o(.rodata.INC_EDIT)
    INC_WAIT                                 0x08008de6   Data        1914  bitmaps.o(.rodata.INC_WAIT)
    TAP                                      0x08009576   Data        2030  bitmaps.o(.rodata.TAP)
    Region$$Table$$Base                      0x08009d80   Number         0  anon$$obj.o(Region$$Table)
    Region$$Table$$Limit                     0x08009da0   Number         0  anon$$obj.o(Region$$Table)
    SystemCoreClock                          0x20000000   Data           4  system_stm32f1xx.o(.data.SystemCoreClock)
    _buffer_height                           0x20000004   Data           2  ssd1322_gfx.o(.data._buffer_height)
    _buffer_width                            0x20000006   Data           2  ssd1322_gfx.o(.data._buffer_width)
    buttons                                  0x20000008   Data          20  eventcontroller.o(.data.buttons)
    drill                                    0x2000001c   Data           1  main.o(.data.drill)
    modeCnt                                  0x2000001d   Data           1  main.o(.data.modeCnt)
    rpmChange                                0x2000001e   Data           1  main.o(.data.rpmChange)
    __libspace_start                         0x20000020   Data          96  libspace.o(.bss)
    __temporary_stack_top$libspace           0x20000080   Data           0  libspace.o(.bss)
    absChange                                0x20000080   Data           1  main.o(.bss.absChange)
    absEdit                                  0x20000081   Data           1  main.o(.bss.absEdit)
    buf                                      0x20000084   Data           4  main.o(.bss.buf)
    cntDelta                                 0x20000088   Data           4  main.o(.bss.cntDelta)
    cntLine                                  0x2000008c   Data           4  main.o(.bss.cntLine)
    cntPrevious                              0x20000090   Data           2  main.o(.bss.cntPrevious)
    cntSecond                                0x20000092   Data           2  main.o(.bss.cntSecond)
    drillInc                                 0x20000094   Data           4  main.o(.bss.drillInc)
    drillSpeed                               0x20000098   Data           4  main.o(.bss.drillSpeed)
    encKey                                   0x2000009c   Data          16  eventcontroller.o(.bss.encKey)
    forwardRK                                0x200000ac   Data           4  motor.o(.bss.forwardRK)
    gfx_font                                 0x200000b0   Data           4  ssd1322_gfx.o(.bss.gfx_font)
    incChange                                0x200000b4   Data           1  main.o(.bss.incChange)
    incEdit                                  0x200000b5   Data           1  main.o(.bss.incEdit)
    isMotorStart                             0x200000b6   Data           1  main.o(.bss.isMotorStart)
    isOrigin                                 0x200000b7   Data           1  main.o(.bss.isOrigin)
    key1                                     0x200000b8   Data          16  eventcontroller.o(.bss.key1)
    key1Led                                  0x200000c8   Data          12  eventcontroller.o(.bss.key1Led)
    key2                                     0x200000d4   Data          16  eventcontroller.o(.bss.key2)
    key2Led1                                 0x200000e4   Data          12  eventcontroller.o(.bss.key2Led1)
    key2Led2                                 0x200000f0   Data          12  eventcontroller.o(.bss.key2Led2)
    key3                                     0x200000fc   Data          16  eventcontroller.o(.bss.key3)
    key3Led                                  0x2000010c   Data          12  eventcontroller.o(.bss.key3Led)
    key4                                     0x20000118   Data          16  eventcontroller.o(.bss.key4)
    key4Led                                  0x20000128   Data          12  eventcontroller.o(.bss.key4Led)
    motMode                                  0x20000134   Data           1  main.o(.bss.motMode)
    motor                                    0x20000138   Data          12  motor.o(.bss.motor)
    numBuf                                   0x20000144   Data          11  drillwidgets.o(.bss.numBuf)
    oldEncVal                                0x20000150   Data           2  motor.o(.bss.oldEncVal)
    realPoz                                  0x20000154   Data           4  main.o(.bss.realPoz)
    reverseRK                                0x20000158   Data           4  motor.o(.bss.reverseRK)
    rk1hg                                    0x2000015c   Data           8  motor.o(.bss.rk1hg)
    rk1low                                   0x20000164   Data           8  motor.o(.bss.rk1low)
    rk2hg                                    0x2000016c   Data           8  motor.o(.bss.rk2hg)
    rk2low                                   0x20000174   Data           8  motor.o(.bss.rk2low)
    rk3hg                                    0x2000017c   Data           8  motor.o(.bss.rk3hg)
    rk3low                                   0x20000184   Data           8  motor.o(.bss.rk3low)
    rk4hg                                    0x2000018c   Data           8  motor.o(.bss.rk4hg)
    rk4low                                   0x20000194   Data           8  motor.o(.bss.rk4low)
    rpmEdit                                  0x2000019c   Data           1  main.o(.bss.rpmEdit)
    tapInc                                   0x200001a0   Data           4  main.o(.bss.tapInc)
    tapSpeed                                 0x200001a4   Data           4  main.o(.bss.tapSpeed)
    tick                                     0x200001a8   Data           4  stm32f1xx_it.o(.bss.tick)
    tx_buf                                   0x200001ac   Data        8192  main.o(.bss.tx_buf)



==============================================================================

Memory Map of the image

  Image Entry point : 0x08000131

  Load Region LR_IROM1 (Base: 0x08000000, Size: 0x00009dc0, Max: 0x00040000, ABSOLUTE)

    Execution Region ER_IROM1 (Exec base: 0x08000000, Load base: 0x08000000, Size: 0x00009da0, Max: 0x00040000, ABSOLUTE)

    Exec Addr    Load Addr    Size         Type   Attr      Idx    E Section Name        Object

    0x08000000   0x08000000   0x00000130   Data   RO            3    RESET               startup_stm32f103xe.o
    0x08000130   0x08000130   0x00000008   Code   RO         1082  * !!!main             c_w.l(__main.o)
    0x08000138   0x08000138   0x00000034   Code   RO         1328    !!!scatter          c_w.l(__scatter.o)
    0x0800016c   0x0800016c   0x0000001a   Code   RO         1330    !!handler_copy      c_w.l(__scatter_copy.o)
    0x08000186   0x08000186   0x00000002   PAD
    0x08000188   0x08000188   0x0000001c   Code   RO         1332    !!handler_zi        c_w.l(__scatter_zi.o)
    0x080001a4   0x080001a4   0x00000002   Code   RO         1190    .ARM.Collect$$libinit$$00000000  c_w.l(libinit.o)
    0x080001a6   0x080001a6   0x00000000   Code   RO         1197    .ARM.Collect$$libinit$$00000002  c_w.l(libinit2.o)
    0x080001a6   0x080001a6   0x00000000   Code   RO         1199    .ARM.Collect$$libinit$$00000004  c_w.l(libinit2.o)
    0x080001a6   0x080001a6   0x00000000   Code   RO         1201    .ARM.Collect$$libinit$$00000006  c_w.l(libinit2.o)
    0x080001a6   0x080001a6   0x00000000   Code   RO         1204    .ARM.Collect$$libinit$$0000000C  c_w.l(libinit2.o)
    0x080001a6   0x080001a6   0x00000000   Code   RO         1206    .ARM.Collect$$libinit$$0000000E  c_w.l(libinit2.o)
    0x080001a6   0x080001a6   0x00000000   Code   RO         1208    .ARM.Collect$$libinit$$00000010  c_w.l(libinit2.o)
    0x080001a6   0x080001a6   0x00000000   Code   RO         1211    .ARM.Collect$$libinit$$00000013  c_w.l(libinit2.o)
    0x080001a6   0x080001a6   0x00000000   Code   RO         1213    .ARM.Collect$$libinit$$00000015  c_w.l(libinit2.o)
    0x080001a6   0x080001a6   0x00000000   Code   RO         1215    .ARM.Collect$$libinit$$00000017  c_w.l(libinit2.o)
    0x080001a6   0x080001a6   0x00000000   Code   RO         1217    .ARM.Collect$$libinit$$00000019  c_w.l(libinit2.o)
    0x080001a6   0x080001a6   0x00000000   Code   RO         1219    .ARM.Collect$$libinit$$0000001B  c_w.l(libinit2.o)
    0x080001a6   0x080001a6   0x00000000   Code   RO         1221    .ARM.Collect$$libinit$$0000001D  c_w.l(libinit2.o)
    0x080001a6   0x080001a6   0x00000000   Code   RO         1223    .ARM.Collect$$libinit$$0000001F  c_w.l(libinit2.o)
    0x080001a6   0x080001a6   0x00000000   Code   RO         1225    .ARM.Collect$$libinit$$00000021  c_w.l(libinit2.o)
    0x080001a6   0x080001a6   0x00000000   Code   RO         1227    .ARM.Collect$$libinit$$00000023  c_w.l(libinit2.o)
    0x080001a6   0x080001a6   0x00000000   Code   RO         1229    .ARM.Collect$$libinit$$00000025  c_w.l(libinit2.o)
    0x080001a6   0x080001a6   0x00000000   Code   RO         1231    .ARM.Collect$$libinit$$00000027  c_w.l(libinit2.o)
    0x080001a6   0x080001a6   0x00000000   Code   RO         1235    .ARM.Collect$$libinit$$0000002E  c_w.l(libinit2.o)
    0x080001a6   0x080001a6   0x00000000   Code   RO         1237    .ARM.Collect$$libinit$$00000030  c_w.l(libinit2.o)
    0x080001a6   0x080001a6   0x00000000   Code   RO         1239    .ARM.Collect$$libinit$$00000032  c_w.l(libinit2.o)
    0x080001a6   0x080001a6   0x00000000   Code   RO         1241    .ARM.Collect$$libinit$$00000034  c_w.l(libinit2.o)
    0x080001a6   0x080001a6   0x00000002   Code   RO         1242    .ARM.Collect$$libinit$$00000035  c_w.l(libinit2.o)
    0x080001a8   0x080001a8   0x00000002   Code   RO         1264    .ARM.Collect$$libshutdown$$00000000  c_w.l(libshutdown.o)
    0x080001aa   0x080001aa   0x00000000   Code   RO         1279    .ARM.Collect$$libshutdown$$00000002  c_w.l(libshutdown2.o)
    0x080001aa   0x080001aa   0x00000000   Code   RO         1281    .ARM.Collect$$libshutdown$$00000004  c_w.l(libshutdown2.o)
    0x080001aa   0x080001aa   0x00000000   Code   RO         1284    .ARM.Collect$$libshutdown$$00000007  c_w.l(libshutdown2.o)
    0x080001aa   0x080001aa   0x00000000   Code   RO         1287    .ARM.Collect$$libshutdown$$0000000A  c_w.l(libshutdown2.o)
    0x080001aa   0x080001aa   0x00000000   Code   RO         1289    .ARM.Collect$$libshutdown$$0000000C  c_w.l(libshutdown2.o)
    0x080001aa   0x080001aa   0x00000000   Code   RO         1292    .ARM.Collect$$libshutdown$$0000000F  c_w.l(libshutdown2.o)
    0x080001aa   0x080001aa   0x00000002   Code   RO         1293    .ARM.Collect$$libshutdown$$00000010  c_w.l(libshutdown2.o)
    0x080001ac   0x080001ac   0x00000000   Code   RO         1140    .ARM.Collect$$rtentry$$00000000  c_w.l(__rtentry.o)
    0x080001ac   0x080001ac   0x00000000   Code   RO         1163    .ARM.Collect$$rtentry$$00000002  c_w.l(__rtentry2.o)
    0x080001ac   0x080001ac   0x00000006   Code   RO         1175    .ARM.Collect$$rtentry$$00000004  c_w.l(__rtentry4.o)
    0x080001b2   0x080001b2   0x00000000   Code   RO         1165    .ARM.Collect$$rtentry$$00000009  c_w.l(__rtentry2.o)
    0x080001b2   0x080001b2   0x00000004   Code   RO         1166    .ARM.Collect$$rtentry$$0000000A  c_w.l(__rtentry2.o)
    0x080001b6   0x080001b6   0x00000000   Code   RO         1168    .ARM.Collect$$rtentry$$0000000C  c_w.l(__rtentry2.o)
    0x080001b6   0x080001b6   0x00000008   Code   RO         1169    .ARM.Collect$$rtentry$$0000000D  c_w.l(__rtentry2.o)
    0x080001be   0x080001be   0x00000002   Code   RO         1194    .ARM.Collect$$rtexit$$00000000  c_w.l(rtexit.o)
    0x080001c0   0x080001c0   0x00000000   Code   RO         1244    .ARM.Collect$$rtexit$$00000002  c_w.l(rtexit2.o)
    0x080001c0   0x080001c0   0x00000004   Code   RO         1245    .ARM.Collect$$rtexit$$00000003  c_w.l(rtexit2.o)
    0x080001c4   0x080001c4   0x00000006   Code   RO         1246    .ARM.Collect$$rtexit$$00000004  c_w.l(rtexit2.o)
    0x080001ca   0x080001ca   0x00000002   PAD
    0x080001cc   0x080001cc   0x00000040   Code   RO            4    .text               startup_stm32f103xe.o
    0x0800020c   0x0800020c   0x0000004e   Code   RO         1078    .text               c_w.l(rt_memclr_w.o)
    0x0800025a   0x0800025a   0x00000006   Code   RO         1080    .text               c_w.l(heapauxi.o)
    0x08000260   0x08000260   0x0000004a   Code   RO         1181    .text               c_w.l(sys_stackheap_outer.o)
    0x080002aa   0x080002aa   0x00000012   Code   RO         1183    .text               c_w.l(exit.o)
    0x080002bc   0x080002bc   0x00000008   Code   RO         1191    .text               c_w.l(libspace.o)
    0x080002c4   0x080002c4   0x0000000c   Code   RO         1254    .text               c_w.l(sys_exit.o)
    0x080002d0   0x080002d0   0x00000002   Code   RO         1269    .text               c_w.l(use_no_semi.o)
    0x080002d2   0x080002d2   0x00000000   Code   RO         1271    .text               c_w.l(indicate_semi.o)
    0x080002d2   0x080002d2   0x00000002   PAD
    0x080002d4   0x080002d4   0x00000002   Code   RO          344    .text.ADC1_2_IRQHandler  stm32f1xx_it.o
    0x080002d6   0x080002d6   0x00000002   PAD
    0x080002d8   0x080002d8   0x00000002   Code   RO          362    .text.ADC3_IRQHandler  stm32f1xx_it.o
    0x080002da   0x080002da   0x00000002   PAD
    0x080002dc   0x080002dc   0x00000004   Code   RO          316    .text.BusFault_Handler  stm32f1xx_it.o
    0x080002e0   0x080002e0   0x00000002   Code   RO          342    .text.DMA1_Channel3_IRQHandler  stm32f1xx_it.o
    0x080002e2   0x080002e2   0x00000002   PAD
    0x080002e4   0x080002e4   0x00000002   Code   RO          322    .text.DebugMon_Handler  stm32f1xx_it.o
    0x080002e6   0x080002e6   0x00000002   PAD
    0x080002e8   0x080002e8   0x0000030c   Code   RO         1049    .text.DrawAbsIncWidget  drillwidgets.o
    0x080005f4   0x080005f4   0x0000009a   Code   RO         1051    .text.DrawCntWidget  drillwidgets.o
    0x0800068e   0x0800068e   0x00000002   PAD
    0x08000690   0x08000690   0x00000128   Code   RO         1045    .text.DrawDrillWidget  drillwidgets.o
    0x080007b8   0x080007b8   0x000000dc   Code   RO          965    .text.EC_CheckButtons  eventcontroller.o
    0x08000894   0x08000894   0x00000122   Code   RO          969    .text.EC_Init       eventcontroller.o
    0x080009b6   0x080009b6   0x00000002   PAD
    0x080009b8   0x080009b8   0x00000016   Code   RO          330    .text.EXTI0_IRQHandler  stm32f1xx_it.o
    0x080009ce   0x080009ce   0x00000002   PAD
    0x080009d0   0x080009d0   0x00000016   Code   RO          336    .text.EXTI1_IRQHandler  stm32f1xx_it.o
    0x080009e6   0x080009e6   0x00000002   PAD
    0x080009e8   0x080009e8   0x00000016   Code   RO          338    .text.EXTI2_IRQHandler  stm32f1xx_it.o
    0x080009fe   0x080009fe   0x00000002   PAD
    0x08000a00   0x08000a00   0x00000016   Code   RO          340    .text.EXTI4_IRQHandler  stm32f1xx_it.o
    0x08000a16   0x08000a16   0x00000002   PAD
    0x08000a18   0x08000a18   0x00000016   Code   RO          346    .text.EXTI9_5_IRQHandler  stm32f1xx_it.o
    0x08000a2e   0x08000a2e   0x00000002   PAD
    0x08000a30   0x08000a30   0x00000004   Code   RO          312    .text.HardFault_Handler  stm32f1xx_it.o
    0x08000a34   0x08000a34   0x00000094   Code   RO          409    .text.LL_ADC_CommonInit  stm32f1xx_ll_adc.o
    0x08000ac8   0x08000ac8   0x0000004e   Code   RO          423    .text.LL_ADC_Init   stm32f1xx_ll_adc.o
    0x08000b16   0x08000b16   0x00000002   PAD
    0x08000b18   0x08000b18   0x00000010   Code   RO          411    .text.LL_ADC_IsEnabled  stm32f1xx_ll_adc.o
    0x08000b28   0x08000b28   0x00000092   Code   RO          427    .text.LL_ADC_REG_Init  stm32f1xx_ll_adc.o
    0x08000bba   0x08000bba   0x00000002   PAD
    0x08000bbc   0x08000bbc   0x0000001a   Code   RO          429    .text.LL_ADC_REG_SetSequencerLength  stm32f1xx_ll_adc.o
    0x08000bd6   0x08000bd6   0x00000002   PAD
    0x08000bd8   0x08000bd8   0x0000003a   Code   RO          148    .text.LL_ADC_REG_SetSequencerRanks  adc.o
    0x08000c12   0x08000c12   0x00000002   PAD
    0x08000c14   0x08000c14   0x00000036   Code   RO          150    .text.LL_ADC_SetChannelSamplingTime  adc.o
    0x08000c4a   0x08000c4a   0x00000002   PAD
    0x08000c4c   0x08000c4c   0x00000022   Code   RO          180    .text.LL_AHB1_GRP1_EnableClock  dma.o
    0x08000c6e   0x08000c6e   0x00000002   PAD
    0x08000c70   0x08000c70   0x00000022   Code   RO           15    .text.LL_APB1_GRP1_EnableClock  main.o
    0x08000c92   0x08000c92   0x00000002   PAD
    0x08000c94   0x08000c94   0x00000022   Code   RO          165    .text.LL_APB1_GRP1_EnableClock  dac.o
    0x08000cb6   0x08000cb6   0x00000002   PAD
    0x08000cb8   0x08000cb8   0x00000022   Code   RO          235    .text.LL_APB1_GRP1_EnableClock  tim.o
    0x08000cda   0x08000cda   0x00000002   PAD
    0x08000cdc   0x08000cdc   0x00000022   Code   RO          301    .text.LL_APB1_GRP1_EnableClock  usart.o
    0x08000cfe   0x08000cfe   0x00000002   PAD
    0x08000d00   0x08000d00   0x00000022   Code   RO           13    .text.LL_APB2_GRP1_EnableClock  main.o
    0x08000d22   0x08000d22   0x00000002   PAD
    0x08000d24   0x08000d24   0x00000022   Code   RO          111    .text.LL_APB2_GRP1_EnableClock  gpio.o
    0x08000d46   0x08000d46   0x00000002   PAD
    0x08000d48   0x08000d48   0x00000022   Code   RO          138    .text.LL_APB2_GRP1_EnableClock  adc.o
    0x08000d6a   0x08000d6a   0x00000002   PAD
    0x08000d6c   0x08000d6c   0x00000022   Code   RO          167    .text.LL_APB2_GRP1_EnableClock  dac.o
    0x08000d8e   0x08000d8e   0x00000002   PAD
    0x08000d90   0x08000d90   0x00000022   Code   RO          199    .text.LL_APB2_GRP1_EnableClock  spi.o
    0x08000db2   0x08000db2   0x00000002   PAD
    0x08000db4   0x08000db4   0x00000022   Code   RO          237    .text.LL_APB2_GRP1_EnableClock  tim.o
    0x08000dd6   0x08000dd6   0x00000002   PAD
    0x08000dd8   0x08000dd8   0x00000022   Code   RO          285    .text.LL_APB2_GRP1_EnableClock  usart.o
    0x08000dfa   0x08000dfa   0x00000002   PAD
    0x08000dfc   0x08000dfc   0x0000002e   Code   RO         1013    .text.LL_DAC_ConvertData12RightAligned  motor.o
    0x08000e2a   0x08000e2a   0x00000002   PAD
    0x08000e2c   0x08000e2c   0x0000001e   Code   RO          169    .text.LL_DAC_DisableTrigger  dac.o
    0x08000e4a   0x08000e4a   0x00000002   PAD
    0x08000e4c   0x08000e4c   0x0000001e   Code   RO         1005    .text.LL_DAC_Enable  motor.o
    0x08000e6a   0x08000e6a   0x00000002   PAD
    0x08000e6c   0x08000e6c   0x00000096   Code   RO          635    .text.LL_DAC_Init   stm32f1xx_ll_dac.o
    0x08000f02   0x08000f02   0x00000002   PAD
    0x08000f04   0x08000f04   0x0000001a   Code   RO          637    .text.LL_DAC_IsEnabled  stm32f1xx_ll_dac.o
    0x08000f1e   0x08000f1e   0x00000002   PAD
    0x08000f20   0x08000f20   0x00000034   Code   RO          205    .text.LL_DMA_SetChannelPriorityLevel  spi.o
    0x08000f54   0x08000f54   0x00000036   Code   RO          203    .text.LL_DMA_SetDataTransferDirection  spi.o
    0x08000f8a   0x08000f8a   0x00000002   PAD
    0x08000f8c   0x08000f8c   0x00000034   Code   RO          211    .text.LL_DMA_SetMemoryIncMode  spi.o
    0x08000fc0   0x08000fc0   0x00000034   Code   RO          215    .text.LL_DMA_SetMemorySize  spi.o
    0x08000ff4   0x08000ff4   0x00000034   Code   RO          207    .text.LL_DMA_SetMode  spi.o
    0x08001028   0x08001028   0x00000034   Code   RO          209    .text.LL_DMA_SetPeriphIncMode  spi.o
    0x0800105c   0x0800105c   0x00000034   Code   RO          213    .text.LL_DMA_SetPeriphSize  spi.o
    0x08001090   0x08001090   0x00000014   Code   RO          334    .text.LL_EXTI_ClearFlag_0_31  stm32f1xx_it.o
    0x080010a4   0x080010a4   0x00000018   Code   RO          604    .text.LL_EXTI_DisableEvent_0_31  stm32f1xx_ll_exti.o
    0x080010bc   0x080010bc   0x00000018   Code   RO          612    .text.LL_EXTI_DisableFallingTrig_0_31  stm32f1xx_ll_exti.o
    0x080010d4   0x080010d4   0x00000018   Code   RO          608    .text.LL_EXTI_DisableIT_0_31  stm32f1xx_ll_exti.o
    0x080010ec   0x080010ec   0x00000018   Code   RO          616    .text.LL_EXTI_DisableRisingTrig_0_31  stm32f1xx_ll_exti.o
    0x08001104   0x08001104   0x00000018   Code   RO          610    .text.LL_EXTI_EnableEvent_0_31  stm32f1xx_ll_exti.o
    0x0800111c   0x0800111c   0x00000018   Code   RO          618    .text.LL_EXTI_EnableFallingTrig_0_31  stm32f1xx_ll_exti.o
    0x08001134   0x08001134   0x00000018   Code   RO          606    .text.LL_EXTI_EnableIT_0_31  stm32f1xx_ll_exti.o
    0x0800114c   0x0800114c   0x00000018   Code   RO          614    .text.LL_EXTI_EnableRisingTrig_0_31  stm32f1xx_ll_exti.o
    0x08001164   0x08001164   0x000000fe   Code   RO          602    .text.LL_EXTI_Init  stm32f1xx_ll_exti.o
    0x08001262   0x08001262   0x00000002   PAD
    0x08001264   0x08001264   0x0000001e   Code   RO          332    .text.LL_EXTI_IsActiveFlag_0_31  stm32f1xx_it.o
    0x08001282   0x08001282   0x00000002   PAD
    0x08001284   0x08001284   0x00000010   Code   RO           45    .text.LL_FLASH_GetLatency  main.o
    0x08001294   0x08001294   0x0000001c   Code   RO           43    .text.LL_FLASH_SetLatency  main.o
    0x080012b0   0x080012b0   0x00000014   Code   RO          201    .text.LL_GPIO_AF_EnableRemap_SPI1  spi.o
    0x080012c4   0x080012c4   0x00000012   Code   RO           25    .text.LL_GPIO_AF_Remap_SWJ_NOJTAG  main.o
    0x080012d6   0x080012d6   0x00000002   PAD
    0x080012d8   0x080012d8   0x00000038   Code   RO          115    .text.LL_GPIO_AF_SetEXTISource  gpio.o
    0x08001310   0x08001310   0x000000c2   Code   RO          384    .text.LL_GPIO_Init  stm32f1xx_ll_gpio.o
    0x080013d2   0x080013d2   0x00000002   PAD
    0x080013d4   0x080013d4   0x0000001c   Code   RO          967    .text.LL_GPIO_IsInputPinSet  eventcontroller.o
    0x080013f0   0x080013f0   0x00000012   Code   RO           37    .text.LL_GPIO_ResetOutputPin  main.o
    0x08001402   0x08001402   0x00000002   PAD
    0x08001404   0x08001404   0x00000012   Code   RO          113    .text.LL_GPIO_ResetOutputPin  gpio.o
    0x08001416   0x08001416   0x00000002   PAD
    0x08001418   0x08001418   0x00000012   Code   RO          928    .text.LL_GPIO_ResetOutputPin  ssd1322_hw_driver.o
    0x0800142a   0x0800142a   0x00000002   PAD
    0x0800142c   0x0800142c   0x00000012   Code   RO         1019    .text.LL_GPIO_ResetOutputPin  motor.o
    0x0800143e   0x0800143e   0x00000002   PAD
    0x08001440   0x08001440   0x00000012   Code   RO           29    .text.LL_GPIO_SetOutputPin  main.o
    0x08001452   0x08001452   0x00000002   PAD
    0x08001454   0x08001454   0x00000012   Code   RO          930    .text.LL_GPIO_SetOutputPin  ssd1322_hw_driver.o
    0x08001466   0x08001466   0x00000002   PAD
    0x08001468   0x08001468   0x00000012   Code   RO         1017    .text.LL_GPIO_SetOutputPin  motor.o
    0x0800147a   0x0800147a   0x00000002   PAD
    0x0800147c   0x0800147c   0x00000034   Code   RO          117    .text.LL_GPIO_SetPinMode  gpio.o
    0x080014b0   0x080014b0   0x00000034   Code   RO          388    .text.LL_GPIO_SetPinMode  stm32f1xx_ll_gpio.o
    0x080014e4   0x080014e4   0x00000034   Code   RO          392    .text.LL_GPIO_SetPinOutputType  stm32f1xx_ll_gpio.o
    0x08001518   0x08001518   0x0000002a   Code   RO          119    .text.LL_GPIO_SetPinPull  gpio.o
    0x08001542   0x08001542   0x00000002   PAD
    0x08001544   0x08001544   0x0000002a   Code   RO          386    .text.LL_GPIO_SetPinPull  stm32f1xx_ll_gpio.o
    0x0800156e   0x0800156e   0x00000002   PAD
    0x08001570   0x08001570   0x00000034   Code   RO          390    .text.LL_GPIO_SetPinSpeed  stm32f1xx_ll_gpio.o
    0x080015a4   0x080015a4   0x00000028   Code   RO          328    .text.LL_GPIO_TogglePin  stm32f1xx_it.o
    0x080015cc   0x080015cc   0x00000014   Code   RO          537    .text.LL_Init1msTick  stm32f1xx_ll_utils.o
    0x080015e0   0x080015e0   0x00000036   Code   RO          539    .text.LL_InitTick   stm32f1xx_ll_utils.o
    0x08001616   0x08001616   0x00000002   PAD
    0x08001618   0x08001618   0x00000010   Code   RO          518    .text.LL_RCC_GetAHBPrescaler  stm32f1xx_ll_rcc.o
    0x08001628   0x08001628   0x00000010   Code   RO          520    .text.LL_RCC_GetAPB1Prescaler  stm32f1xx_ll_rcc.o
    0x08001638   0x08001638   0x00000010   Code   RO          522    .text.LL_RCC_GetAPB2Prescaler  stm32f1xx_ll_rcc.o
    0x08001648   0x08001648   0x00000010   Code   RO           65    .text.LL_RCC_GetSysClkSource  main.o
    0x08001658   0x08001658   0x00000010   Code   RO          490    .text.LL_RCC_GetSysClkSource  stm32f1xx_ll_rcc.o
    0x08001668   0x08001668   0x00000036   Code   RO          498    .text.LL_RCC_GetSystemClocksFreq  stm32f1xx_ll_rcc.o
    0x0800169e   0x0800169e   0x00000002   PAD
    0x080016a0   0x080016a0   0x00000012   Code   RO           47    .text.LL_RCC_HSE_Enable  main.o
    0x080016b2   0x080016b2   0x00000002   PAD
    0x080016b4   0x080016b4   0x00000010   Code   RO           49    .text.LL_RCC_HSE_IsReady  main.o
    0x080016c4   0x080016c4   0x00000026   Code   RO           51    .text.LL_RCC_PLL_ConfigDomain_SYS  main.o
    0x080016ea   0x080016ea   0x00000002   PAD
    0x080016ec   0x080016ec   0x00000012   Code   RO           53    .text.LL_RCC_PLL_Enable  main.o
    0x080016fe   0x080016fe   0x00000002   PAD
    0x08001700   0x08001700   0x00000010   Code   RO          524    .text.LL_RCC_PLL_GetMainSource  stm32f1xx_ll_rcc.o
    0x08001710   0x08001710   0x00000010   Code   RO          528    .text.LL_RCC_PLL_GetMultiplicator  stm32f1xx_ll_rcc.o
    0x08001720   0x08001720   0x00000010   Code   RO          526    .text.LL_RCC_PLL_GetPrediv  stm32f1xx_ll_rcc.o
    0x08001730   0x08001730   0x00000010   Code   RO           55    .text.LL_RCC_PLL_IsReady  main.o
    0x08001740   0x08001740   0x0000001c   Code   RO           67    .text.LL_RCC_SetADCClockSource  main.o
    0x0800175c   0x0800175c   0x0000001c   Code   RO           57    .text.LL_RCC_SetAHBPrescaler  main.o
    0x08001778   0x08001778   0x0000001c   Code   RO           59    .text.LL_RCC_SetAPB1Prescaler  main.o
    0x08001794   0x08001794   0x0000001c   Code   RO           61    .text.LL_RCC_SetAPB2Prescaler  main.o
    0x080017b0   0x080017b0   0x0000001c   Code   RO           63    .text.LL_RCC_SetSysClkSource  main.o
    0x080017cc   0x080017cc   0x00000012   Code   RO          932    .text.LL_SPI_Enable  ssd1322_hw_driver.o
    0x080017de   0x080017de   0x00000002   PAD
    0x080017e0   0x080017e0   0x0000009a   Code   RO          658    .text.LL_SPI_Init   stm32f1xx_ll_spi.o
    0x0800187a   0x0800187a   0x00000002   PAD
    0x0800187c   0x0800187c   0x00000010   Code   RO          950    .text.LL_SPI_IsActiveFlag_BSY  ssd1322_hw_driver.o
    0x0800188c   0x0800188c   0x00000010   Code   RO          660    .text.LL_SPI_IsEnabled  stm32f1xx_ll_spi.o
    0x0800189c   0x0800189c   0x00000012   Code   RO          662    .text.LL_SPI_SetCRCPolynomial  stm32f1xx_ll_spi.o
    0x080018ae   0x080018ae   0x00000002   PAD
    0x080018b0   0x080018b0   0x0000001a   Code   RO          948    .text.LL_SPI_TransmitData8  ssd1322_hw_driver.o
    0x080018ca   0x080018ca   0x00000002   PAD
    0x080018cc   0x080018cc   0x00000012   Code   RO           35    .text.LL_SYSTICK_EnableIT  main.o
    0x080018de   0x080018de   0x00000002   PAD
    0x080018e0   0x080018e0   0x00000014   Code   RO          543    .text.LL_SetSystemCoreClock  stm32f1xx_ll_utils.o
    0x080018f4   0x080018f4   0x00000010   Code   RO          360    .text.LL_TIM_ClearFlag_UPDATE  stm32f1xx_it.o
    0x08001904   0x08001904   0x00000012   Code   RO          257    .text.LL_TIM_DisableARRPreload  tim.o
    0x08001916   0x08001916   0x00000002   PAD
    0x08001918   0x08001918   0x00000012   Code   RO          261    .text.LL_TIM_DisableMasterSlaveMode  tim.o
    0x0800192a   0x0800192a   0x00000002   PAD
    0x0800192c   0x0800192c   0x00000012   Code   RO           33    .text.LL_TIM_EnableCounter  main.o
    0x0800193e   0x0800193e   0x00000002   PAD
    0x08001940   0x08001940   0x00000012   Code   RO           31    .text.LL_TIM_EnableIT_UPDATE  main.o
    0x08001952   0x08001952   0x00000002   PAD
    0x08001954   0x08001954   0x00000012   Code   RO          716    .text.LL_TIM_GenerateEvent_UPDATE  stm32f1xx_ll_tim.o
    0x08001966   0x08001966   0x00000002   PAD
    0x08001968   0x08001968   0x0000000c   Code   RO           39    .text.LL_TIM_GetCounter  main.o
    0x08001974   0x08001974   0x0000000c   Code   RO         1003    .text.LL_TIM_GetCounter  motor.o
    0x08001980   0x08001980   0x000000bc   Code   RO          249    .text.LL_TIM_IC_SetActiveInput  tim.o
    0x08001a3c   0x08001a3c   0x000000bc   Code   RO          253    .text.LL_TIM_IC_SetFilter  tim.o
    0x08001af8   0x08001af8   0x000000a4   Code   RO          255    .text.LL_TIM_IC_SetPolarity  tim.o
    0x08001b9c   0x08001b9c   0x000000bc   Code   RO          251    .text.LL_TIM_IC_SetPrescaler  tim.o
    0x08001c58   0x08001c58   0x00000134   Code   RO          708    .text.LL_TIM_Init   stm32f1xx_ll_tim.o
    0x08001d8c   0x08001d8c   0x00000010   Code   RO          366    .text.LL_TIM_IsActiveFlag_UPDATE  stm32f1xx_it.o
    0x08001d9c   0x08001d9c   0x00000010   Code   RO          710    .text.LL_TIM_SetAutoReload  stm32f1xx_ll_tim.o
    0x08001dac   0x08001dac   0x0000001c   Code   RO          271    .text.LL_TIM_SetClockSource  tim.o
    0x08001dc8   0x08001dc8   0x00000010   Code   RO           41    .text.LL_TIM_SetCounter  main.o
    0x08001dd8   0x08001dd8   0x0000001a   Code   RO          247    .text.LL_TIM_SetEncoderMode  tim.o
    0x08001df2   0x08001df2   0x00000002   PAD
    0x08001df4   0x08001df4   0x00000010   Code   RO          712    .text.LL_TIM_SetPrescaler  stm32f1xx_ll_tim.o
    0x08001e04   0x08001e04   0x00000010   Code   RO          714    .text.LL_TIM_SetRepetitionCounter  stm32f1xx_ll_tim.o
    0x08001e14   0x08001e14   0x0000001a   Code   RO          259    .text.LL_TIM_SetTriggerOutput  tim.o
    0x08001e2e   0x08001e2e   0x00000002   PAD
    0x08001e30   0x08001e30   0x0000001c   Code   RO          295    .text.LL_USART_ConfigAsyncMode  usart.o
    0x08001e4c   0x08001e4c   0x00000012   Code   RO          297    .text.LL_USART_Enable  usart.o
    0x08001e5e   0x08001e5e   0x00000002   PAD
    0x08001e60   0x08001e60   0x000000f8   Code   RO          781    .text.LL_USART_Init  stm32f1xx_ll_usart.o
    0x08001f58   0x08001f58   0x00000010   Code   RO          783    .text.LL_USART_IsEnabled  stm32f1xx_ll_usart.o
    0x08001f68   0x08001f68   0x0000004e   Code   RO          789    .text.LL_USART_SetBaudRate  stm32f1xx_ll_usart.o
    0x08001fb6   0x08001fb6   0x00000002   PAD
    0x08001fb8   0x08001fb8   0x0000001a   Code   RO          787    .text.LL_USART_SetHWFlowCtrl  stm32f1xx_ll_usart.o
    0x08001fd2   0x08001fd2   0x00000002   PAD
    0x08001fd4   0x08001fd4   0x0000001a   Code   RO          785    .text.LL_USART_SetStopBitsLength  stm32f1xx_ll_usart.o
    0x08001fee   0x08001fee   0x00000002   PAD
    0x08001ff0   0x08001ff0   0x0000004a   Code   RO          541    .text.LL_mDelay     stm32f1xx_ll_utils.o
    0x0800203a   0x0800203a   0x00000002   PAD
    0x0800203c   0x0800203c   0x00000072   Code   RO         1007    .text.MOT_Control   motor.o
    0x080020ae   0x080020ae   0x00000002   PAD
    0x080020b0   0x080020b0   0x0000010e   Code   RO          999    .text.MOT_Init      motor.o
    0x080021be   0x080021be   0x00000002   PAD
    0x080021c0   0x080021c0   0x0000007e   Code   RO         1015    .text.MOT_SetDir    motor.o
    0x0800223e   0x0800223e   0x00000002   PAD
    0x08002240   0x08002240   0x0000006e   Code   RO         1011    .text.MOT_SetSpeed  motor.o
    0x080022ae   0x080022ae   0x00000002   PAD
    0x080022b0   0x080022b0   0x00000032   Code   RO         1009    .text.MOT_Start     motor.o
    0x080022e2   0x080022e2   0x00000002   PAD
    0x080022e4   0x080022e4   0x00000034   Code   RO         1001    .text.MOT_Stop      motor.o
    0x08002318   0x08002318   0x000000be   Code   RO          136    .text.MX_ADC1_Init  adc.o
    0x080023d6   0x080023d6   0x00000002   PAD
    0x080023d8   0x080023d8   0x000000b0   Code   RO          152    .text.MX_ADC2_Init  adc.o
    0x08002488   0x08002488   0x000000b0   Code   RO          154    .text.MX_ADC3_Init  adc.o
    0x08002538   0x08002538   0x0000006e   Code   RO          163    .text.MX_DAC_Init   dac.o
    0x080025a6   0x080025a6   0x00000002   PAD
    0x080025a8   0x080025a8   0x0000002a   Code   RO          178    .text.MX_DMA_Init   dma.o
    0x080025d2   0x080025d2   0x00000002   PAD
    0x080025d4   0x080025d4   0x000002b2   Code   RO          109    .text.MX_GPIO_Init  gpio.o
    0x08002886   0x08002886   0x00000002   PAD
    0x08002888   0x08002888   0x000000f2   Code   RO          197    .text.MX_SPI1_Init  spi.o
    0x0800297a   0x0800297a   0x00000002   PAD
    0x0800297c   0x0800297c   0x000000f2   Code   RO          233    .text.MX_TIM2_Init  tim.o
    0x08002a6e   0x08002a6e   0x00000002   PAD
    0x08002a70   0x08002a70   0x000000f6   Code   RO          263    .text.MX_TIM3_Init  tim.o
    0x08002b66   0x08002b66   0x00000002   PAD
    0x08002b68   0x08002b68   0x0000006c   Code   RO          265    .text.MX_TIM6_Init  tim.o
    0x08002bd4   0x08002bd4   0x0000006c   Code   RO          267    .text.MX_TIM7_Init  tim.o
    0x08002c40   0x08002c40   0x0000007c   Code   RO          269    .text.MX_TIM8_Init  tim.o
    0x08002cbc   0x08002cbc   0x000000bc   Code   RO          283    .text.MX_USART1_UART_Init  usart.o
    0x08002d78   0x08002d78   0x000000ba   Code   RO          299    .text.MX_USART3_UART_Init  usart.o
    0x08002e32   0x08002e32   0x00000002   PAD
    0x08002e34   0x08002e34   0x00000004   Code   RO          314    .text.MemManage_Handler  stm32f1xx_it.o
    0x08002e38   0x08002e38   0x00000004   Code   RO          310    .text.NMI_Handler   stm32f1xx_it.o
    0x08002e3c   0x08002e3c   0x0000006c   Code   RO           21    .text.NVIC_EncodePriority  main.o
    0x08002ea8   0x08002ea8   0x0000006c   Code   RO          123    .text.NVIC_EncodePriority  gpio.o
    0x08002f14   0x08002f14   0x0000006c   Code   RO          142    .text.NVIC_EncodePriority  adc.o
    0x08002f80   0x08002f80   0x0000006c   Code   RO          184    .text.NVIC_EncodePriority  dma.o
    0x08002fec   0x08002fec   0x0000006c   Code   RO          219    .text.NVIC_EncodePriority  spi.o
    0x08003058   0x08003058   0x0000006c   Code   RO          241    .text.NVIC_EncodePriority  tim.o
    0x080030c4   0x080030c4   0x0000006c   Code   RO          289    .text.NVIC_EncodePriority  usart.o
    0x08003130   0x08003130   0x00000002   Code   RO          324    .text.PendSV_Handler  stm32f1xx_it.o
    0x08003132   0x08003132   0x00000002   PAD
    0x08003134   0x08003134   0x00000026   Code   RO          502    .text.RCC_GetHCLKClockFreq  stm32f1xx_ll_rcc.o
    0x0800315a   0x0800315a   0x00000002   PAD
    0x0800315c   0x0800315c   0x00000024   Code   RO          504    .text.RCC_GetPCLK1ClockFreq  stm32f1xx_ll_rcc.o
    0x08003180   0x08003180   0x00000024   Code   RO          506    .text.RCC_GetPCLK2ClockFreq  stm32f1xx_ll_rcc.o
    0x080031a4   0x080031a4   0x00000056   Code   RO          500    .text.RCC_GetSystemClockFreq  stm32f1xx_ll_rcc.o
    0x080031fa   0x080031fa   0x00000002   PAD
    0x080031fc   0x080031fc   0x00000068   Code   RO          512    .text.RCC_PLL_GetFreqDomain_SYS  stm32f1xx_ll_rcc.o
    0x08003264   0x08003264   0x00000002   Code   RO          352    .text.SPI1_IRQHandler  stm32f1xx_it.o
    0x08003266   0x08003266   0x00000002   PAD
    0x08003268   0x08003268   0x00000020   Code   RO          820    .text.SSD1322_API_command  ssd1322_api.o
    0x08003288   0x08003288   0x00000020   Code   RO          822    .text.SSD1322_API_data  ssd1322_api.o
    0x080032a8   0x080032a8   0x00000126   Code   RO          824    .text.SSD1322_API_init  ssd1322_api.o
    0x080033ce   0x080033ce   0x00000002   PAD
    0x080033d0   0x080033d0   0x00000026   Code   RO          842    .text.SSD1322_API_send_buffer  ssd1322_api.o
    0x080033f6   0x080033f6   0x00000002   PAD
    0x080033f8   0x080033f8   0x0000004c   Code   RO          840    .text.SSD1322_API_set_window  ssd1322_api.o
    0x08003444   0x08003444   0x00000030   Code   RO          952    .text.SSD1322_HW_SPI_send_array  ssd1322_hw_driver.o
    0x08003474   0x08003474   0x00000030   Code   RO          946    .text.SSD1322_HW_SPI_send_byte  ssd1322_hw_driver.o
    0x080034a4   0x080034a4   0x00000014   Code   RO          936    .text.SSD1322_HW_drive_CS_high  ssd1322_hw_driver.o
    0x080034b8   0x080034b8   0x00000014   Code   RO          934    .text.SSD1322_HW_drive_CS_low  ssd1322_hw_driver.o
    0x080034cc   0x080034cc   0x00000014   Code   RO          940    .text.SSD1322_HW_drive_DC_high  ssd1322_hw_driver.o
    0x080034e0   0x080034e0   0x00000014   Code   RO          938    .text.SSD1322_HW_drive_DC_low  ssd1322_hw_driver.o
    0x080034f4   0x080034f4   0x000000f0   Code   RO          926    .text.SSD1322_HW_drive_Init  ssd1322_hw_driver.o
    0x080035e4   0x080035e4   0x00000014   Code   RO          944    .text.SSD1322_HW_drive_RESET_high  ssd1322_hw_driver.o
    0x080035f8   0x080035f8   0x00000014   Code   RO          942    .text.SSD1322_HW_drive_RESET_low  ssd1322_hw_driver.o
    0x0800360c   0x0800360c   0x00000010   Code   RO          954    .text.SSD1322_HW_msDelay  ssd1322_hw_driver.o
    0x0800361c   0x0800361c   0x00000002   Code   RO          320    .text.SVC_Handler   stm32f1xx_it.o
    0x0800361e   0x0800361e   0x00000002   PAD
    0x08003620   0x08003620   0x000000fc   Code   RO          326    .text.SysTick_Handler  stm32f1xx_it.o
    0x0800371c   0x0800371c   0x00000092   Code   RO           27    .text.SystemClock_Config  main.o
    0x080037ae   0x080037ae   0x00000002   PAD
    0x080037b0   0x080037b0   0x00000002   Code   RO          806    .text.SystemInit    system_stm32f1xx.o
    0x080037b2   0x080037b2   0x00000002   PAD
    0x080037b4   0x080037b4   0x00000002   Code   RO          348    .text.TIM2_IRQHandler  stm32f1xx_it.o
    0x080037b6   0x080037b6   0x00000002   PAD
    0x080037b8   0x080037b8   0x00000002   Code   RO          350    .text.TIM3_IRQHandler  stm32f1xx_it.o
    0x080037ba   0x080037ba   0x00000002   PAD
    0x080037bc   0x080037bc   0x00000026   Code   RO          364    .text.TIM6_IRQHandler  stm32f1xx_it.o
    0x080037e2   0x080037e2   0x00000002   PAD
    0x080037e4   0x080037e4   0x00000026   Code   RO          368    .text.TIM7_IRQHandler  stm32f1xx_it.o
    0x0800380a   0x0800380a   0x00000002   PAD
    0x0800380c   0x0800380c   0x00000010   Code   RO          358    .text.TIM8_UP_IRQHandler  stm32f1xx_it.o
    0x0800381c   0x0800381c   0x00000002   Code   RO          354    .text.USART1_IRQHandler  stm32f1xx_it.o
    0x0800381e   0x0800381e   0x00000002   PAD
    0x08003820   0x08003820   0x00000002   Code   RO          356    .text.USART3_IRQHandler  stm32f1xx_it.o
    0x08003822   0x08003822   0x00000002   PAD
    0x08003824   0x08003824   0x00000004   Code   RO          318    .text.UsageFault_Handler  stm32f1xx_it.o
    0x08003828   0x08003828   0x00000030   Code   RO          127    .text.__NVIC_EnableIRQ  gpio.o
    0x08003858   0x08003858   0x00000030   Code   RO          146    .text.__NVIC_EnableIRQ  adc.o
    0x08003888   0x08003888   0x00000030   Code   RO          188    .text.__NVIC_EnableIRQ  dma.o
    0x080038b8   0x080038b8   0x00000030   Code   RO          223    .text.__NVIC_EnableIRQ  spi.o
    0x080038e8   0x080038e8   0x00000030   Code   RO          245    .text.__NVIC_EnableIRQ  tim.o
    0x08003918   0x08003918   0x00000030   Code   RO          293    .text.__NVIC_EnableIRQ  usart.o
    0x08003948   0x08003948   0x00000010   Code   RO           23    .text.__NVIC_GetPriorityGrouping  main.o
    0x08003958   0x08003958   0x00000010   Code   RO          125    .text.__NVIC_GetPriorityGrouping  gpio.o
    0x08003968   0x08003968   0x00000010   Code   RO          144    .text.__NVIC_GetPriorityGrouping  adc.o
    0x08003978   0x08003978   0x00000010   Code   RO          186    .text.__NVIC_GetPriorityGrouping  dma.o
    0x08003988   0x08003988   0x00000010   Code   RO          221    .text.__NVIC_GetPriorityGrouping  spi.o
    0x08003998   0x08003998   0x00000010   Code   RO          243    .text.__NVIC_GetPriorityGrouping  tim.o
    0x080039a8   0x080039a8   0x00000010   Code   RO          291    .text.__NVIC_GetPriorityGrouping  usart.o
    0x080039b8   0x080039b8   0x00000042   Code   RO           19    .text.__NVIC_SetPriority  main.o
    0x080039fa   0x080039fa   0x00000002   PAD
    0x080039fc   0x080039fc   0x00000042   Code   RO          121    .text.__NVIC_SetPriority  gpio.o
    0x08003a3e   0x08003a3e   0x00000002   PAD
    0x08003a40   0x08003a40   0x00000042   Code   RO          140    .text.__NVIC_SetPriority  adc.o
    0x08003a82   0x08003a82   0x00000002   PAD
    0x08003a84   0x08003a84   0x00000042   Code   RO          182    .text.__NVIC_SetPriority  dma.o
    0x08003ac6   0x08003ac6   0x00000002   PAD
    0x08003ac8   0x08003ac8   0x00000042   Code   RO          217    .text.__NVIC_SetPriority  spi.o
    0x08003b0a   0x08003b0a   0x00000002   PAD
    0x08003b0c   0x08003b0c   0x00000042   Code   RO          239    .text.__NVIC_SetPriority  tim.o
    0x08003b4e   0x08003b4e   0x00000002   PAD
    0x08003b50   0x08003b50   0x00000042   Code   RO          287    .text.__NVIC_SetPriority  usart.o
    0x08003b92   0x08003b92   0x00000002   PAD
    0x08003b94   0x08003b94   0x0000003c   Code   RO           17    .text.__NVIC_SetPriorityGrouping  main.o
    0x08003bd0   0x08003bd0   0x000000ac   Code   RO          871    .text.draw_bitmap_8bpp  ssd1322_gfx.o
    0x08003c7c   0x08003c7c   0x00000146   Code   RO          877    .text.draw_char     ssd1322_gfx.o
    0x08003dc2   0x08003dc2   0x00000002   PAD
    0x08003dc4   0x08003dc4   0x000000c6   Code   RO          855    .text.draw_pixel    ssd1322_gfx.o
    0x08003e8a   0x08003e8a   0x00000002   PAD
    0x08003e8c   0x08003e8c   0x00000086   Code   RO          867    .text.draw_rect_filled  ssd1322_gfx.o
    0x08003f12   0x08003f12   0x00000002   PAD
    0x08003f14   0x08003f14   0x00000070   Code   RO          879    .text.draw_text     ssd1322_gfx.o
    0x08003f84   0x08003f84   0x0000010c   Code   RO         1043    .text.intToStr      drillwidgets.o
    0x08004090   0x08004090   0x0000093e   Code   RO           11    .text.main          main.o
    0x080049ce   0x080049ce   0x00000002   PAD
    0x080049d0   0x080049d0   0x00000014   Code   RO          875    .text.select_font   ssd1322_gfx.o
    0x080049e4   0x080049e4   0x00000036   Code   RO          881    .text.send_buffer_to_OLED  ssd1322_gfx.o
    0x08004a1a   0x08004a1a   0x00000002   PAD
    0x08004a1c   0x08004a1c   0x00000040   Code   RO         1047    .text.strlenUTF8    drillwidgets.o
    0x08004a5c   0x08004a5c   0x00000062   Code   RO         1084    x$fpl$d2f           fz_ws.l(d2f.o)
    0x08004abe   0x08004abe   0x00000002   PAD
    0x08004ac0   0x08004ac0   0x00000150   Code   RO         1086    x$fpl$dadd          fz_ws.l(daddsub_clz.o)
    0x08004c10   0x08004c10   0x0000009c   Code   RO         1143    x$fpl$dnaninf       fz_ws.l(dnaninf.o)
    0x08004cac   0x08004cac   0x0000000c   Code   RO         1145    x$fpl$dretinf       fz_ws.l(dretinf.o)
    0x08004cb8   0x08004cb8   0x000001dc   Code   RO         1088    x$fpl$dsub          fz_ws.l(daddsub_clz.o)
    0x08004e94   0x08004e94   0x00000056   Code   RO         1104    x$fpl$f2d           fz_ws.l(f2d.o)
    0x08004eea   0x08004eea   0x00000002   PAD
    0x08004eec   0x08004eec   0x000000c4   Code   RO         1106    x$fpl$fadd          fz_ws.l(faddsub_clz.o)
    0x08004fb0   0x08004fb0   0x00000054   Code   RO         1112    x$fpl$fcmp          fz_ws.l(fcmp.o)
    0x08005004   0x08005004   0x00000018   Code   RO         1179    x$fpl$fcmpinf       fz_ws.l(fcmpi.o)
    0x0800501c   0x0800501c   0x00000068   Code   RO         1151    x$fpl$feqf          fz_ws.l(feqf.o)
    0x08005084   0x08005084   0x00000036   Code   RO         1118    x$fpl$ffix          fz_ws.l(ffix.o)
    0x080050ba   0x080050ba   0x00000002   PAD
    0x080050bc   0x080050bc   0x0000003e   Code   RO         1122    x$fpl$ffixu         fz_ws.l(ffixu.o)
    0x080050fa   0x080050fa   0x00000002   PAD
    0x080050fc   0x080050fc   0x00000030   Code   RO         1127    x$fpl$fflt          fz_ws.l(fflt_clz.o)
    0x0800512c   0x0800512c   0x00000026   Code   RO         1126    x$fpl$ffltu         fz_ws.l(fflt_clz.o)
    0x08005152   0x08005152   0x00000002   PAD
    0x08005154   0x08005154   0x00000068   Code   RO         1153    x$fpl$fgeqf         fz_ws.l(fgeqf.o)
    0x080051bc   0x080051bc   0x00000068   Code   RO         1155    x$fpl$fleqf         fz_ws.l(fleqf.o)
    0x08005224   0x08005224   0x00000102   Code   RO         1132    x$fpl$fmul          fz_ws.l(fmul.o)
    0x08005326   0x08005326   0x0000008c   Code   RO         1157    x$fpl$fnaninf       fz_ws.l(fnaninf.o)
    0x080053b2   0x080053b2   0x0000000a   Code   RO         1159    x$fpl$fretinf       fz_ws.l(fretinf.o)
    0x080053bc   0x080053bc   0x000000ea   Code   RO         1108    x$fpl$fsub          fz_ws.l(faddsub_clz.o)
    0x080054a6   0x080054a6   0x00000000   Code   RO         1161    x$fpl$usenofp       fz_ws.l(usenofp.o)
    0x080054a6   0x080054a6   0x0000077a   Data   RO         1063    .rodata.ABS         bitmaps.o
    0x08005c20   0x08005c20   0x00000010   Data   RO          811    .rodata.AHBPrescTable  system_stm32f1xx.o
    0x08005c30   0x08005c30   0x00000008   Data   RO          812    .rodata.APBPrescTable  system_stm32f1xx.o
    0x08005c38   0x08005c38   0x00000007   Data   RO          225    .rodata.CHANNEL_OFFSET_TAB  spi.o
    0x08005c3f   0x08005c3f   0x00000001   PAD
    0x08005c40   0x08005c40   0x0000077a   Data   RO         1067    .rodata.CNT         bitmaps.o
    0x080063ba   0x080063ba   0x00000002   PAD
    0x080063bc   0x080063bc   0x00000010   Data   RO          900    .rodata.CourierCyr6pt8b  ssd1322_gfx.o
    0x080063cc   0x080063cc   0x00000339   Data   RO          898    .rodata.CourierCyr6pt8bBitmaps  ssd1322_gfx.o
    0x08006705   0x08006705   0x00000001   PAD
    0x08006706   0x08006706   0x00000510   Data   RO          899    .rodata.CourierCyr6pt8bGlyphs  ssd1322_gfx.o
    0x08006c16   0x08006c16   0x00000414   Data   RO         1062    .rodata.DRILL       bitmaps.o
    0x0800702a   0x0800702a   0x00000002   PAD
    0x0800702c   0x0800702c   0x00000010   Data   RO          885    .rodata.FreeMonoBold9pt7b  ssd1322_gfx.o
    0x0800703c   0x0800703c   0x000003e8   Data   RO          883    .rodata.FreeMonoBold9pt7bBitmaps  ssd1322_gfx.o
    0x08007424   0x08007424   0x000002f8   Data   RO          884    .rodata.FreeMonoBold9pt7bGlyphs  ssd1322_gfx.o
    0x0800771c   0x0800771c   0x00000010   Data   RO          888    .rodata.FreeSansBold9pt7b  ssd1322_gfx.o
    0x0800772c   0x0800772c   0x000004ce   Data   RO          886    .rodata.FreeSansBold9pt7bBitmaps  ssd1322_gfx.o
    0x08007bfa   0x08007bfa   0x000002f8   Data   RO          887    .rodata.FreeSansBold9pt7bGlyphs  ssd1322_gfx.o
    0x08007ef2   0x08007ef2   0x0000077a   Data   RO         1064    .rodata.INC         bitmaps.o
    0x0800866c   0x0800866c   0x0000077a   Data   RO         1065    .rodata.INC_EDIT    bitmaps.o
    0x08008de6   0x08008de6   0x0000077a   Data   RO         1066    .rodata.INC_WAIT    bitmaps.o
    0x08009560   0x08009560   0x00000007   Data   RO          273    .rodata.OFFSET_TAB_CCMRx  tim.o
    0x08009567   0x08009567   0x00000007   Data   RO          275    .rodata.SHIFT_TAB_CCxP  tim.o
    0x0800956e   0x0800956e   0x00000007   Data   RO          274    .rodata.SHIFT_TAB_ICxx  tim.o
    0x08009575   0x08009575   0x00000001   PAD
    0x08009576   0x08009576   0x000007ee   Data   RO         1068    .rodata.TAP         bitmaps.o
    0x08009d64   0x08009d64   0x00000019   Data   RO         1054    .rodata.str1.1      drillwidgets.o
    0x08009d7d   0x08009d7d   0x00000003   PAD
    0x08009d80   0x08009d80   0x00000020   Data   RO         1327    Region$$Table       anon$$obj.o


    Execution Region RW_IRAM1 (Exec base: 0x20000000, Load base: 0x08009da0, Size: 0x000027b0, Max: 0x0000c000, ABSOLUTE)

    Exec Addr    Load Addr    Size         Type   Attr      Idx    E Section Name        Object

    0x20000000   0x08009da0   0x00000004   Data   RW          810    .data.SystemCoreClock  system_stm32f1xx.o
    0x20000004   0x08009da4   0x00000002   Data   RW          917    .data._buffer_height  ssd1322_gfx.o
    0x20000006   0x08009da6   0x00000002   Data   RW          918    .data._buffer_width  ssd1322_gfx.o
    0x20000008   0x08009da8   0x00000014   Data   RW          982    .data.buttons       eventcontroller.o
    0x2000001c   0x08009dbc   0x00000001   Data   RW           74    .data.drill         main.o
    0x2000001d   0x08009dbd   0x00000001   Data   RW           87    .data.modeCnt       main.o
    0x2000001e   0x08009dbe   0x00000001   Data   RW           91    .data.rpmChange     main.o
    0x2000001f   0x08009dbf   0x00000001   PAD
    0x20000020        -       0x00000060   Zero   RW         1192    .bss                c_w.l(libspace.o)
    0x20000080        -       0x00000001   Zero   RW           92    .bss.absChange      main.o
    0x20000081        -       0x00000001   Zero   RW           95    .bss.absEdit        main.o
    0x20000082   0x08009dbf   0x00000002   PAD
    0x20000084        -       0x00000004   Zero   RW          100    .bss.buf            main.o
    0x20000088        -       0x00000004   Zero   RW           77    .bss.cntDelta       main.o
    0x2000008c        -       0x00000004   Zero   RW           84    .bss.cntLine        main.o
    0x20000090        -       0x00000002   Zero   RW           75    .bss.cntPrevious    main.o
    0x20000092        -       0x00000002   Zero   RW           76    .bss.cntSecond      main.o
    0x20000094        -       0x00000004   Zero   RW           80    .bss.drillInc       main.o
    0x20000098        -       0x00000004   Zero   RW           78    .bss.drillSpeed     main.o
    0x2000009c        -       0x00000010   Zero   RW          981    .bss.encKey         eventcontroller.o
    0x200000ac        -       0x00000004   Zero   RW         1029    .bss.forwardRK      motor.o
    0x200000b0        -       0x00000004   Zero   RW          916    .bss.gfx_font       ssd1322_gfx.o
    0x200000b4        -       0x00000001   Zero   RW           93    .bss.incChange      main.o
    0x200000b5        -       0x00000001   Zero   RW           96    .bss.incEdit        main.o
    0x200000b6        -       0x00000001   Zero   RW           89    .bss.isMotorStart   main.o
    0x200000b7        -       0x00000001   Zero   RW           88    .bss.isOrigin       main.o
    0x200000b8        -       0x00000010   Zero   RW          977    .bss.key1           eventcontroller.o
    0x200000c8        -       0x0000000c   Zero   RW          983    .bss.key1Led        eventcontroller.o
    0x200000d4        -       0x00000010   Zero   RW          978    .bss.key2           eventcontroller.o
    0x200000e4        -       0x0000000c   Zero   RW          986    .bss.key2Led1       eventcontroller.o
    0x200000f0        -       0x0000000c   Zero   RW          987    .bss.key2Led2       eventcontroller.o
    0x200000fc        -       0x00000010   Zero   RW          979    .bss.key3           eventcontroller.o
    0x2000010c        -       0x0000000c   Zero   RW          985    .bss.key3Led        eventcontroller.o
    0x20000118        -       0x00000010   Zero   RW          980    .bss.key4           eventcontroller.o
    0x20000128        -       0x0000000c   Zero   RW          984    .bss.key4Led        eventcontroller.o
    0x20000134        -       0x00000001   Zero   RW           97    .bss.motMode        main.o
    0x20000135   0x08009dbf   0x00000003   PAD
    0x20000138        -       0x0000000c   Zero   RW         1031    .bss.motor          motor.o
    0x20000144        -       0x0000000b   Zero   RW         1053    .bss.numBuf         drillwidgets.o
    0x2000014f   0x08009dbf   0x00000001   PAD
    0x20000150        -       0x00000002   Zero   RW         1032    .bss.oldEncVal      motor.o
    0x20000152   0x08009dbf   0x00000002   PAD
    0x20000154        -       0x00000004   Zero   RW           99    .bss.realPoz        main.o
    0x20000158        -       0x00000004   Zero   RW         1030    .bss.reverseRK      motor.o
    0x2000015c        -       0x00000008   Zero   RW         1025    .bss.rk1hg          motor.o
    0x20000164        -       0x00000008   Zero   RW         1021    .bss.rk1low         motor.o
    0x2000016c        -       0x00000008   Zero   RW         1026    .bss.rk2hg          motor.o
    0x20000174        -       0x00000008   Zero   RW         1022    .bss.rk2low         motor.o
    0x2000017c        -       0x00000008   Zero   RW         1027    .bss.rk3hg          motor.o
    0x20000184        -       0x00000008   Zero   RW         1023    .bss.rk3low         motor.o
    0x2000018c        -       0x00000008   Zero   RW         1028    .bss.rk4hg          motor.o
    0x20000194        -       0x00000008   Zero   RW         1024    .bss.rk4low         motor.o
    0x2000019c        -       0x00000001   Zero   RW           94    .bss.rpmEdit        main.o
    0x2000019d   0x08009dbf   0x00000003   PAD
    0x200001a0        -       0x00000004   Zero   RW           81    .bss.tapInc         main.o
    0x200001a4        -       0x00000004   Zero   RW           79    .bss.tapSpeed       main.o
    0x200001a8        -       0x00000004   Zero   RW          370    .bss.tick           stm32f1xx_it.o
    0x200001ac        -       0x00002000   Zero   RW           98    .bss.tx_buf         main.o
    0x200021ac   0x08009dbf   0x00000004   PAD
    0x200021b0        -       0x00000200   Zero   RW            2    HEAP                startup_stm32f103xe.o
    0x200023b0        -       0x00000400   Zero   RW            1    STACK               startup_stm32f103xe.o


==============================================================================

Image component sizes


      Code (inc. data)   RO Data    RW Data    ZI Data      Debug   Object Name

       926          0          0          0          0       6617   adc.o
         0          0      12644          0          0        649   bitmaps.o
       208          0          0          0          0       2305   dac.o
       314          0          0          0          0       4455   dma.o
      1562          0         25          0         11       3157   drillwidgets.o
       538          0          0         20        140       3076   eventcontroller.o
      1130          0          0          0          0       6037   gpio.o
      3272          0          0          3       8236      10502   main.o
       846          0          0          0         86       4132   motor.o
       900          0          7          0          0       7044   spi.o
       472          0          0          0          0       2566   ssd1322_api.o
      1016          0       5919          4          4       9778   ssd1322_gfx.o
       568          0          0          0          0       3365   ssd1322_hw_driver.o
        64         26        304          0       1536        808   startup_stm32f103xe.o
       618          0          0          0          4       4612   stm32f1xx_it.o
       414          0          0          0          0       4955   stm32f1xx_ll_adc.o
       176          0          0          0          0       2513   stm32f1xx_ll_dac.o
       446          0          0          0          0       2830   stm32f1xx_ll_exti.o
       392          0          0          0          0       3223   stm32f1xx_ll_gpio.o
       466          0          0          0          0       4549   stm32f1xx_ll_rcc.o
       188          0          0          0          0       4470   stm32f1xx_ll_spi.o
       374          0          0          0          0       8867   stm32f1xx_ll_tim.o
       394          0          0          0          0       4272   stm32f1xx_ll_usart.o
       168          0          0          0          0       6126   stm32f1xx_ll_utils.o
         2          0         24          4          0       1575   system_stm32f1xx.o
      1978          0         21          0          0       8050   tim.o
       726          0          0          0          0       5874   usart.o

    ----------------------------------------------------------------------
     18376         26      18986         32      10032     126407   Object Totals
         0          0         32          0          0          0   (incl. Generated)
       218          0         10          1         15          0   (incl. Padding)

    ----------------------------------------------------------------------

      Code (inc. data)   RO Data    RW Data    ZI Data      Debug   Library Member Name

         8          0          0          0          0         68   __main.o
         0          0          0          0          0          0   __rtentry.o
        12          0          0          0          0          0   __rtentry2.o
         6          0          0          0          0          0   __rtentry4.o
        52          8          0          0          0          0   __scatter.o
        26          0          0          0          0          0   __scatter_copy.o
        28          0          0          0          0          0   __scatter_zi.o
        18          0          0          0          0         80   exit.o
         6          0          0          0          0        152   heapauxi.o
         0          0          0          0          0          0   indicate_semi.o
         2          0          0          0          0          0   libinit.o
         2          0          0          0          0          0   libinit2.o
         2          0          0          0          0          0   libshutdown.o
         2          0          0          0          0          0   libshutdown2.o
         8          4          0          0         96         68   libspace.o
        78          0          0          0          0         80   rt_memclr_w.o
         2          0          0          0          0          0   rtexit.o
        10          0          0          0          0          0   rtexit2.o
        12          4          0          0          0         68   sys_exit.o
        74          0          0          0          0         80   sys_stackheap_outer.o
         2          0          0          0          0         68   use_no_semi.o
        98          4          0          0          0         92   d2f.o
       812         16          0          0          0        296   daddsub_clz.o
       156          4          0          0          0         92   dnaninf.o
        12          0          0          0          0         68   dretinf.o
        86          4          0          0          0         84   f2d.o
       430          8          0          0          0        168   faddsub_clz.o
        84          0          0          0          0        196   fcmp.o
        24          0          0          0          0         68   fcmpi.o
       104          4          0          0          0         84   feqf.o
        54          4          0          0          0         84   ffix.o
        62          4          0          0          0         84   ffixu.o
        86          0          0          0          0        136   fflt_clz.o
       104          4          0          0          0         84   fgeqf.o
       104          4          0          0          0         84   fleqf.o
       258          4          0          0          0         84   fmul.o
       140          4          0          0          0         84   fnaninf.o
        10          0          0          0          0         68   fretinf.o
         0          0          0          0          0          0   usenofp.o

    ----------------------------------------------------------------------
      2990         80          0          0         96       2520   Library Totals
        16          0          0          0          0          0   (incl. Padding)

    ----------------------------------------------------------------------

      Code (inc. data)   RO Data    RW Data    ZI Data      Debug   Library Name

       350         16          0          0         96        664   c_w.l
      2624         64          0          0          0       1856   fz_ws.l

    ----------------------------------------------------------------------
      2990         80          0          0         96       2520   Library Totals

    ----------------------------------------------------------------------

==============================================================================


      Code (inc. data)   RO Data    RW Data    ZI Data      Debug   

     21366        106      18986         32      10128     127247   Grand Totals
     21366        106      18986         32      10128     127247   ELF Image Totals
     21366        106      18986         32          0          0   ROM Totals

==============================================================================

    Total RO  Size (Code + RO Data)                40352 (  39.41kB)
    Total RW  Size (RW Data + ZI Data)             10160 (   9.92kB)
    Total ROM Size (Code + RO Data + RW Data)      40384 (  39.44kB)

==============================================================================

